2026-01-20 15:57:48,721 - INFO - 🔄 Starting continuous TLSContact automation...
2026-01-20 15:57:48,721 - INFO - 📝 Logs are being saved to: tls_automation_20260120_155748.log
2026-01-20 15:57:48,721 - INFO - 
============================================================
2026-01-20 15:57:48,721 - INFO - 🔄 ATTEMPT #1 - Starting at 2026-01-20 15:57:48
2026-01-20 15:57:48,721 - INFO - ============================================================
2026-01-20 15:57:48,721 - INFO - 🚀 Starting TLSContact Automation...
2026-01-20 15:57:48,738 - INFO - Initializing Chrome driver...
2026-01-20 15:57:49,844 - INFO - patching driver executable /Users/alex/Library/Application Support/undetected_chromedriver/undetected_chromedriver
2026-01-20 15:57:52,887 - ERROR - ❌ Failed to create Chrome driver: Message: invalid argument: cannot parse capability: goog:chromeOptions
from invalid argument: unrecognized chrome option: excludeSwitches
Stacktrace:
0   undetected_chromedriver             0x000000010328e068 undetected_chromedriver + 6631528
1   undetected_chromedriver             0x0000000103284d1a undetected_chromedriver + 6593818
2   undetected_chromedriver             0x0000000102ca5ccb undetected_chromedriver + 437451
3   undetected_chromedriver             0x0000000102cd2ec1 undetected_chromedriver + 622273
4   undetected_chromedriver             0x0000000102ccf4c1 undetected_chromedriver + 607425
5   undetected_chromedriver             0x0000000102d2a08d undetected_chromedriver + 979085
6   undetected_chromedriver             0x0000000102d29a0f undetected_chromedriver + 977423
7   undetected_chromedriver             0x0000000102d2b568 undetected_chromedriver + 984424
8   undetected_chromedriver             0x0000000102d2b31c undetected_chromedriver + 983836
9   undetected_chromedriver             0x0000000102ce9fb7 undetected_chromedriver + 716727
10  undetected_chromedriver             0x0000000102ceac81 undetected_chromedriver + 720001
11  undetected_chromedriver             0x000000010324b011 undetected_chromedriver + 6357009
12  undetected_chromedriver             0x000000010324f460 undetected_chromedriver + 6374496
13  undetected_chromedriver             0x0000000103226023 undetected_chromedriver + 6205475
14  undetected_chromedriver             0x000000010324fed5 undetected_chromedriver + 6377173
15  undetected_chromedriver             0x0000000103214f01 undetected_chromedriver + 6135553
16  undetected_chromedriver             0x0000000103271a98 undetected_chromedriver + 6515352
17  undetected_chromedriver             0x0000000103271c53 undetected_chromedriver + 6515795
18  undetected_chromedriver             0x000000010328491c undetected_chromedriver + 6592796
19  libsystem_pthread.dylib             0x00007ff80e066e4d _pthread_start + 115
20  libsystem_pthread.dylib             0x00007ff80e062857 thread_start + 15

2026-01-20 15:57:52,888 - ERROR - ❌ Could not initialize browser
2026-01-20 15:57:52,888 - ERROR - ❌ Attempt #1 failed!
2026-01-20 15:57:52,888 - INFO - 📊 Stats: 0 successes, 1 failures out of 1 total attempts
2026-01-20 15:57:52,888 - INFO - ⏳ Quick retry: waiting 62 seconds before next attempt...
2026-01-20 15:58:17,325 - INFO - 
🛑 Automation stopped by user
2026-01-20 15:58:17,326 - INFO - 📊 Final Stats: 0 successes, 1 failures out of 1 total attempts
2026-01-20 15:58:17,326 - INFO - ensuring close
