2026-01-20 11:07:32,020 - INFO - 🔄 Starting continuous TLSContact automation...
2026-01-20 11:07:32,020 - INFO - 📝 Logs are being saved to: tls_automation_20260120_110732.log
2026-01-20 11:07:32,020 - INFO - 
============================================================
2026-01-20 11:07:32,020 - INFO - 🔄 ATTEMPT #1 - Starting at 2026-01-20 11:07:32
2026-01-20 11:07:32,020 - INFO - ============================================================
2026-01-20 11:07:32,020 - INFO - 🚀 Starting TLSContact Automation...
2026-01-20 11:07:32,038 - INFO - Initializing Chrome driver...
2026-01-20 11:07:36,206 - INFO - patching driver executable /Users/alex/Library/Application Support/undetected_chromedriver/undetected_chromedriver
2026-01-20 11:07:39,771 - INFO - ✅ Chrome driver initialized successfully!
2026-01-20 11:07:41,778 - INFO - 🌐 Navigating to: https://visas-fr.tlscontact.com/en-us/country/am/vac/amEVN2fr
2026-01-20 11:07:42,549 - INFO - ✅ Page navigation successful
2026-01-20 11:07:42,549 - INFO - ⏳ Waiting for Cloudflare (30 seconds)...
2026-01-20 11:08:15,154 - INFO - 📄 Current URL: https://visas-fr.tlscontact.com/en-us/country/am/vac/amEVN2fr
2026-01-20 11:08:15,154 - INFO - 📄 Page title: Welcome to TLScontact Yerevan | TLScontact Yerevan
2026-01-20 11:08:15,154 - INFO - 🎉 Continuing with automation steps...
2026-01-20 11:08:19,709 - INFO - Starting automatic step execution...
2026-01-20 11:08:19,710 - INFO - Starting TLSContact automation sequence...
2026-01-20 11:08:19,710 - INFO - Step 1: Clicking 'Book an appointment' button...
2026-01-20 11:08:28,088 - INFO - Successfully clicked 'Book an appointment'
2026-01-20 11:08:32,601 - INFO - Step 2: Clicking 'Yes' for France-Visas question...
2026-01-20 11:08:39,988 - INFO - Successfully clicked 'Yes' for France-Visas question
2026-01-20 11:08:44,847 - INFO - Step 3: Clicking 'Yes' for TLScontact registration question...
2026-01-20 11:08:51,487 - INFO - Successfully clicked second 'Yes' button
2026-01-20 11:08:56,689 - INFO - Step 4: Clicking 'LOG IN' button...
2026-01-20 11:09:05,895 - INFO - Successfully clicked 'LOG IN' button
2026-01-20 11:09:12,321 - INFO - Step 5: Entering email address...
2026-01-20 11:09:25,639 - INFO - Successfully entered email: Info@i-travel.net
2026-01-20 11:09:25,639 - INFO - Step 6: Entering password...
2026-01-20 11:09:32,660 - INFO - Successfully entered password
2026-01-20 11:09:34,664 - INFO - 🛡️ Checking for CAPTCHA iframe...
2026-01-20 11:09:34,692 - INFO - ➡️ Focus switched to CAPTCHA iframe.
2026-01-20 11:09:36,408 - INFO - ✅ Clicked checkbox: recaptcha-anchor
2026-01-20 11:09:39,417 - INFO - Step 7: Clicking Login submit button...
2026-01-20 11:09:46,371 - INFO - Successfully clicked Login submit button
2026-01-20 11:10:00,097 - INFO - Returned to app domain. URL: https://visas-fr.tlscontact.com/en-us/travel-groups
2026-01-20 11:10:00,103 - INFO - Post-login page marker detected (list/workflow link).
2026-01-20 11:10:04,974 - INFO - Step 8: Clicking Select button (dynamic formGroupId)...
2026-01-20 11:10:15,747 - INFO - ✅ Clicked Select. formGroupId value=24313450
2026-01-20 11:10:17,905 - INFO - Step 9: Waiting for service level page to load...
2026-01-20 11:10:17,909 - INFO - Successfully reached page containing: workflow/service-level
2026-01-20 11:10:22,981 - INFO - Successfully reached service level page (matched: workflow/service-level)
2026-01-20 11:10:22,982 - INFO - Step 10: Clicking Continue button...
2026-01-20 11:10:32,427 - INFO - Successfully clicked Continue button
2026-01-20 11:10:37,299 - INFO - === Checking CURRENT month ===
2026-01-20 11:10:37,299 - INFO - Step 11: Checking appointment availability...
2026-01-20 11:10:47,820 - INFO - Deleted existing screenshot: appointment_availability_check.png
2026-01-20 11:10:48,201 - INFO - Screenshot saved: appointment_availability_check.png
2026-01-20 11:10:48,210 - INFO - No appointment slots available message detected
2026-01-20 11:10:49,702 - INFO - === Checking NEXT month ===
2026-01-20 11:10:49,702 - INFO - Step 12: Looking for next month button...
2026-01-20 11:10:55,524 - INFO - Found next month button: February 2026
2026-01-20 11:10:56,588 - INFO - ✅ Automatically clicked: February 2026
2026-01-20 11:11:08,183 - INFO - Step 11: Checking appointment availability...
2026-01-20 11:11:19,806 - INFO - Deleted existing screenshot: appointment_availability_check.png
2026-01-20 11:11:20,192 - INFO - Screenshot saved: appointment_availability_check.png
2026-01-20 11:11:20,200 - INFO - No appointment slots available message detected
2026-01-20 11:11:26,873 - INFO - 🎉 All automation steps completed successfully!
2026-01-20 11:11:26,873 - INFO - 🎉 All automation steps completed successfully!
2026-01-20 11:11:27,146 - INFO - 🔚 Browser closed.
2026-01-20 11:11:27,146 - INFO - ✅ Attempt #1 completed successfully!
2026-01-20 11:11:27,146 - INFO - 📊 Stats: 1 successes, 0 failures out of 1 total attempts
2026-01-20 11:11:27,146 - INFO - 🔄 Restarting immediately for next attempt...
2026-01-20 11:11:27,146 - INFO - 
============================================================
2026-01-20 11:11:27,146 - INFO - 🔄 ATTEMPT #2 - Starting at 2026-01-20 11:11:27
2026-01-20 11:11:27,146 - INFO - ============================================================
2026-01-20 11:11:27,146 - INFO - 🚀 Starting TLSContact Automation...
2026-01-20 11:11:27,146 - INFO - Initializing Chrome driver...
2026-01-20 11:11:31,296 - INFO - patching driver executable /Users/alex/Library/Application Support/undetected_chromedriver/undetected_chromedriver
2026-01-20 11:11:34,301 - INFO - ✅ Chrome driver initialized successfully!
2026-01-20 11:11:36,307 - INFO - 🌐 Navigating to: https://visas-fr.tlscontact.com/en-us/country/am/vac/amEVN2fr
2026-01-20 11:11:37,593 - INFO - ✅ Page navigation successful
2026-01-20 11:11:37,593 - INFO - ⏳ Waiting for Cloudflare (30 seconds)...
2026-01-20 11:12:10,724 - INFO - 📄 Current URL: https://visas-fr.tlscontact.com/en-us/country/am/vac/amEVN2fr
2026-01-20 11:12:10,724 - INFO - 📄 Page title: Welcome to TLScontact Yerevan | TLScontact Yerevan
2026-01-20 11:12:10,724 - INFO - 🎉 Continuing with automation steps...
2026-01-20 11:12:15,138 - INFO - Starting automatic step execution...
2026-01-20 11:12:15,138 - INFO - Starting TLSContact automation sequence...
2026-01-20 11:12:15,138 - INFO - Step 1: Clicking 'Book an appointment' button...
2026-01-20 11:12:22,938 - INFO - Successfully clicked 'Book an appointment'
2026-01-20 11:12:27,970 - INFO - Step 2: Clicking 'Yes' for France-Visas question...
2026-01-20 11:12:37,314 - INFO - Successfully clicked 'Yes' for France-Visas question
2026-01-20 11:12:41,659 - INFO - Step 3: Clicking 'Yes' for TLScontact registration question...
2026-01-20 11:12:47,502 - INFO - Successfully clicked second 'Yes' button
2026-01-20 11:12:52,085 - INFO - Step 4: Clicking 'LOG IN' button...
2026-01-20 11:13:00,703 - INFO - Successfully clicked 'LOG IN' button
2026-01-20 11:13:07,056 - INFO - Step 5: Entering email address...
2026-01-20 11:13:19,654 - INFO - Successfully entered email: Info@i-travel.net
2026-01-20 11:13:19,654 - INFO - Step 6: Entering password...
2026-01-20 11:13:26,508 - INFO - Successfully entered password
2026-01-20 11:13:28,511 - INFO - 🛡️ Checking for CAPTCHA iframe...
2026-01-20 11:13:28,534 - INFO - ➡️ Focus switched to CAPTCHA iframe.
2026-01-20 11:13:30,173 - INFO - ✅ Clicked checkbox: recaptcha-anchor
2026-01-20 11:13:33,192 - INFO - Step 7: Clicking Login submit button...
2026-01-20 11:13:37,963 - INFO - 🔚 Browser closed.
2026-01-20 11:13:37,963 - INFO - 
🛑 Automation stopped by user
2026-01-20 11:13:37,963 - INFO - 📊 Final Stats: 1 successes, 0 failures out of 2 total attempts
2026-01-20 11:13:37,964 - INFO - ensuring close
2026-01-20 11:13:37,964 - INFO - ensuring close
