2026-01-19 18:42:23,939 - INFO - 🔄 Starting continuous TLSContact automation...
2026-01-19 18:42:23,939 - INFO - 📝 Logs are being saved to: tls_automation_20260119_184223.log
2026-01-19 18:42:23,939 - INFO - 
============================================================
2026-01-19 18:42:23,939 - INFO - 🔄 ATTEMPT #1 - Starting at 2026-01-19 18:42:23
2026-01-19 18:42:23,939 - INFO - ============================================================
2026-01-19 18:42:23,939 - INFO - 🚀 Starting TLSContact Automation...
2026-01-19 18:42:23,955 - INFO - Initializing Chrome driver...
2026-01-19 18:42:25,019 - INFO - patching driver executable /Users/alex/Library/Application Support/undetected_chromedriver/undetected_chromedriver
2026-01-19 18:42:28,071 - INFO - ✅ Chrome driver initialized successfully!
2026-01-19 18:42:30,072 - INFO - 🌐 Navigating to: https://visas-fr.tlscontact.com/en-us/country/am/vac/amEVN2fr
2026-01-19 18:42:30,494 - INFO - ✅ Page navigation successful
2026-01-19 18:42:30,494 - INFO - ⏳ Waiting for Cloudflare (30 seconds)...
2026-01-19 18:43:02,256 - INFO - 📄 Current URL: https://visas-fr.tlscontact.com/en-us/country/am/vac/amEVN2fr
2026-01-19 18:43:02,257 - INFO - 📄 Page title: Welcome to TLScontact Yerevan | TLScontact Yerevan
2026-01-19 18:43:02,257 - INFO - 🎉 Continuing with automation steps...
2026-01-19 18:43:05,841 - INFO - Starting automatic step execution...
2026-01-19 18:43:05,841 - INFO - Starting TLSContact automation sequence...
2026-01-19 18:43:05,842 - INFO - Step 1: Clicking 'Book an appointment' button...
2026-01-19 18:43:13,837 - INFO - Successfully clicked 'Book an appointment'
2026-01-19 18:43:18,309 - INFO - Step 2: Clicking 'Yes' for France-Visas question...
2026-01-19 18:43:27,152 - INFO - Successfully clicked 'Yes' for France-Visas question
2026-01-19 18:43:30,655 - INFO - Step 3: Clicking 'Yes' for TLScontact registration question...
2026-01-19 18:43:37,045 - INFO - Successfully clicked second 'Yes' button
2026-01-19 18:43:40,957 - INFO - Step 4: Clicking 'LOG IN' button...
2026-01-19 18:43:49,759 - INFO - Successfully clicked 'LOG IN' button
2026-01-19 18:43:55,209 - INFO - Step 5: Entering email address...
2026-01-19 18:44:08,322 - INFO - Successfully entered email: Info@i-travel.net
2026-01-19 18:44:08,323 - INFO - Step 6: Entering password...
2026-01-19 18:44:15,581 - INFO - Successfully entered password
2026-01-19 18:44:17,582 - INFO - 🛡️ Checking for CAPTCHA iframe...
2026-01-19 18:44:17,604 - INFO - ➡️ Focus switched to CAPTCHA iframe.
2026-01-19 18:44:19,519 - INFO - ✅ Clicked checkbox: recaptcha-anchor
2026-01-19 18:44:22,527 - INFO - Step 7: Clicking Login submit button...
2026-01-19 18:44:31,629 - INFO - Successfully clicked Login submit button
2026-01-19 18:44:40,883 - INFO - 🔚 Browser closed.
2026-01-19 18:44:40,884 - INFO - 
🛑 Automation stopped by user
2026-01-19 18:44:40,884 - INFO - 📊 Final Stats: 0 successes, 0 failures out of 1 total attempts
2026-01-19 18:44:40,884 - INFO - ensuring close
