2026-01-19 18:56:17,349 - INFO - 🔄 Starting continuous TLSContact automation...
2026-01-19 18:56:17,350 - INFO - 📝 Logs are being saved to: tls_automation_20260119_185617.log
2026-01-19 18:56:17,350 - INFO - 
============================================================
2026-01-19 18:56:17,350 - INFO - 🔄 ATTEMPT #1 - Starting at 2026-01-19 18:56:17
2026-01-19 18:56:17,350 - INFO - ============================================================
2026-01-19 18:56:17,350 - INFO - 🚀 Starting TLSContact Automation...
2026-01-19 18:56:17,366 - INFO - Initializing Chrome driver...
2026-01-19 18:56:18,453 - INFO - patching driver executable /Users/alex/Library/Application Support/undetected_chromedriver/undetected_chromedriver
2026-01-19 18:56:21,434 - INFO - ✅ Chrome driver initialized successfully!
2026-01-19 18:56:23,438 - INFO - 🌐 Navigating to: https://visas-fr.tlscontact.com/en-us/country/am/vac/amEVN2fr
2026-01-19 18:56:23,963 - INFO - ✅ Page navigation successful
2026-01-19 18:56:23,963 - INFO - ⏳ Waiting for Cloudflare (30 seconds)...
2026-01-19 18:56:55,647 - INFO - 📄 Current URL: https://visas-fr.tlscontact.com/en-us/country/am/vac/amEVN2fr
2026-01-19 18:56:55,647 - INFO - 📄 Page title: Welcome to TLScontact Yerevan | TLScontact Yerevan
2026-01-19 18:56:55,647 - INFO - 🎉 Continuing with automation steps...
2026-01-19 18:57:00,202 - INFO - Starting automatic step execution...
2026-01-19 18:57:00,202 - INFO - Starting TLSContact automation sequence...
2026-01-19 18:57:00,202 - INFO - Step 1: Clicking 'Book an appointment' button...
2026-01-19 18:57:08,168 - INFO - Successfully clicked 'Book an appointment'
2026-01-19 18:57:12,153 - INFO - Step 2: Clicking 'Yes' for France-Visas question...
2026-01-19 18:57:21,540 - INFO - Successfully clicked 'Yes' for France-Visas question
2026-01-19 18:57:25,333 - INFO - Step 3: Clicking 'Yes' for TLScontact registration question...
2026-01-19 18:57:30,412 - INFO - Successfully clicked second 'Yes' button
2026-01-19 18:57:35,196 - INFO - Step 4: Clicking 'LOG IN' button...
2026-01-19 18:57:45,081 - INFO - Successfully clicked 'LOG IN' button
2026-01-19 18:57:49,628 - INFO - Step 5: Entering email address...
2026-01-19 18:58:02,915 - INFO - Successfully entered email: Info@i-travel.net
2026-01-19 18:58:02,915 - INFO - Step 6: Entering password...
2026-01-19 18:58:09,094 - INFO - Successfully entered password
2026-01-19 18:58:11,095 - INFO - 🛡️ Checking for CAPTCHA iframe...
2026-01-19 18:58:11,116 - INFO - ➡️ Focus switched to CAPTCHA iframe.
2026-01-19 18:58:12,709 - INFO - ✅ Clicked checkbox: recaptcha-anchor
2026-01-19 18:58:15,713 - INFO - Step 7: Clicking Login submit button...
2026-01-19 18:58:22,990 - INFO - Successfully clicked Login submit button
2026-01-19 18:58:26,945 - INFO - Returned to app domain. URL: https://visas-fr.tlscontact.com/en-us/travel-groups
2026-01-19 18:58:26,952 - INFO - Post-login page marker detected (list/workflow link).
2026-01-19 18:58:30,529 - INFO - Step 8: Clicking Select button (dynamic formGroupId)...
2026-01-19 18:58:41,096 - INFO - ✅ Clicked Select. formGroupId value=24313450
2026-01-19 18:58:43,582 - INFO - Step 9: Waiting for service level page to load...
2026-01-19 18:58:43,662 - INFO - Successfully reached page containing: workflow/service-level
2026-01-19 18:58:48,085 - INFO - Successfully reached service level page (matched: workflow/service-level)
2026-01-19 18:58:48,086 - INFO - Step 10: Clicking Continue button...
2026-01-19 18:58:57,278 - INFO - Successfully clicked Continue button
2026-01-19 18:59:02,077 - INFO - Step 11: Checking appointment availability...
2026-01-19 18:59:12,411 - INFO - Screenshot saved: appointment_availability_check.png
2026-01-19 18:59:12,423 - INFO - No appointment slots available message detected
2026-01-19 18:59:12,423 - INFO - 🎉 All automation steps completed successfully!
2026-01-19 18:59:12,423 - INFO - 🎉 All automation steps completed successfully!
2026-01-19 18:59:12,721 - INFO - 🔚 Browser closed.
2026-01-19 18:59:12,721 - INFO - ✅ Attempt #1 completed successfully!
2026-01-19 18:59:12,721 - INFO - 📊 Stats: 1 successes, 0 failures out of 1 total attempts
2026-01-19 18:59:12,721 - INFO - 🔄 Restarting immediately for next attempt...
2026-01-19 18:59:12,721 - INFO - 
============================================================
2026-01-19 18:59:12,721 - INFO - 🔄 ATTEMPT #2 - Starting at 2026-01-19 18:59:12
2026-01-19 18:59:12,721 - INFO - ============================================================
2026-01-19 18:59:12,721 - INFO - 🚀 Starting TLSContact Automation...
2026-01-19 18:59:12,722 - INFO - Initializing Chrome driver...
2026-01-19 18:59:13,765 - INFO - patching driver executable /Users/alex/Library/Application Support/undetected_chromedriver/undetected_chromedriver
2026-01-19 18:59:18,788 - INFO - ✅ Chrome driver initialized successfully!
2026-01-19 18:59:20,790 - INFO - 🌐 Navigating to: https://visas-fr.tlscontact.com/en-us/country/am/vac/amEVN2fr
2026-01-19 18:59:21,180 - INFO - ✅ Page navigation successful
2026-01-19 18:59:21,180 - INFO - ⏳ Waiting for Cloudflare (30 seconds)...
2026-01-19 18:59:35,052 - INFO - 🔚 Browser closed.
2026-01-19 18:59:35,052 - INFO - 
🛑 Automation stopped by user
2026-01-19 18:59:35,052 - INFO - 📊 Final Stats: 1 successes, 0 failures out of 2 total attempts
2026-01-19 18:59:35,053 - INFO - ensuring close
2026-01-19 18:59:35,053 - INFO - ensuring close
