2026-01-20 14:36:29,757 - INFO - 🔄 Starting continuous TLSContact automation...
2026-01-20 14:36:29,757 - INFO - 📝 Logs are being saved to: tls_automation_20260120_143629.log
2026-01-20 14:36:29,757 - INFO - 
============================================================
2026-01-20 14:36:29,757 - INFO - 🔄 ATTEMPT #1 - Starting at 2026-01-20 14:36:29
2026-01-20 14:36:29,757 - INFO - ============================================================
2026-01-20 14:36:29,757 - INFO - 🚀 Starting TLSContact Automation...
2026-01-20 14:36:29,776 - INFO - Initializing Chrome driver...
2026-01-20 14:36:30,828 - INFO - patching driver executable /Users/alex/Library/Application Support/undetected_chromedriver/undetected_chromedriver
2026-01-20 14:36:34,043 - INFO - ✅ Chrome driver initialized successfully!
2026-01-20 14:36:36,045 - INFO - 🌐 Navigating to: https://visas-fr.tlscontact.com/en-us/country/am/vac/amEVN2fr
2026-01-20 14:36:36,394 - INFO - ✅ Page navigation successful
2026-01-20 14:36:36,395 - INFO - ⏳ Waiting for Cloudflare (30 seconds)...
2026-01-20 14:37:07,880 - INFO - 📄 Current URL: https://visas-fr.tlscontact.com/en-us/country/am/vac/amEVN2fr
2026-01-20 14:37:07,880 - INFO - 📄 Page title: Welcome to TLScontact Yerevan | TLScontact Yerevan
2026-01-20 14:37:07,880 - INFO - 🎉 Continuing with automation steps...
2026-01-20 14:37:11,248 - INFO - Starting automatic step execution...
2026-01-20 14:37:11,248 - INFO - Starting TLSContact automation sequence...
2026-01-20 14:37:11,248 - INFO - Step 1: Clicking 'Book an appointment' button...
2026-01-20 14:37:19,131 - INFO - Successfully clicked 'Book an appointment'
2026-01-20 14:37:23,611 - INFO - Step 2: Clicking 'Yes' for France-Visas question...
2026-01-20 14:37:32,740 - INFO - Successfully clicked 'Yes' for France-Visas question
2026-01-20 14:37:36,835 - INFO - Step 3: Clicking 'Yes' for TLScontact registration question...
2026-01-20 14:37:41,916 - INFO - Successfully clicked second 'Yes' button
2026-01-20 14:37:46,023 - INFO - Step 4: Clicking 'LOG IN' button...
2026-01-20 14:37:54,720 - INFO - Successfully clicked 'LOG IN' button
2026-01-20 14:37:58,665 - INFO - Step 5: Entering email address...
2026-01-20 14:38:11,817 - INFO - Successfully entered email: Info@i-travel.net
2026-01-20 14:38:11,818 - INFO - Step 6: Entering password...
2026-01-20 14:38:18,296 - INFO - Successfully entered password
2026-01-20 14:38:20,302 - INFO - 🛡️ Checking for CAPTCHA iframe...
2026-01-20 14:38:20,315 - INFO - Found CAPTCHA iframe with XPath: //iframe[contains(@title, 'challenge') or contains(@title, 'CAPTCHA')]
2026-01-20 14:38:20,326 - INFO - ➡️ Focus switched to CAPTCHA iframe.
2026-01-20 14:38:22,627 - INFO - Found checkbox: recaptcha-anchor
2026-01-20 14:38:26,173 - INFO - ✅ Clicked checkbox: recaptcha-anchor
2026-01-20 14:39:10,419 - INFO - ✅ CAPTCHA checkbox clicked successfully
2026-01-20 14:39:10,419 - INFO - Step 7: Clicking Login submit button...
2026-01-20 14:39:18,781 - INFO - Successfully clicked Login submit button
2026-01-20 14:39:22,881 - INFO - Returned to app domain. URL: https://visas-fr.tlscontact.com/en-us/travel-groups
2026-01-20 14:39:22,888 - INFO - Post-login page marker detected (list/workflow link).
2026-01-20 14:39:27,375 - INFO - Step 8: Clicking Select button (dynamic formGroupId)...
2026-01-20 14:39:39,429 - INFO - ✅ Clicked Select. formGroupId value=24313450
2026-01-20 14:39:42,957 - INFO - Step 9: Waiting for service level page to load...
2026-01-20 14:39:42,965 - INFO - Successfully reached page containing: workflow/service-level
2026-01-20 14:39:47,193 - INFO - Successfully reached service level page (matched: workflow/service-level)
2026-01-20 14:39:47,194 - INFO - Step 10: Clicking Continue button...
2026-01-20 14:39:56,677 - INFO - Successfully clicked Continue button
2026-01-20 14:40:00,755 - INFO - === Checking CURRENT month ===
2026-01-20 14:40:00,756 - INFO - Step 11: Checking appointment availability...
2026-01-20 14:40:10,278 - INFO - Deleted existing screenshot: appointment_availability_check.png
2026-01-20 14:40:10,710 - INFO - Screenshot saved: appointment_availability_check.png
2026-01-20 14:40:10,729 - INFO - No appointment slots available message detected
2026-01-20 14:40:11,939 - INFO - === Checking NEXT month ===
2026-01-20 14:40:11,939 - INFO - Step 12: Looking for next month button...
2026-01-20 14:40:17,775 - INFO - Found next month button: February 2026
2026-01-20 14:40:18,761 - INFO - ✅ Automatically clicked: February 2026
2026-01-20 14:40:31,039 - INFO - Step 11: Checking appointment availability...
2026-01-20 14:40:40,868 - INFO - Deleted existing screenshot: appointment_availability_check.png
2026-01-20 14:40:41,289 - INFO - Screenshot saved: appointment_availability_check.png
2026-01-20 14:40:41,301 - INFO - No appointment slots available message detected
2026-01-20 14:40:43,118 - INFO - 🎉 All automation steps completed successfully!
2026-01-20 14:40:43,118 - INFO - 🎉 All automation steps completed successfully!
2026-01-20 14:40:43,377 - INFO - 🔚 Browser closed.
2026-01-20 14:40:43,377 - INFO - ✅ Attempt #1 completed successfully!
2026-01-20 14:40:43,377 - INFO - 📊 Stats: 1 successes, 0 failures out of 1 total attempts
2026-01-20 14:40:43,377 - INFO - 🔄 Restarting immediately for next attempt...
2026-01-20 14:40:43,377 - INFO - 
============================================================
2026-01-20 14:40:43,377 - INFO - 🔄 ATTEMPT #2 - Starting at 2026-01-20 14:40:43
2026-01-20 14:40:43,377 - INFO - ============================================================
2026-01-20 14:40:43,377 - INFO - 🚀 Starting TLSContact Automation...
2026-01-20 14:40:43,377 - INFO - Initializing Chrome driver...
2026-01-20 14:40:44,474 - INFO - patching driver executable /Users/alex/Library/Application Support/undetected_chromedriver/undetected_chromedriver
2026-01-20 14:40:47,513 - INFO - ✅ Chrome driver initialized successfully!
2026-01-20 14:40:48,555 - INFO - 🔚 Browser closed.
2026-01-20 14:40:48,555 - INFO - 
🛑 Automation stopped by user
2026-01-20 14:40:48,555 - INFO - 📊 Final Stats: 1 successes, 0 failures out of 2 total attempts
2026-01-20 14:40:48,555 - INFO - ensuring close
2026-01-20 14:40:48,555 - INFO - ensuring close
