2026-01-19 23:10:02,443 - INFO - 🔄 Starting continuous TLSContact automation...
2026-01-19 23:10:02,443 - INFO - 📝 Logs are being saved to: tls_automation_20260119_231002.log
2026-01-19 23:10:02,443 - INFO - 
============================================================
2026-01-19 23:10:02,443 - INFO - 🔄 ATTEMPT #1 - Starting at 2026-01-19 23:10:02
2026-01-19 23:10:02,443 - INFO - ============================================================
2026-01-19 23:10:02,443 - INFO - 🚀 Starting TLSContact Automation...
2026-01-19 23:10:02,459 - INFO - Initializing Chrome driver...
2026-01-19 23:10:05,438 - INFO - patching driver executable /Users/alex/Library/Application Support/undetected_chromedriver/undetected_chromedriver
2026-01-19 23:10:08,459 - INFO - ✅ Chrome driver initialized successfully!
2026-01-19 23:10:10,461 - INFO - 🌐 Navigating to: https://visas-fr.tlscontact.com/en-us/country/am/vac/amEVN2fr
2026-01-19 23:10:11,243 - INFO - ✅ Page navigation successful
2026-01-19 23:10:11,243 - INFO - ⏳ Waiting for Cloudflare (30 seconds)...
2026-01-19 23:10:44,219 - INFO - 📄 Current URL: https://visas-fr.tlscontact.com/en-us/country/am/vac/amEVN2fr
2026-01-19 23:10:44,219 - INFO - 📄 Page title: Welcome to TLScontact Yerevan | TLScontact Yerevan
2026-01-19 23:10:44,219 - INFO - 🎉 Continuing with automation steps...
2026-01-19 23:10:48,968 - INFO - Starting automatic step execution...
2026-01-19 23:10:48,968 - INFO - Starting TLSContact automation sequence...
2026-01-19 23:10:48,968 - INFO - Step 1: Clicking 'Book an appointment' button...
2026-01-19 23:10:56,977 - INFO - Successfully clicked 'Book an appointment'
2026-01-19 23:11:00,967 - INFO - Step 2: Clicking 'Yes' for France-Visas question...
2026-01-19 23:11:09,622 - INFO - Successfully clicked 'Yes' for France-Visas question
2026-01-19 23:11:13,768 - INFO - Step 3: Clicking 'Yes' for TLScontact registration question...
2026-01-19 23:11:19,713 - INFO - Successfully clicked second 'Yes' button
2026-01-19 23:11:23,948 - INFO - Step 4: Clicking 'LOG IN' button...
2026-01-19 23:11:33,358 - INFO - Successfully clicked 'LOG IN' button
2026-01-19 23:11:39,881 - INFO - Step 5: Entering email address...
2026-01-19 23:11:52,569 - INFO - Successfully entered email: Info@i-travel.net
2026-01-19 23:11:52,569 - INFO - Step 6: Entering password...
2026-01-19 23:11:59,834 - INFO - Successfully entered password
2026-01-19 23:12:01,840 - INFO - 🛡️ Checking for CAPTCHA iframe...
2026-01-19 23:12:01,873 - INFO - ➡️ Focus switched to CAPTCHA iframe.
2026-01-19 23:12:03,896 - INFO - ✅ Clicked checkbox: recaptcha-anchor
2026-01-19 23:12:06,908 - INFO - Step 7: Clicking Login submit button...
2026-01-19 23:12:15,128 - INFO - Successfully clicked Login submit button
2026-01-19 23:12:20,848 - INFO - Returned to app domain. URL: https://visas-fr.tlscontact.com/en-us/travel-groups
2026-01-19 23:12:20,861 - INFO - Post-login page marker detected (list/workflow link).
2026-01-19 23:12:25,509 - INFO - Step 8: Clicking Select button (dynamic formGroupId)...
2026-01-19 23:12:35,631 - INFO - ✅ Clicked Select. formGroupId value=24313450
2026-01-19 23:12:38,513 - INFO - Step 9: Waiting for service level page to load...
2026-01-19 23:12:38,523 - INFO - Successfully reached page containing: workflow/service-level
2026-01-19 23:12:42,546 - INFO - Successfully reached service level page (matched: workflow/service-level)
2026-01-19 23:12:42,547 - INFO - Step 10: Clicking Continue button...
2026-01-19 23:12:52,196 - INFO - Successfully clicked Continue button
2026-01-19 23:12:56,551 - INFO - Step 11: Checking appointment availability...
2026-01-19 23:13:06,147 - INFO - Deleted existing screenshot: appointment_availability_check.png
2026-01-19 23:13:06,696 - INFO - Screenshot saved: appointment_availability_check.png
2026-01-19 23:13:06,706 - INFO - No appointment slots available message detected
2026-01-19 23:13:08,643 - INFO - 🎉 All automation steps completed successfully!
2026-01-19 23:13:08,643 - INFO - 🎉 All automation steps completed successfully!
2026-01-19 23:13:08,885 - INFO - 🔚 Browser closed.
2026-01-19 23:13:08,885 - INFO - ✅ Attempt #1 completed successfully!
2026-01-19 23:13:08,885 - INFO - 📊 Stats: 1 successes, 0 failures out of 1 total attempts
2026-01-19 23:13:08,885 - INFO - 🔄 Restarting immediately for next attempt...
2026-01-19 23:13:08,885 - INFO - 
============================================================
2026-01-19 23:13:08,885 - INFO - 🔄 ATTEMPT #2 - Starting at 2026-01-19 23:13:08
2026-01-19 23:13:08,885 - INFO - ============================================================
2026-01-19 23:13:08,885 - INFO - 🚀 Starting TLSContact Automation...
2026-01-19 23:13:08,885 - INFO - Initializing Chrome driver...
2026-01-19 23:13:11,851 - INFO - patching driver executable /Users/alex/Library/Application Support/undetected_chromedriver/undetected_chromedriver
2026-01-19 23:13:14,335 - INFO - ✅ Chrome driver initialized successfully!
2026-01-19 23:13:16,340 - INFO - 🌐 Navigating to: https://visas-fr.tlscontact.com/en-us/country/am/vac/amEVN2fr
2026-01-19 23:13:17,045 - INFO - ✅ Page navigation successful
2026-01-19 23:13:17,045 - INFO - ⏳ Waiting for Cloudflare (30 seconds)...
2026-01-19 23:13:49,566 - INFO - 📄 Current URL: https://visas-fr.tlscontact.com/en-us/country/am/vac/amEVN2fr
2026-01-19 23:13:49,567 - INFO - 📄 Page title: Welcome to TLScontact Yerevan | TLScontact Yerevan
2026-01-19 23:13:49,567 - INFO - 🎉 Continuing with automation steps...
2026-01-19 23:13:54,383 - INFO - Starting automatic step execution...
2026-01-19 23:13:54,384 - INFO - Starting TLSContact automation sequence...
2026-01-19 23:13:54,384 - INFO - Step 1: Clicking 'Book an appointment' button...
2026-01-19 23:14:02,354 - INFO - Successfully clicked 'Book an appointment'
2026-01-19 23:14:05,952 - INFO - Step 2: Clicking 'Yes' for France-Visas question...
2026-01-19 23:14:14,542 - INFO - Successfully clicked 'Yes' for France-Visas question
2026-01-19 23:14:18,334 - INFO - Step 3: Clicking 'Yes' for TLScontact registration question...
2026-01-19 23:14:23,903 - INFO - Successfully clicked second 'Yes' button
2026-01-19 23:14:27,698 - INFO - Step 4: Clicking 'LOG IN' button...
2026-01-19 23:14:37,276 - INFO - Successfully clicked 'LOG IN' button
2026-01-19 23:14:43,735 - INFO - Step 5: Entering email address...
2026-01-19 23:14:55,558 - INFO - Successfully entered email: Info@i-travel.net
2026-01-19 23:14:55,559 - INFO - Step 6: Entering password...
2026-01-19 23:15:02,344 - INFO - Successfully entered password
2026-01-19 23:15:04,347 - INFO - 🛡️ Checking for CAPTCHA iframe...
2026-01-19 23:15:04,379 - INFO - ➡️ Focus switched to CAPTCHA iframe.
2026-01-19 23:15:06,584 - INFO - ✅ Clicked checkbox: recaptcha-anchor
2026-01-19 23:15:09,594 - INFO - Step 7: Clicking Login submit button...
2026-01-19 23:15:17,871 - INFO - Successfully clicked Login submit button
2026-01-19 23:15:22,408 - INFO - Returned to app domain. URL: https://visas-fr.tlscontact.com/en-us/travel-groups
2026-01-19 23:15:22,417 - INFO - Post-login page marker detected (list/workflow link).
2026-01-19 23:15:25,605 - INFO - Step 8: Clicking Select button (dynamic formGroupId)...
2026-01-19 23:15:36,203 - INFO - ✅ Clicked Select. formGroupId value=24313450
2026-01-19 23:15:38,775 - INFO - Step 9: Waiting for service level page to load...
2026-01-19 23:15:38,788 - INFO - Successfully reached page containing: workflow/service-level
2026-01-19 23:15:42,904 - INFO - Successfully reached service level page (matched: workflow/service-level)
2026-01-19 23:15:42,905 - INFO - Step 10: Clicking Continue button...
2026-01-19 23:15:52,429 - INFO - Successfully clicked Continue button
2026-01-19 23:15:56,502 - INFO - Step 11: Checking appointment availability...
2026-01-19 23:16:05,200 - INFO - Deleted existing screenshot: appointment_availability_check.png
2026-01-19 23:16:05,754 - INFO - Screenshot saved: appointment_availability_check.png
2026-01-19 23:16:05,764 - INFO - No appointment slots available message detected
2026-01-19 23:16:07,048 - INFO - 🎉 All automation steps completed successfully!
2026-01-19 23:16:07,048 - INFO - 🎉 All automation steps completed successfully!
2026-01-19 23:16:07,277 - INFO - 🔚 Browser closed.
2026-01-19 23:16:07,277 - INFO - ✅ Attempt #2 completed successfully!
2026-01-19 23:16:07,277 - INFO - 📊 Stats: 2 successes, 0 failures out of 2 total attempts
2026-01-19 23:16:07,277 - INFO - 🔄 Restarting immediately for next attempt...
2026-01-19 23:16:07,277 - INFO - 
============================================================
2026-01-19 23:16:07,277 - INFO - 🔄 ATTEMPT #3 - Starting at 2026-01-19 23:16:07
2026-01-19 23:16:07,277 - INFO - ============================================================
2026-01-19 23:16:07,277 - INFO - 🚀 Starting TLSContact Automation...
2026-01-19 23:16:07,277 - INFO - Initializing Chrome driver...
2026-01-19 23:16:09,620 - INFO - 
🛑 Automation stopped by user
2026-01-19 23:16:09,620 - INFO - 📊 Final Stats: 2 successes, 0 failures out of 3 total attempts
2026-01-19 23:16:09,620 - INFO - ensuring close
2026-01-19 23:16:09,620 - INFO - ensuring close
2026-01-19 23:16:09,620 - INFO - ensuring close
