2026-01-20 14:46:54,376 - INFO - 🔄 Starting continuous TLSContact automation...
2026-01-20 14:46:54,376 - INFO - 📝 Logs are being saved to: tls_automation_20260120_144654.log
2026-01-20 14:46:54,376 - INFO - 
============================================================
2026-01-20 14:46:54,376 - INFO - 🔄 ATTEMPT #1 - Starting at 2026-01-20 14:46:54
2026-01-20 14:46:54,376 - INFO - ============================================================
2026-01-20 14:46:54,376 - INFO - 🚀 Starting TLSContact Automation...
2026-01-20 14:46:54,395 - INFO - Initializing Chrome driver...
2026-01-20 14:46:55,482 - INFO - patching driver executable /Users/alex/Library/Application Support/undetected_chromedriver/undetected_chromedriver
2026-01-20 14:46:58,496 - INFO - ✅ Chrome driver initialized successfully!
2026-01-20 14:47:00,500 - INFO - 🌐 Navigating to: https://visas-fr.tlscontact.com/en-us/country/am/vac/amEVN2fr
2026-01-20 14:47:00,944 - INFO - ✅ Page navigation successful
2026-01-20 14:47:00,944 - INFO - ⏳ Waiting for Cloudflare (30 seconds)...
2026-01-20 14:47:32,575 - INFO - 📄 Current URL: https://visas-fr.tlscontact.com/en-us/country/am/vac/amEVN2fr
2026-01-20 14:47:32,575 - INFO - 📄 Page title: Waiting Room avec Cloudflare
2026-01-20 14:47:32,576 - INFO - 🎉 Continuing with automation steps...
2026-01-20 14:47:36,787 - INFO - Starting automatic step execution...
2026-01-20 14:47:36,787 - INFO - Starting TLSContact automation sequence...
2026-01-20 14:47:36,787 - INFO - Current consecutive failures: 0
2026-01-20 14:47:36,787 - INFO - Step 1: Clicking 'Book an appointment' button...
2026-01-20 14:47:51,063 - INFO - Successfully clicked 'Book an appointment'
2026-01-20 14:47:54,884 - INFO - Step 2: Clicking 'Yes' for France-Visas question...
2026-01-20 14:48:09,899 - INFO - Successfully clicked 'Yes' for France-Visas question
2026-01-20 14:48:14,401 - INFO - Step 3: Clicking 'Yes' for TLScontact registration question...
2026-01-20 14:48:19,144 - INFO - Successfully clicked second 'Yes' button
2026-01-20 14:48:23,898 - INFO - Step 4: Clicking 'LOG IN' button...
2026-01-20 14:48:33,808 - INFO - Successfully clicked 'LOG IN' button
2026-01-20 14:48:38,506 - INFO - Step 5: Entering email address...
2026-01-20 14:48:51,054 - INFO - Successfully entered email: Info@i-travel.net
2026-01-20 14:48:51,055 - INFO - Step 6: Entering password...
2026-01-20 14:48:57,757 - INFO - Successfully entered password
2026-01-20 14:48:59,760 - INFO - 🛡️ Checking for CAPTCHA iframe...
2026-01-20 14:48:59,777 - INFO - Found CAPTCHA iframe with XPath: //iframe[contains(@title, 'challenge') or contains(@title, 'CAPTCHA')]
2026-01-20 14:48:59,793 - INFO - ➡️ Focus switched to CAPTCHA iframe.
2026-01-20 14:49:01,014 - INFO - Found checkbox: recaptcha-anchor
2026-01-20 14:49:04,396 - INFO - ✅ Clicked checkbox: recaptcha-anchor
2026-01-20 14:49:49,482 - INFO - ✅ CAPTCHA checkbox clicked successfully
2026-01-20 14:49:49,482 - INFO - Step 7: Clicking Login submit button...
2026-01-20 14:49:57,810 - INFO - Successfully clicked Login submit button
2026-01-20 14:50:02,850 - INFO - Returned to app domain. URL: https://visas-fr.tlscontact.com/en-us/travel-groups
2026-01-20 14:50:02,861 - INFO - Post-login page marker detected (list/workflow link).
2026-01-20 14:50:07,003 - INFO - Step 8: Clicking Select button (dynamic formGroupId)...
2026-01-20 14:50:17,831 - INFO - ✅ Clicked Select. formGroupId value=24313450
2026-01-20 14:50:20,748 - INFO - Step 9: Waiting for service level page to load...
2026-01-20 14:50:20,760 - INFO - Successfully reached page containing: workflow/service-level
2026-01-20 14:50:24,593 - INFO - Successfully reached service level page (matched: workflow/service-level)
2026-01-20 14:50:24,594 - INFO - Step 10: Clicking Continue button...
2026-01-20 14:50:32,870 - INFO - Successfully clicked Continue button
2026-01-20 14:50:36,600 - INFO - === Checking CURRENT month ===
2026-01-20 14:50:36,601 - INFO - Step 11: Checking appointment availability...
2026-01-20 14:50:47,804 - INFO - Deleted existing screenshot: appointment_availability_check.png
2026-01-20 14:50:48,193 - INFO - Screenshot saved: appointment_availability_check.png
2026-01-20 14:50:48,214 - INFO - No appointment slots available message detected
2026-01-20 14:50:49,397 - INFO - === Checking NEXT month ===
2026-01-20 14:50:49,397 - INFO - Step 12: Looking for next month button...
2026-01-20 14:50:54,107 - INFO - Found next month button: February 2026
2026-01-20 14:50:54,715 - INFO - ✅ Automatically clicked: February 2026
2026-01-20 14:51:06,062 - INFO - Step 11: Checking appointment availability...
2026-01-20 14:51:16,549 - INFO - Deleted existing screenshot: appointment_availability_check.png
2026-01-20 14:51:16,965 - INFO - Screenshot saved: appointment_availability_check.png
2026-01-20 14:51:16,976 - INFO - No appointment slots available message detected
2026-01-20 14:51:42,725 - INFO - 🔚 Browser closed.
2026-01-20 14:51:42,725 - INFO - 
🛑 Automation stopped by user
2026-01-20 14:51:42,725 - INFO - 📊 Final Stats: 0 successes, 0 failures out of 1 total attempts
2026-01-20 14:51:42,726 - INFO - ensuring close
