2026-01-20 11:29:25,292 - INFO - 🔄 Starting continuous TLSContact automation...
2026-01-20 11:29:25,292 - INFO - 📝 Logs are being saved to: tls_automation_20260120_112925.log
2026-01-20 11:29:25,293 - INFO - 
============================================================
2026-01-20 11:29:25,293 - INFO - 🔄 ATTEMPT #1 - Starting at 2026-01-20 11:29:25
2026-01-20 11:29:25,293 - INFO - ============================================================
2026-01-20 11:29:25,293 - INFO - 🚀 Starting TLSContact Automation...
2026-01-20 11:29:25,310 - INFO - Initializing Chrome driver...
2026-01-20 11:29:29,892 - INFO - patching driver executable /Users/alex/Library/Application Support/undetected_chromedriver/undetected_chromedriver
2026-01-20 11:29:32,941 - INFO - ✅ Chrome driver initialized successfully!
2026-01-20 11:29:34,950 - INFO - 🌐 Navigating to: https://visas-fr.tlscontact.com/en-us/country/am/vac/amEVN2fr
2026-01-20 11:29:35,764 - INFO - ✅ Page navigation successful
2026-01-20 11:29:35,764 - INFO - ⏳ Waiting for Cloudflare (30 seconds)...
2026-01-20 11:30:08,629 - INFO - 📄 Current URL: https://visas-fr.tlscontact.com/en-us/country/am/vac/amEVN2fr
2026-01-20 11:30:08,629 - INFO - 📄 Page title: Welcome to TLScontact Yerevan | TLScontact Yerevan
2026-01-20 11:30:08,629 - INFO - 🎉 Continuing with automation steps...
2026-01-20 11:30:13,303 - INFO - Starting automatic step execution...
2026-01-20 11:30:13,304 - INFO - Starting TLSContact automation sequence...
2026-01-20 11:30:13,304 - INFO - Step 1: Clicking 'Book an appointment' button...
2026-01-20 11:30:21,651 - INFO - Successfully clicked 'Book an appointment'
2026-01-20 11:30:24,671 - INFO - Step 2: Clicking 'Yes' for France-Visas question...
2026-01-20 11:30:34,247 - INFO - Successfully clicked 'Yes' for France-Visas question
2026-01-20 11:30:38,669 - INFO - Step 3: Clicking 'Yes' for TLScontact registration question...
2026-01-20 11:30:45,362 - INFO - Successfully clicked second 'Yes' button
2026-01-20 11:30:49,468 - INFO - Step 4: Clicking 'LOG IN' button...
2026-01-20 11:30:58,253 - INFO - Successfully clicked 'LOG IN' button
2026-01-20 11:31:04,420 - INFO - Step 5: Entering email address...
2026-01-20 11:31:16,527 - INFO - Successfully entered email: Info@i-travel.net
2026-01-20 11:31:16,528 - INFO - Step 6: Entering password...
2026-01-20 11:31:22,515 - INFO - Successfully entered password
2026-01-20 11:31:24,521 - INFO - 🛡️ Checking for CAPTCHA iframe...
2026-01-20 11:31:24,541 - INFO - Found CAPTCHA iframe with XPath: //iframe[contains(@title, 'challenge') or contains(@title, 'CAPTCHA')]
2026-01-20 11:31:24,556 - INFO - ➡️ Focus switched to CAPTCHA iframe.
2026-01-20 11:31:25,863 - INFO - Found checkbox: recaptcha-anchor
2026-01-20 11:31:29,180 - INFO - ✅ Clicked checkbox: recaptcha-anchor
2026-01-20 11:32:12,930 - INFO - ✅ CAPTCHA checkbox clicked successfully
2026-01-20 11:32:12,931 - INFO - Step 7: Clicking Login submit button...
2026-01-20 11:32:21,073 - INFO - Successfully clicked Login submit button
2026-01-20 11:32:25,830 - INFO - Returned to app domain. URL: https://visas-fr.tlscontact.com/en-us/travel-groups
2026-01-20 11:32:25,843 - INFO - Post-login page marker detected (list/workflow link).
2026-01-20 11:32:30,610 - INFO - Step 8: Clicking Select button (dynamic formGroupId)...
2026-01-20 11:32:41,750 - INFO - ✅ Clicked Select. formGroupId value=24313450
2026-01-20 11:32:44,413 - INFO - Step 9: Waiting for service level page to load...
2026-01-20 11:32:44,425 - INFO - Successfully reached page containing: workflow/service-level
2026-01-20 11:32:48,696 - INFO - Successfully reached service level page (matched: workflow/service-level)
2026-01-20 11:32:48,696 - INFO - Step 10: Clicking Continue button...
2026-01-20 11:32:58,609 - INFO - Successfully clicked Continue button
2026-01-20 11:33:02,953 - INFO - === Checking CURRENT month ===
2026-01-20 11:33:02,956 - INFO - Step 11: Checking appointment availability...
2026-01-20 11:33:13,053 - INFO - Deleted existing screenshot: appointment_availability_check.png
2026-01-20 11:33:13,425 - INFO - Screenshot saved: appointment_availability_check.png
2026-01-20 11:33:13,435 - INFO - No appointment slots available message detected
2026-01-20 11:33:18,418 - INFO - === Checking NEXT month ===
2026-01-20 11:33:18,419 - INFO - Step 12: Looking for next month button...
2026-01-20 11:33:23,240 - INFO - Found next month button: February 2026
2026-01-20 11:33:23,870 - INFO - ✅ Automatically clicked: February 2026
2026-01-20 11:33:37,310 - INFO - Step 11: Checking appointment availability...
2026-01-20 11:33:47,374 - INFO - Deleted existing screenshot: appointment_availability_check.png
2026-01-20 11:33:47,982 - INFO - Screenshot saved: appointment_availability_check.png
2026-01-20 11:33:47,990 - INFO - No appointment slots available message detected
2026-01-20 11:33:49,175 - INFO - 🎉 All automation steps completed successfully!
2026-01-20 11:33:49,176 - INFO - 🎉 All automation steps completed successfully!
2026-01-20 11:33:49,410 - INFO - 🔚 Browser closed.
2026-01-20 11:33:49,410 - INFO - ✅ Attempt #1 completed successfully!
2026-01-20 11:33:49,410 - INFO - 📊 Stats: 1 successes, 0 failures out of 1 total attempts
2026-01-20 11:33:49,410 - INFO - 🔄 Restarting immediately for next attempt...
2026-01-20 11:33:49,411 - INFO - 
============================================================
2026-01-20 11:33:49,411 - INFO - 🔄 ATTEMPT #2 - Starting at 2026-01-20 11:33:49
2026-01-20 11:33:49,411 - INFO - ============================================================
2026-01-20 11:33:49,411 - INFO - 🚀 Starting TLSContact Automation...
2026-01-20 11:33:49,411 - INFO - Initializing Chrome driver...
2026-01-20 11:33:54,261 - INFO - patching driver executable /Users/alex/Library/Application Support/undetected_chromedriver/undetected_chromedriver
2026-01-20 11:33:57,036 - INFO - 
🛑 Automation stopped by user
2026-01-20 11:33:57,036 - INFO - 📊 Final Stats: 1 successes, 0 failures out of 2 total attempts
2026-01-20 11:33:57,038 - INFO - ensuring close
2026-01-20 11:33:57,039 - INFO - ensuring close
