2026-01-19 23:35:37,946 - INFO - 🔄 Starting continuous TLSContact automation...
2026-01-19 23:35:37,946 - INFO - 📝 Logs are being saved to: tls_automation_20260119_233537.log
2026-01-19 23:35:37,946 - INFO - 
============================================================
2026-01-19 23:35:37,947 - INFO - 🔄 ATTEMPT #1 - Starting at 2026-01-19 23:35:37
2026-01-19 23:35:37,947 - INFO - ============================================================
2026-01-19 23:35:37,947 - INFO - 🚀 Starting TLSContact Automation...
2026-01-19 23:35:37,959 - INFO - Initializing Chrome driver...
2026-01-19 23:35:40,947 - INFO - patching driver executable /Users/alex/Library/Application Support/undetected_chromedriver/undetected_chromedriver
2026-01-19 23:35:44,443 - INFO - ✅ Chrome driver initialized successfully!
2026-01-19 23:35:46,446 - INFO - 🌐 Navigating to: https://visas-fr.tlscontact.com/en-us/country/am/vac/amEVN2fr
2026-01-19 23:35:46,453 - ERROR - ❌ Navigation failed: Message: no such window: target window already closed
from unknown error: web view not found
  (Session info: chrome=143.0.7499.193)
Stacktrace:
0   undetected_chromedriver             0x0000000103389068 undetected_chromedriver + 6631528
1   undetected_chromedriver             0x000000010337fd1a undetected_chromedriver + 6593818
2   undetected_chromedriver             0x0000000102da0ccb undetected_chromedriver + 437451
3   undetected_chromedriver             0x0000000102d755f0 undetected_chromedriver + 259568
4   undetected_chromedriver             0x0000000102e20918 undetected_chromedriver + 960792
5   undetected_chromedriver             0x0000000102e3fd48 undetected_chromedriver + 1088840
6   undetected_chromedriver             0x0000000102de4fb7 undetected_chromedriver + 716727
7   undetected_chromedriver             0x0000000102de5c81 undetected_chromedriver + 720001
8   undetected_chromedriver             0x0000000103346011 undetected_chromedriver + 6357009
9   undetected_chromedriver             0x000000010334a460 undetected_chromedriver + 6374496
10  undetected_chromedriver             0x0000000103321023 undetected_chromedriver + 6205475
11  undetected_chromedriver             0x000000010334aed5 undetected_chromedriver + 6377173
12  undetected_chromedriver             0x000000010330ff01 undetected_chromedriver + 6135553
13  undetected_chromedriver             0x000000010336ca98 undetected_chromedriver + 6515352
14  undetected_chromedriver             0x000000010336cc53 undetected_chromedriver + 6515795
15  undetected_chromedriver             0x000000010337f91c undetected_chromedriver + 6592796
16  libsystem_pthread.dylib             0x00007ff80541ee4d _pthread_start + 115
17  libsystem_pthread.dylib             0x00007ff80541a857 thread_start + 15

2026-01-19 23:35:46,454 - ERROR - ❌ Both navigation attempts failed: Message: no such window: target window already closed
from unknown error: web view not found
  (Session info: chrome=143.0.7499.193)
Stacktrace:
0   undetected_chromedriver             0x0000000103389068 undetected_chromedriver + 6631528
1   undetected_chromedriver             0x000000010337fd1a undetected_chromedriver + 6593818
2   undetected_chromedriver             0x0000000102da0ccb undetected_chromedriver + 437451
3   undetected_chromedriver             0x0000000102d755f0 undetected_chromedriver + 259568
4   undetected_chromedriver             0x0000000102e20918 undetected_chromedriver + 960792
5   undetected_chromedriver             0x0000000102e3fd48 undetected_chromedriver + 1088840
6   undetected_chromedriver             0x0000000102de4fb7 undetected_chromedriver + 716727
7   undetected_chromedriver             0x0000000102de5c81 undetected_chromedriver + 720001
8   undetected_chromedriver             0x0000000103346011 undetected_chromedriver + 6357009
9   undetected_chromedriver             0x000000010334a460 undetected_chromedriver + 6374496
10  undetected_chromedriver             0x0000000103321023 undetected_chromedriver + 6205475
11  undetected_chromedriver             0x000000010334aed5 undetected_chromedriver + 6377173
12  undetected_chromedriver             0x000000010330ff01 undetected_chromedriver + 6135553
13  undetected_chromedriver             0x000000010336ca98 undetected_chromedriver + 6515352
14  undetected_chromedriver             0x000000010336cc53 undetected_chromedriver + 6515795
15  undetected_chromedriver             0x000000010337f91c undetected_chromedriver + 6592796
16  libsystem_pthread.dylib             0x00007ff80541ee4d _pthread_start + 115
17  libsystem_pthread.dylib             0x00007ff80541a857 thread_start + 15

2026-01-19 23:35:46,511 - INFO - 🔚 Browser closed.
2026-01-19 23:35:46,511 - ERROR - ❌ Attempt #1 failed!
2026-01-19 23:35:46,511 - INFO - 📊 Stats: 0 successes, 1 failures out of 1 total attempts
2026-01-19 23:35:46,511 - INFO - 🔄 Restarting immediately after failure...
2026-01-19 23:35:46,511 - INFO - 
============================================================
2026-01-19 23:35:46,511 - INFO - 🔄 ATTEMPT #2 - Starting at 2026-01-19 23:35:46
2026-01-19 23:35:46,511 - INFO - ============================================================
2026-01-19 23:35:46,511 - INFO - 🚀 Starting TLSContact Automation...
2026-01-19 23:35:46,511 - INFO - Initializing Chrome driver...
2026-01-19 23:35:49,544 - INFO - patching driver executable /Users/alex/Library/Application Support/undetected_chromedriver/undetected_chromedriver
2026-01-19 23:35:52,044 - INFO - ✅ Chrome driver initialized successfully!
2026-01-19 23:35:54,049 - INFO - 🌐 Navigating to: https://visas-fr.tlscontact.com/en-us/country/am/vac/amEVN2fr
2026-01-19 23:35:54,716 - INFO - ✅ Page navigation successful
2026-01-19 23:35:54,716 - INFO - ⏳ Waiting for Cloudflare (30 seconds)...
2026-01-19 23:36:27,161 - INFO - 📄 Current URL: https://visas-fr.tlscontact.com/en-us/country/am/vac/amEVN2fr
2026-01-19 23:36:27,161 - INFO - 📄 Page title: Welcome to TLScontact Yerevan | TLScontact Yerevan
2026-01-19 23:36:27,161 - INFO - 🎉 Continuing with automation steps...
2026-01-19 23:36:31,201 - INFO - Starting automatic step execution...
2026-01-19 23:36:31,202 - INFO - Starting TLSContact automation sequence...
2026-01-19 23:36:31,202 - INFO - Step 1: Clicking 'Book an appointment' button...
2026-01-19 23:36:39,142 - INFO - Successfully clicked 'Book an appointment'
2026-01-19 23:36:42,684 - INFO - Step 2: Clicking 'Yes' for France-Visas question...
2026-01-19 23:36:50,544 - INFO - Successfully clicked 'Yes' for France-Visas question
2026-01-19 23:36:55,341 - INFO - Step 3: Clicking 'Yes' for TLScontact registration question...
2026-01-19 23:37:01,627 - INFO - Successfully clicked second 'Yes' button
2026-01-19 23:37:06,004 - INFO - Step 4: Clicking 'LOG IN' button...
2026-01-19 23:37:15,093 - INFO - Successfully clicked 'LOG IN' button
2026-01-19 23:37:21,717 - INFO - Step 5: Entering email address...
2026-01-19 23:37:34,869 - INFO - Successfully entered email: Info@i-travel.net
2026-01-19 23:37:34,869 - INFO - Step 6: Entering password...
2026-01-19 23:37:41,968 - INFO - Successfully entered password
2026-01-19 23:37:43,970 - INFO - 🛡️ Checking for CAPTCHA iframe...
2026-01-19 23:37:44,002 - INFO - ➡️ Focus switched to CAPTCHA iframe.
2026-01-19 23:37:45,386 - INFO - ✅ Clicked checkbox: recaptcha-anchor
2026-01-19 23:37:48,397 - INFO - Step 7: Clicking Login submit button...
2026-01-19 23:37:56,852 - INFO - Successfully clicked Login submit button
2026-01-19 23:38:01,423 - INFO - Returned to app domain. URL: https://visas-fr.tlscontact.com/en-us/travel-groups
2026-01-19 23:38:01,434 - INFO - Post-login page marker detected (list/workflow link).
2026-01-19 23:38:04,990 - INFO - Step 8: Clicking Select button (dynamic formGroupId)...
2026-01-19 23:38:16,350 - INFO - ✅ Clicked Select. formGroupId value=24313450
2026-01-19 23:38:18,607 - INFO - Step 9: Waiting for service level page to load...
2026-01-19 23:38:18,616 - INFO - Successfully reached page containing: workflow/service-level
2026-01-19 23:38:23,383 - INFO - Successfully reached service level page (matched: workflow/service-level)
2026-01-19 23:38:23,383 - INFO - Step 10: Clicking Continue button...
2026-01-19 23:38:33,437 - INFO - Successfully clicked Continue button
2026-01-19 23:38:37,744 - INFO - Step 11: Checking appointment availability...
2026-01-19 23:38:47,697 - INFO - Deleted existing screenshot: appointment_availability_check.png
2026-01-19 23:38:48,250 - INFO - Screenshot saved: appointment_availability_check.png
2026-01-19 23:38:48,260 - INFO - No appointment slots available message detected
2026-01-19 23:38:52,517 - INFO - 🎉 All automation steps completed successfully!
2026-01-19 23:38:52,518 - INFO - 🎉 All automation steps completed successfully!
2026-01-19 23:38:52,831 - INFO - 🔚 Browser closed.
2026-01-19 23:38:52,832 - INFO - ✅ Attempt #2 completed successfully!
2026-01-19 23:38:52,832 - INFO - 📊 Stats: 1 successes, 1 failures out of 2 total attempts
2026-01-19 23:38:52,832 - INFO - 🔄 Restarting immediately for next attempt...
2026-01-19 23:38:52,832 - INFO - 
============================================================
2026-01-19 23:38:52,832 - INFO - 🔄 ATTEMPT #3 - Starting at 2026-01-19 23:38:52
2026-01-19 23:38:52,832 - INFO - ============================================================
2026-01-19 23:38:52,832 - INFO - 🚀 Starting TLSContact Automation...
2026-01-19 23:38:52,832 - INFO - Initializing Chrome driver...
2026-01-19 23:38:55,817 - INFO - patching driver executable /Users/alex/Library/Application Support/undetected_chromedriver/undetected_chromedriver
2026-01-19 23:38:58,838 - INFO - ✅ Chrome driver initialized successfully!
2026-01-19 23:39:00,843 - INFO - 🌐 Navigating to: https://visas-fr.tlscontact.com/en-us/country/am/vac/amEVN2fr
2026-01-19 23:39:01,535 - INFO - ✅ Page navigation successful
2026-01-19 23:39:01,535 - INFO - ⏳ Waiting for Cloudflare (30 seconds)...
2026-01-19 23:39:34,190 - INFO - 📄 Current URL: https://visas-fr.tlscontact.com/en-us/country/am/vac/amEVN2fr
2026-01-19 23:39:34,190 - INFO - 📄 Page title: Welcome to TLScontact Yerevan | TLScontact Yerevan
2026-01-19 23:39:34,190 - INFO - 🎉 Continuing with automation steps...
2026-01-19 23:39:38,118 - INFO - Starting automatic step execution...
2026-01-19 23:39:38,118 - INFO - Starting TLSContact automation sequence...
2026-01-19 23:39:38,118 - INFO - Step 1: Clicking 'Book an appointment' button...
2026-01-19 23:39:45,286 - INFO - Successfully clicked 'Book an appointment'
2026-01-19 23:39:49,489 - INFO - Step 2: Clicking 'Yes' for France-Visas question...
2026-01-19 23:39:58,049 - INFO - Successfully clicked 'Yes' for France-Visas question
2026-01-19 23:40:01,948 - INFO - Step 3: Clicking 'Yes' for TLScontact registration question...
2026-01-19 23:40:08,521 - INFO - Successfully clicked second 'Yes' button
2026-01-19 23:40:12,733 - INFO - Step 4: Clicking 'LOG IN' button...
2026-01-19 23:40:21,870 - INFO - Successfully clicked 'LOG IN' button
2026-01-19 23:40:28,102 - INFO - Step 5: Entering email address...
2026-01-19 23:40:39,885 - INFO - Successfully entered email: Info@i-travel.net
2026-01-19 23:40:39,885 - INFO - Step 6: Entering password...
2026-01-19 23:40:46,891 - INFO - Successfully entered password
2026-01-19 23:40:48,893 - INFO - 🛡️ Checking for CAPTCHA iframe...
2026-01-19 23:40:48,925 - INFO - ➡️ Focus switched to CAPTCHA iframe.
2026-01-19 23:40:50,181 - INFO - ✅ Clicked checkbox: recaptcha-anchor
2026-01-19 23:40:53,194 - INFO - Step 7: Clicking Login submit button...
2026-01-19 23:41:00,556 - INFO - Successfully clicked Login submit button
2026-01-19 23:41:59,084 - ERROR - ❌ Unexpected error in automation attempt: Message: no such window: target window already closed
from unknown error: web view not found
  (Session info: chrome=143.0.7499.193)
Stacktrace:
0   undetected_chromedriver             0x00000001054a8068 undetected_chromedriver + 6631528
1   undetected_chromedriver             0x000000010549ed1a undetected_chromedriver + 6593818
2   undetected_chromedriver             0x0000000104ebfccb undetected_chromedriver + 437451
3   undetected_chromedriver             0x0000000104e945f0 undetected_chromedriver + 259568
4   undetected_chromedriver             0x0000000104f3f918 undetected_chromedriver + 960792
5   undetected_chromedriver             0x0000000104f5ed48 undetected_chromedriver + 1088840
6   undetected_chromedriver             0x0000000104f03fb7 undetected_chromedriver + 716727
7   undetected_chromedriver             0x0000000104f04c81 undetected_chromedriver + 720001
8   undetected_chromedriver             0x0000000105465011 undetected_chromedriver + 6357009
9   undetected_chromedriver             0x0000000105469460 undetected_chromedriver + 6374496
10  undetected_chromedriver             0x0000000105440023 undetected_chromedriver + 6205475
11  undetected_chromedriver             0x0000000105469ed5 undetected_chromedriver + 6377173
12  undetected_chromedriver             0x000000010542ef01 undetected_chromedriver + 6135553
13  undetected_chromedriver             0x000000010548ba98 undetected_chromedriver + 6515352
14  undetected_chromedriver             0x000000010548bc53 undetected_chromedriver + 6515795
15  undetected_chromedriver             0x000000010549e91c undetected_chromedriver + 6592796
16  libsystem_pthread.dylib             0x00007ff80541ee4d _pthread_start + 115
17  libsystem_pthread.dylib             0x00007ff80541a857 thread_start + 15

2026-01-19 23:41:59,095 - ERROR - Traceback: Traceback (most recent call last):
  File "/Users/alex/Desktop/french appointment/french/run_automation.py", line 202, in run_single_attempt
    success = automator.execute_all_steps()
              ^^^^^^^^^^^^^^^^^^^^^^^^^^^^^
  File "/Users/alex/Desktop/french appointment/french/tlscontact_steps.py", line 764, in execute_all_steps
    if not self.wait_until_app_domain(prefix="https://visas-fr.tlscontact.com/en-us/", timeout=60):
           ^^^^^^^^^^^^^^^^^^^^^^^^^^^^^^^^^^^^^^^^^^^^^^^^^^^^^^^^^^^^^^^^^^^^^^^^^^^^^^^^^^^^^^^
  File "/Users/alex/Desktop/french appointment/french/tlscontact_steps.py", line 309, in wait_until_app_domain
    WebDriverWait(self.driver, timeout).until(on_app_prefix)
  File "/Users/alex/IdeaProjects/A-new-project/french appointment/lib/python3.11/site-packages/selenium/webdriver/support/wait.py", line 112, in until
    value = method(self._driver)
            ^^^^^^^^^^^^^^^^^^^^
  File "/Users/alex/Desktop/french appointment/french/tlscontact_steps.py", line 304, in on_app_prefix
    url = driver.current_url or ""
          ^^^^^^^^^^^^^^^^^^
  File "/Users/alex/IdeaProjects/A-new-project/french appointment/lib/python3.11/site-packages/undetected_chromedriver/__init__.py", line 806, in __getattribute__
    return super().__getattribute__(item)
           ^^^^^^^^^^^^^^^^^^^^^^^^^^^^^^
  File "/Users/alex/IdeaProjects/A-new-project/french appointment/lib/python3.11/site-packages/selenium/webdriver/remote/webdriver.py", line 542, in current_url
    return self.execute(Command.GET_CURRENT_URL)["value"]
           ^^^^^^^^^^^^^^^^^^^^^^^^^^^^^^^^^^^^^
  File "/Users/alex/IdeaProjects/A-new-project/french appointment/lib/python3.11/site-packages/selenium/webdriver/remote/webdriver.py", line 432, in execute
    self.error_handler.check_response(response)
  File "/Users/alex/IdeaProjects/A-new-project/french appointment/lib/python3.11/site-packages/selenium/webdriver/remote/errorhandler.py", line 232, in check_response
    raise exception_class(message, screen, stacktrace)
selenium.common.exceptions.NoSuchWindowException: Message: no such window: target window already closed
from unknown error: web view not found
  (Session info: chrome=143.0.7499.193)
Stacktrace:
0   undetected_chromedriver             0x00000001054a8068 undetected_chromedriver + 6631528
1   undetected_chromedriver             0x000000010549ed1a undetected_chromedriver + 6593818
2   undetected_chromedriver             0x0000000104ebfccb undetected_chromedriver + 437451
3   undetected_chromedriver             0x0000000104e945f0 undetected_chromedriver + 259568
4   undetected_chromedriver             0x0000000104f3f918 undetected_chromedriver + 960792
5   undetected_chromedriver             0x0000000104f5ed48 undetected_chromedriver + 1088840
6   undetected_chromedriver             0x0000000104f03fb7 undetected_chromedriver + 716727
7   undetected_chromedriver             0x0000000104f04c81 undetected_chromedriver + 720001
8   undetected_chromedriver             0x0000000105465011 undetected_chromedriver + 6357009
9   undetected_chromedriver             0x0000000105469460 undetected_chromedriver + 6374496
10  undetected_chromedriver             0x0000000105440023 undetected_chromedriver + 6205475
11  undetected_chromedriver             0x0000000105469ed5 undetected_chromedriver + 6377173
12  undetected_chromedriver             0x000000010542ef01 undetected_chromedriver + 6135553
13  undetected_chromedriver             0x000000010548ba98 undetected_chromedriver + 6515352
14  undetected_chromedriver             0x000000010548bc53 undetected_chromedriver + 6515795
15  undetected_chromedriver             0x000000010549e91c undetected_chromedriver + 6592796
16  libsystem_pthread.dylib             0x00007ff80541ee4d _pthread_start + 115
17  libsystem_pthread.dylib             0x00007ff80541a857 thread_start + 15


2026-01-19 23:41:59,358 - INFO - 🔚 Browser closed.
2026-01-19 23:41:59,358 - ERROR - ❌ Attempt #3 failed!
2026-01-19 23:41:59,358 - INFO - 📊 Stats: 1 successes, 2 failures out of 3 total attempts
2026-01-19 23:41:59,358 - INFO - 🔄 Restarting immediately after failure...
2026-01-19 23:41:59,358 - INFO - 
============================================================
2026-01-19 23:41:59,358 - INFO - 🔄 ATTEMPT #4 - Starting at 2026-01-19 23:41:59
2026-01-19 23:41:59,358 - INFO - ============================================================
2026-01-19 23:41:59,359 - INFO - 🚀 Starting TLSContact Automation...
2026-01-19 23:41:59,359 - INFO - Initializing Chrome driver...
2026-01-19 23:42:02,443 - INFO - patching driver executable /Users/alex/Library/Application Support/undetected_chromedriver/undetected_chromedriver
2026-01-19 23:42:05,440 - INFO - ✅ Chrome driver initialized successfully!
2026-01-19 23:42:07,445 - INFO - 🌐 Navigating to: https://visas-fr.tlscontact.com/en-us/country/am/vac/amEVN2fr
2026-01-19 23:42:08,150 - INFO - ✅ Page navigation successful
2026-01-19 23:42:08,151 - INFO - ⏳ Waiting for Cloudflare (30 seconds)...
2026-01-19 23:42:40,453 - INFO - 🔚 Browser closed.
2026-01-19 23:42:40,454 - INFO - 
🛑 Automation stopped by user
2026-01-19 23:42:40,454 - INFO - 📊 Final Stats: 1 successes, 2 failures out of 4 total attempts
2026-01-19 23:42:40,455 - INFO - ensuring close
2026-01-19 23:42:40,455 - INFO - ensuring close
2026-01-19 23:42:40,455 - INFO - ensuring close
2026-01-19 23:42:40,455 - INFO - ensuring close
