2026-01-19 18:02:07,451 - INFO - 🔄 Starting continuous TLSContact automation...
2026-01-19 18:02:07,451 - INFO - 📝 Logs are being saved to: tls_automation_20260119_180207.log
2026-01-19 18:02:07,451 - INFO - 
============================================================
2026-01-19 18:02:07,451 - INFO - 🔄 ATTEMPT #1 - Starting at 2026-01-19 18:02:07
2026-01-19 18:02:07,451 - INFO - ============================================================
2026-01-19 18:02:07,451 - INFO - 🚀 Starting TLSContact Automation...
2026-01-19 18:02:07,508 - INFO - Initializing Chrome driver...
2026-01-19 18:02:08,554 - INFO - patching driver executable /Users/alex/Library/Application Support/undetected_chromedriver/undetected_chromedriver
2026-01-19 18:02:12,621 - INFO - ✅ Chrome driver initialized successfully!
2026-01-19 18:02:14,626 - INFO - 🌐 Navigating to: https://visas-fr.tlscontact.com/en-us/country/am/vac/amEVN2fr
2026-01-19 18:02:14,998 - INFO - ✅ Page navigation successful
2026-01-19 18:02:14,999 - INFO - ⏳ Waiting for Cloudflare (30 seconds)...
2026-01-19 18:02:47,725 - INFO - 📄 Current URL: https://visas-fr.tlscontact.com/en-us/country/am/vac/amEVN2fr
2026-01-19 18:02:47,726 - INFO - 📄 Page title: Welcome to TLScontact Yerevan | TLScontact Yerevan
2026-01-19 18:02:47,726 - INFO - 🎉 Continuing with automation steps...
2026-01-19 18:02:51,640 - INFO - Starting automatic step execution...
2026-01-19 18:02:51,640 - INFO - Starting TLSContact automation sequence...
2026-01-19 18:02:51,640 - INFO - Step 1: Clicking 'Book an appointment' button...
2026-01-19 18:02:59,455 - INFO - Successfully clicked 'Book an appointment'
2026-01-19 18:03:03,787 - INFO - Step 2: Clicking 'Yes' for France-Visas question...
2026-01-19 18:03:13,607 - INFO - Successfully clicked 'Yes' for France-Visas question
2026-01-19 18:03:18,094 - INFO - Step 3: Clicking 'Yes' for TLScontact registration question...
2026-01-19 18:03:24,974 - INFO - Successfully clicked second 'Yes' button
2026-01-19 18:03:28,786 - INFO - Step 4: Clicking 'LOG IN' button...
2026-01-19 18:03:38,151 - INFO - Successfully clicked 'LOG IN' button
2026-01-19 18:03:38,285 - WARNING - Page load timeout
2026-01-19 18:03:38,286 - INFO - Step 5: Entering email address...
2026-01-19 18:03:42,016 - WARNING - Could not remove URL bar focus: Message: invalid session id; For documentation on this error, please visit: https://www.selenium.dev/documentation/webdriver/troubleshooting/errors#invalidsessionidexception
Stacktrace:
0   undetected_chromedriver             0x00000001031a6068 undetected_chromedriver + 6631528
1   undetected_chromedriver             0x000000010319cd1a undetected_chromedriver + 6593818
2   undetected_chromedriver             0x0000000102bbdae8 undetected_chromedriver + 436968
3   undetected_chromedriver             0x0000000102c0118d undetected_chromedriver + 713101
4   undetected_chromedriver             0x0000000102c35446 undetected_chromedriver + 926790
5   undetected_chromedriver             0x0000000102c2fdc6 undetected_chromedriver + 904646
6   undetected_chromedriver             0x0000000102c2f19d undetected_chromedriver + 901533
7   undetected_chromedriver             0x0000000102b8596f undetected_chromedriver + 207215
8   undetected_chromedriver             0x0000000103163011 undetected_chromedriver + 6357009
9   undetected_chromedriver             0x0000000103167460 undetected_chromedriver + 6374496
10  undetected_chromedriver             0x000000010313e023 undetected_chromedriver + 6205475
11  undetected_chromedriver             0x0000000103167ed5 undetected_chromedriver + 6377173
12  undetected_chromedriver             0x000000010312cf01 undetected_chromedriver + 6135553
13  undetected_chromedriver             0x0000000102b83381 undetected_chromedriver + 197505
14  dyld                                0x0000000203f69781 start + 3457

2026-01-19 18:03:42,017 - WARNING - Could not remove URL bar focus: Message: invalid session id; For documentation on this error, please visit: https://www.selenium.dev/documentation/webdriver/troubleshooting/errors#invalidsessionidexception
Stacktrace:
0   undetected_chromedriver             0x00000001031a6068 undetected_chromedriver + 6631528
1   undetected_chromedriver             0x000000010319cd1a undetected_chromedriver + 6593818
2   undetected_chromedriver             0x0000000102bbdae8 undetected_chromedriver + 436968
3   undetected_chromedriver             0x0000000102c0118d undetected_chromedriver + 713101
4   undetected_chromedriver             0x0000000102c35446 undetected_chromedriver + 926790
5   undetected_chromedriver             0x0000000102c2fdc6 undetected_chromedriver + 904646
6   undetected_chromedriver             0x0000000102c2f19d undetected_chromedriver + 901533
7   undetected_chromedriver             0x0000000102b8596f undetected_chromedriver + 207215
8   undetected_chromedriver             0x0000000103163011 undetected_chromedriver + 6357009
9   undetected_chromedriver             0x0000000103167460 undetected_chromedriver + 6374496
10  undetected_chromedriver             0x000000010313e023 undetected_chromedriver + 6205475
11  undetected_chromedriver             0x0000000103167ed5 undetected_chromedriver + 6377173
12  undetected_chromedriver             0x000000010312cf01 undetected_chromedriver + 6135553
13  undetected_chromedriver             0x0000000102b83381 undetected_chromedriver + 197505
14  dyld                                0x0000000203f69781 start + 3457

2026-01-19 18:03:42,017 - WARNING - Could not ensure page focus: Message: invalid session id; For documentation on this error, please visit: https://www.selenium.dev/documentation/webdriver/troubleshooting/errors#invalidsessionidexception
Stacktrace:
0   undetected_chromedriver             0x00000001031a6068 undetected_chromedriver + 6631528
1   undetected_chromedriver             0x000000010319cd1a undetected_chromedriver + 6593818
2   undetected_chromedriver             0x0000000102bbdae8 undetected_chromedriver + 436968
3   undetected_chromedriver             0x0000000102c0118d undetected_chromedriver + 713101
4   undetected_chromedriver             0x0000000102c35446 undetected_chromedriver + 926790
5   undetected_chromedriver             0x0000000102c2fdc6 undetected_chromedriver + 904646
6   undetected_chromedriver             0x0000000102c2f19d undetected_chromedriver + 901533
7   undetected_chromedriver             0x0000000102b8596f undetected_chromedriver + 207215
8   undetected_chromedriver             0x0000000103163011 undetected_chromedriver + 6357009
9   undetected_chromedriver             0x0000000103167460 undetected_chromedriver + 6374496
10  undetected_chromedriver             0x000000010313e023 undetected_chromedriver + 6205475
11  undetected_chromedriver             0x0000000103167ed5 undetected_chromedriver + 6377173
12  undetected_chromedriver             0x000000010312cf01 undetected_chromedriver + 6135553
13  undetected_chromedriver             0x0000000102b83381 undetected_chromedriver + 197505
14  dyld                                0x0000000203f69781 start + 3457

2026-01-19 18:03:42,018 - WARNING - Could not clear email field focus: Message: invalid session id; For documentation on this error, please visit: https://www.selenium.dev/documentation/webdriver/troubleshooting/errors#invalidsessionidexception
Stacktrace:
0   undetected_chromedriver             0x00000001031a6068 undetected_chromedriver + 6631528
1   undetected_chromedriver             0x000000010319cd1a undetected_chromedriver + 6593818
2   undetected_chromedriver             0x0000000102bbdae8 undetected_chromedriver + 436968
3   undetected_chromedriver             0x0000000102c0118d undetected_chromedriver + 713101
4   undetected_chromedriver             0x0000000102c35446 undetected_chromedriver + 926790
5   undetected_chromedriver             0x0000000102c2fdc6 undetected_chromedriver + 904646
6   undetected_chromedriver             0x0000000102c2f19d undetected_chromedriver + 901533
7   undetected_chromedriver             0x0000000102b8596f undetected_chromedriver + 207215
8   undetected_chromedriver             0x0000000103163011 undetected_chromedriver + 6357009
9   undetected_chromedriver             0x0000000103167460 undetected_chromedriver + 6374496
10  undetected_chromedriver             0x000000010313e023 undetected_chromedriver + 6205475
11  undetected_chromedriver             0x0000000103167ed5 undetected_chromedriver + 6377173
12  undetected_chromedriver             0x000000010312cf01 undetected_chromedriver + 6135553
13  undetected_chromedriver             0x0000000102b83381 undetected_chromedriver + 197505
14  dyld                                0x0000000203f69781 start + 3457

2026-01-19 18:03:42,019 - WARNING - Could not remove URL bar focus: Message: invalid session id; For documentation on this error, please visit: https://www.selenium.dev/documentation/webdriver/troubleshooting/errors#invalidsessionidexception
Stacktrace:
0   undetected_chromedriver             0x00000001031a6068 undetected_chromedriver + 6631528
1   undetected_chromedriver             0x000000010319cd1a undetected_chromedriver + 6593818
2   undetected_chromedriver             0x0000000102bbdae8 undetected_chromedriver + 436968
3   undetected_chromedriver             0x0000000102c0118d undetected_chromedriver + 713101
4   undetected_chromedriver             0x0000000102c35446 undetected_chromedriver + 926790
5   undetected_chromedriver             0x0000000102c2fdc6 undetected_chromedriver + 904646
6   undetected_chromedriver             0x0000000102c2f19d undetected_chromedriver + 901533
7   undetected_chromedriver             0x0000000102b8596f undetected_chromedriver + 207215
8   undetected_chromedriver             0x0000000103163011 undetected_chromedriver + 6357009
9   undetected_chromedriver             0x0000000103167460 undetected_chromedriver + 6374496
10  undetected_chromedriver             0x000000010313e023 undetected_chromedriver + 6205475
11  undetected_chromedriver             0x0000000103167ed5 undetected_chromedriver + 6377173
12  undetected_chromedriver             0x000000010312cf01 undetected_chromedriver + 6135553
13  undetected_chromedriver             0x0000000102b83381 undetected_chromedriver + 197505
14  dyld                                0x0000000203f69781 start + 3457

2026-01-19 18:03:42,019 - WARNING - Could not remove URL bar focus: Message: invalid session id; For documentation on this error, please visit: https://www.selenium.dev/documentation/webdriver/troubleshooting/errors#invalidsessionidexception
Stacktrace:
0   undetected_chromedriver             0x00000001031a6068 undetected_chromedriver + 6631528
1   undetected_chromedriver             0x000000010319cd1a undetected_chromedriver + 6593818
2   undetected_chromedriver             0x0000000102bbdae8 undetected_chromedriver + 436968
3   undetected_chromedriver             0x0000000102c0118d undetected_chromedriver + 713101
4   undetected_chromedriver             0x0000000102c35446 undetected_chromedriver + 926790
5   undetected_chromedriver             0x0000000102c2fdc6 undetected_chromedriver + 904646
6   undetected_chromedriver             0x0000000102c2f19d undetected_chromedriver + 901533
7   undetected_chromedriver             0x0000000102b8596f undetected_chromedriver + 207215
8   undetected_chromedriver             0x0000000103163011 undetected_chromedriver + 6357009
9   undetected_chromedriver             0x0000000103167460 undetected_chromedriver + 6374496
10  undetected_chromedriver             0x000000010313e023 undetected_chromedriver + 6205475
11  undetected_chromedriver             0x0000000103167ed5 undetected_chromedriver + 6377173
12  undetected_chromedriver             0x000000010312cf01 undetected_chromedriver + 6135553
13  undetected_chromedriver             0x0000000102b83381 undetected_chromedriver + 197505
14  dyld                                0x0000000203f69781 start + 3457

2026-01-19 18:03:42,020 - WARNING - Could not ensure page focus: Message: invalid session id; For documentation on this error, please visit: https://www.selenium.dev/documentation/webdriver/troubleshooting/errors#invalidsessionidexception
Stacktrace:
0   undetected_chromedriver             0x00000001031a6068 undetected_chromedriver + 6631528
1   undetected_chromedriver             0x000000010319cd1a undetected_chromedriver + 6593818
2   undetected_chromedriver             0x0000000102bbdae8 undetected_chromedriver + 436968
3   undetected_chromedriver             0x0000000102c0118d undetected_chromedriver + 713101
4   undetected_chromedriver             0x0000000102c35446 undetected_chromedriver + 926790
5   undetected_chromedriver             0x0000000102c2fdc6 undetected_chromedriver + 904646
6   undetected_chromedriver             0x0000000102c2f19d undetected_chromedriver + 901533
7   undetected_chromedriver             0x0000000102b8596f undetected_chromedriver + 207215
8   undetected_chromedriver             0x0000000103163011 undetected_chromedriver + 6357009
9   undetected_chromedriver             0x0000000103167460 undetected_chromedriver + 6374496
10  undetected_chromedriver             0x000000010313e023 undetected_chromedriver + 6205475
11  undetected_chromedriver             0x0000000103167ed5 undetected_chromedriver + 6377173
12  undetected_chromedriver             0x000000010312cf01 undetected_chromedriver + 6135553
13  undetected_chromedriver             0x0000000102b83381 undetected_chromedriver + 197505
14  dyld                                0x0000000203f69781 start + 3457

2026-01-19 18:03:42,021 - WARNING - Could not type email in input#email-input-field: Message: invalid session id; For documentation on this error, please visit: https://www.selenium.dev/documentation/webdriver/troubleshooting/errors#invalidsessionidexception
Stacktrace:
0   undetected_chromedriver             0x00000001031a6068 undetected_chromedriver + 6631528
1   undetected_chromedriver             0x000000010319cd1a undetected_chromedriver + 6593818
2   undetected_chromedriver             0x0000000102bbdae8 undetected_chromedriver + 436968
3   undetected_chromedriver             0x0000000102c0118d undetected_chromedriver + 713101
4   undetected_chromedriver             0x0000000102c35446 undetected_chromedriver + 926790
5   undetected_chromedriver             0x0000000102c2fdc6 undetected_chromedriver + 904646
6   undetected_chromedriver             0x0000000102c2f19d undetected_chromedriver + 901533
7   undetected_chromedriver             0x0000000102b8596f undetected_chromedriver + 207215
8   undetected_chromedriver             0x0000000103163011 undetected_chromedriver + 6357009
9   undetected_chromedriver             0x0000000103167460 undetected_chromedriver + 6374496
10  undetected_chromedriver             0x000000010313e023 undetected_chromedriver + 6205475
11  undetected_chromedriver             0x0000000103167ed5 undetected_chromedriver + 6377173
12  undetected_chromedriver             0x000000010312cf01 undetected_chromedriver + 6135553
13  undetected_chromedriver             0x0000000102b83381 undetected_chromedriver + 197505
14  dyld                                0x0000000203f69781 start + 3457

2026-01-19 18:03:42,021 - WARNING - Could not clear email field focus: Message: invalid session id; For documentation on this error, please visit: https://www.selenium.dev/documentation/webdriver/troubleshooting/errors#invalidsessionidexception
Stacktrace:
0   undetected_chromedriver             0x00000001031a6068 undetected_chromedriver + 6631528
1   undetected_chromedriver             0x000000010319cd1a undetected_chromedriver + 6593818
2   undetected_chromedriver             0x0000000102bbdae8 undetected_chromedriver + 436968
3   undetected_chromedriver             0x0000000102c0118d undetected_chromedriver + 713101
4   undetected_chromedriver             0x0000000102c35446 undetected_chromedriver + 926790
5   undetected_chromedriver             0x0000000102c2fdc6 undetected_chromedriver + 904646
6   undetected_chromedriver             0x0000000102c2f19d undetected_chromedriver + 901533
7   undetected_chromedriver             0x0000000102b8596f undetected_chromedriver + 207215
8   undetected_chromedriver             0x0000000103163011 undetected_chromedriver + 6357009
9   undetected_chromedriver             0x0000000103167460 undetected_chromedriver + 6374496
10  undetected_chromedriver             0x000000010313e023 undetected_chromedriver + 6205475
11  undetected_chromedriver             0x0000000103167ed5 undetected_chromedriver + 6377173
12  undetected_chromedriver             0x000000010312cf01 undetected_chromedriver + 6135553
13  undetected_chromedriver             0x0000000102b83381 undetected_chromedriver + 197505
14  dyld                                0x0000000203f69781 start + 3457

2026-01-19 18:03:42,022 - WARNING - Could not remove URL bar focus: Message: invalid session id; For documentation on this error, please visit: https://www.selenium.dev/documentation/webdriver/troubleshooting/errors#invalidsessionidexception
Stacktrace:
0   undetected_chromedriver             0x00000001031a6068 undetected_chromedriver + 6631528
1   undetected_chromedriver             0x000000010319cd1a undetected_chromedriver + 6593818
2   undetected_chromedriver             0x0000000102bbdae8 undetected_chromedriver + 436968
3   undetected_chromedriver             0x0000000102c0118d undetected_chromedriver + 713101
4   undetected_chromedriver             0x0000000102c35446 undetected_chromedriver + 926790
5   undetected_chromedriver             0x0000000102c2fdc6 undetected_chromedriver + 904646
6   undetected_chromedriver             0x0000000102c2f19d undetected_chromedriver + 901533
7   undetected_chromedriver             0x0000000102b8596f undetected_chromedriver + 207215
8   undetected_chromedriver             0x0000000103163011 undetected_chromedriver + 6357009
9   undetected_chromedriver             0x0000000103167460 undetected_chromedriver + 6374496
10  undetected_chromedriver             0x000000010313e023 undetected_chromedriver + 6205475
11  undetected_chromedriver             0x0000000103167ed5 undetected_chromedriver + 6377173
12  undetected_chromedriver             0x000000010312cf01 undetected_chromedriver + 6135553
13  undetected_chromedriver             0x0000000102b83381 undetected_chromedriver + 197505
14  dyld                                0x0000000203f69781 start + 3457

2026-01-19 18:03:42,023 - WARNING - Could not remove URL bar focus: Message: invalid session id; For documentation on this error, please visit: https://www.selenium.dev/documentation/webdriver/troubleshooting/errors#invalidsessionidexception
Stacktrace:
0   undetected_chromedriver             0x00000001031a6068 undetected_chromedriver + 6631528
1   undetected_chromedriver             0x000000010319cd1a undetected_chromedriver + 6593818
2   undetected_chromedriver             0x0000000102bbdae8 undetected_chromedriver + 436968
3   undetected_chromedriver             0x0000000102c0118d undetected_chromedriver + 713101
4   undetected_chromedriver             0x0000000102c35446 undetected_chromedriver + 926790
5   undetected_chromedriver             0x0000000102c2fdc6 undetected_chromedriver + 904646
6   undetected_chromedriver             0x0000000102c2f19d undetected_chromedriver + 901533
7   undetected_chromedriver             0x0000000102b8596f undetected_chromedriver + 207215
8   undetected_chromedriver             0x0000000103163011 undetected_chromedriver + 6357009
9   undetected_chromedriver             0x0000000103167460 undetected_chromedriver + 6374496
10  undetected_chromedriver             0x000000010313e023 undetected_chromedriver + 6205475
11  undetected_chromedriver             0x0000000103167ed5 undetected_chromedriver + 6377173
12  undetected_chromedriver             0x000000010312cf01 undetected_chromedriver + 6135553
13  undetected_chromedriver             0x0000000102b83381 undetected_chromedriver + 197505
14  dyld                                0x0000000203f69781 start + 3457

2026-01-19 18:03:42,024 - WARNING - Could not ensure page focus: Message: invalid session id; For documentation on this error, please visit: https://www.selenium.dev/documentation/webdriver/troubleshooting/errors#invalidsessionidexception
Stacktrace:
0   undetected_chromedriver             0x00000001031a6068 undetected_chromedriver + 6631528
1   undetected_chromedriver             0x000000010319cd1a undetected_chromedriver + 6593818
2   undetected_chromedriver             0x0000000102bbdae8 undetected_chromedriver + 436968
3   undetected_chromedriver             0x0000000102c0118d undetected_chromedriver + 713101
4   undetected_chromedriver             0x0000000102c35446 undetected_chromedriver + 926790
5   undetected_chromedriver             0x0000000102c2fdc6 undetected_chromedriver + 904646
6   undetected_chromedriver             0x0000000102c2f19d undetected_chromedriver + 901533
7   undetected_chromedriver             0x0000000102b8596f undetected_chromedriver + 207215
8   undetected_chromedriver             0x0000000103163011 undetected_chromedriver + 6357009
9   undetected_chromedriver             0x0000000103167460 undetected_chromedriver + 6374496
10  undetected_chromedriver             0x000000010313e023 undetected_chromedriver + 6205475
11  undetected_chromedriver             0x0000000103167ed5 undetected_chromedriver + 6377173
12  undetected_chromedriver             0x000000010312cf01 undetected_chromedriver + 6135553
13  undetected_chromedriver             0x0000000102b83381 undetected_chromedriver + 197505
14  dyld                                0x0000000203f69781 start + 3457

2026-01-19 18:03:42,024 - WARNING - Could not type email in #email-input-field: Message: invalid session id; For documentation on this error, please visit: https://www.selenium.dev/documentation/webdriver/troubleshooting/errors#invalidsessionidexception
Stacktrace:
0   undetected_chromedriver             0x00000001031a6068 undetected_chromedriver + 6631528
1   undetected_chromedriver             0x000000010319cd1a undetected_chromedriver + 6593818
2   undetected_chromedriver             0x0000000102bbdae8 undetected_chromedriver + 436968
3   undetected_chromedriver             0x0000000102c0118d undetected_chromedriver + 713101
4   undetected_chromedriver             0x0000000102c35446 undetected_chromedriver + 926790
5   undetected_chromedriver             0x0000000102c2fdc6 undetected_chromedriver + 904646
6   undetected_chromedriver             0x0000000102c2f19d undetected_chromedriver + 901533
7   undetected_chromedriver             0x0000000102b8596f undetected_chromedriver + 207215
8   undetected_chromedriver             0x0000000103163011 undetected_chromedriver + 6357009
9   undetected_chromedriver             0x0000000103167460 undetected_chromedriver + 6374496
10  undetected_chromedriver             0x000000010313e023 undetected_chromedriver + 6205475
11  undetected_chromedriver             0x0000000103167ed5 undetected_chromedriver + 6377173
12  undetected_chromedriver             0x000000010312cf01 undetected_chromedriver + 6135553
13  undetected_chromedriver             0x0000000102b83381 undetected_chromedriver + 197505
14  dyld                                0x0000000203f69781 start + 3457

2026-01-19 18:03:42,025 - WARNING - Could not clear email field focus: Message: invalid session id; For documentation on this error, please visit: https://www.selenium.dev/documentation/webdriver/troubleshooting/errors#invalidsessionidexception
Stacktrace:
0   undetected_chromedriver             0x00000001031a6068 undetected_chromedriver + 6631528
1   undetected_chromedriver             0x000000010319cd1a undetected_chromedriver + 6593818
2   undetected_chromedriver             0x0000000102bbdae8 undetected_chromedriver + 436968
3   undetected_chromedriver             0x0000000102c0118d undetected_chromedriver + 713101
4   undetected_chromedriver             0x0000000102c35446 undetected_chromedriver + 926790
5   undetected_chromedriver             0x0000000102c2fdc6 undetected_chromedriver + 904646
6   undetected_chromedriver             0x0000000102c2f19d undetected_chromedriver + 901533
7   undetected_chromedriver             0x0000000102b8596f undetected_chromedriver + 207215
8   undetected_chromedriver             0x0000000103163011 undetected_chromedriver + 6357009
9   undetected_chromedriver             0x0000000103167460 undetected_chromedriver + 6374496
10  undetected_chromedriver             0x000000010313e023 undetected_chromedriver + 6205475
11  undetected_chromedriver             0x0000000103167ed5 undetected_chromedriver + 6377173
12  undetected_chromedriver             0x000000010312cf01 undetected_chromedriver + 6135553
13  undetected_chromedriver             0x0000000102b83381 undetected_chromedriver + 197505
14  dyld                                0x0000000203f69781 start + 3457

2026-01-19 18:03:42,026 - WARNING - Could not remove URL bar focus: Message: invalid session id; For documentation on this error, please visit: https://www.selenium.dev/documentation/webdriver/troubleshooting/errors#invalidsessionidexception
Stacktrace:
0   undetected_chromedriver             0x00000001031a6068 undetected_chromedriver + 6631528
1   undetected_chromedriver             0x000000010319cd1a undetected_chromedriver + 6593818
2   undetected_chromedriver             0x0000000102bbdae8 undetected_chromedriver + 436968
3   undetected_chromedriver             0x0000000102c0118d undetected_chromedriver + 713101
4   undetected_chromedriver             0x0000000102c35446 undetected_chromedriver + 926790
5   undetected_chromedriver             0x0000000102c2fdc6 undetected_chromedriver + 904646
6   undetected_chromedriver             0x0000000102c2f19d undetected_chromedriver + 901533
7   undetected_chromedriver             0x0000000102b8596f undetected_chromedriver + 207215
8   undetected_chromedriver             0x0000000103163011 undetected_chromedriver + 6357009
9   undetected_chromedriver             0x0000000103167460 undetected_chromedriver + 6374496
10  undetected_chromedriver             0x000000010313e023 undetected_chromedriver + 6205475
11  undetected_chromedriver             0x0000000103167ed5 undetected_chromedriver + 6377173
12  undetected_chromedriver             0x000000010312cf01 undetected_chromedriver + 6135553
13  undetected_chromedriver             0x0000000102b83381 undetected_chromedriver + 197505
14  dyld                                0x0000000203f69781 start + 3457

2026-01-19 18:03:42,027 - WARNING - Could not remove URL bar focus: Message: invalid session id; For documentation on this error, please visit: https://www.selenium.dev/documentation/webdriver/troubleshooting/errors#invalidsessionidexception
Stacktrace:
0   undetected_chromedriver             0x00000001031a6068 undetected_chromedriver + 6631528
1   undetected_chromedriver             0x000000010319cd1a undetected_chromedriver + 6593818
2   undetected_chromedriver             0x0000000102bbdae8 undetected_chromedriver + 436968
3   undetected_chromedriver             0x0000000102c0118d undetected_chromedriver + 713101
4   undetected_chromedriver             0x0000000102c35446 undetected_chromedriver + 926790
5   undetected_chromedriver             0x0000000102c2fdc6 undetected_chromedriver + 904646
6   undetected_chromedriver             0x0000000102c2f19d undetected_chromedriver + 901533
7   undetected_chromedriver             0x0000000102b8596f undetected_chromedriver + 207215
8   undetected_chromedriver             0x0000000103163011 undetected_chromedriver + 6357009
9   undetected_chromedriver             0x0000000103167460 undetected_chromedriver + 6374496
10  undetected_chromedriver             0x000000010313e023 undetected_chromedriver + 6205475
11  undetected_chromedriver             0x0000000103167ed5 undetected_chromedriver + 6377173
12  undetected_chromedriver             0x000000010312cf01 undetected_chromedriver + 6135553
13  undetected_chromedriver             0x0000000102b83381 undetected_chromedriver + 197505
14  dyld                                0x0000000203f69781 start + 3457

2026-01-19 18:03:42,028 - WARNING - Could not ensure page focus: Message: invalid session id; For documentation on this error, please visit: https://www.selenium.dev/documentation/webdriver/troubleshooting/errors#invalidsessionidexception
Stacktrace:
0   undetected_chromedriver             0x00000001031a6068 undetected_chromedriver + 6631528
1   undetected_chromedriver             0x000000010319cd1a undetected_chromedriver + 6593818
2   undetected_chromedriver             0x0000000102bbdae8 undetected_chromedriver + 436968
3   undetected_chromedriver             0x0000000102c0118d undetected_chromedriver + 713101
4   undetected_chromedriver             0x0000000102c35446 undetected_chromedriver + 926790
5   undetected_chromedriver             0x0000000102c2fdc6 undetected_chromedriver + 904646
6   undetected_chromedriver             0x0000000102c2f19d undetected_chromedriver + 901533
7   undetected_chromedriver             0x0000000102b8596f undetected_chromedriver + 207215
8   undetected_chromedriver             0x0000000103163011 undetected_chromedriver + 6357009
9   undetected_chromedriver             0x0000000103167460 undetected_chromedriver + 6374496
10  undetected_chromedriver             0x000000010313e023 undetected_chromedriver + 6205475
11  undetected_chromedriver             0x0000000103167ed5 undetected_chromedriver + 6377173
12  undetected_chromedriver             0x000000010312cf01 undetected_chromedriver + 6135553
13  undetected_chromedriver             0x0000000102b83381 undetected_chromedriver + 197505
14  dyld                                0x0000000203f69781 start + 3457

2026-01-19 18:03:42,029 - WARNING - Could not type email in input[name='username']: Message: invalid session id; For documentation on this error, please visit: https://www.selenium.dev/documentation/webdriver/troubleshooting/errors#invalidsessionidexception
Stacktrace:
0   undetected_chromedriver             0x00000001031a6068 undetected_chromedriver + 6631528
1   undetected_chromedriver             0x000000010319cd1a undetected_chromedriver + 6593818
2   undetected_chromedriver             0x0000000102bbdae8 undetected_chromedriver + 436968
3   undetected_chromedriver             0x0000000102c0118d undetected_chromedriver + 713101
4   undetected_chromedriver             0x0000000102c35446 undetected_chromedriver + 926790
5   undetected_chromedriver             0x0000000102c2fdc6 undetected_chromedriver + 904646
6   undetected_chromedriver             0x0000000102c2f19d undetected_chromedriver + 901533
7   undetected_chromedriver             0x0000000102b8596f undetected_chromedriver + 207215
8   undetected_chromedriver             0x0000000103163011 undetected_chromedriver + 6357009
9   undetected_chromedriver             0x0000000103167460 undetected_chromedriver + 6374496
10  undetected_chromedriver             0x000000010313e023 undetected_chromedriver + 6205475
11  undetected_chromedriver             0x0000000103167ed5 undetected_chromedriver + 6377173
12  undetected_chromedriver             0x000000010312cf01 undetected_chromedriver + 6135553
13  undetected_chromedriver             0x0000000102b83381 undetected_chromedriver + 197505
14  dyld                                0x0000000203f69781 start + 3457

2026-01-19 18:03:42,030 - WARNING - Could not clear email field focus: Message: invalid session id; For documentation on this error, please visit: https://www.selenium.dev/documentation/webdriver/troubleshooting/errors#invalidsessionidexception
Stacktrace:
0   undetected_chromedriver             0x00000001031a6068 undetected_chromedriver + 6631528
1   undetected_chromedriver             0x000000010319cd1a undetected_chromedriver + 6593818
2   undetected_chromedriver             0x0000000102bbdae8 undetected_chromedriver + 436968
3   undetected_chromedriver             0x0000000102c0118d undetected_chromedriver + 713101
4   undetected_chromedriver             0x0000000102c35446 undetected_chromedriver + 926790
5   undetected_chromedriver             0x0000000102c2fdc6 undetected_chromedriver + 904646
6   undetected_chromedriver             0x0000000102c2f19d undetected_chromedriver + 901533
7   undetected_chromedriver             0x0000000102b8596f undetected_chromedriver + 207215
8   undetected_chromedriver             0x0000000103163011 undetected_chromedriver + 6357009
9   undetected_chromedriver             0x0000000103167460 undetected_chromedriver + 6374496
10  undetected_chromedriver             0x000000010313e023 undetected_chromedriver + 6205475
11  undetected_chromedriver             0x0000000103167ed5 undetected_chromedriver + 6377173
12  undetected_chromedriver             0x000000010312cf01 undetected_chromedriver + 6135553
13  undetected_chromedriver             0x0000000102b83381 undetected_chromedriver + 197505
14  dyld                                0x0000000203f69781 start + 3457

2026-01-19 18:03:42,030 - WARNING - Could not remove URL bar focus: Message: invalid session id; For documentation on this error, please visit: https://www.selenium.dev/documentation/webdriver/troubleshooting/errors#invalidsessionidexception
Stacktrace:
0   undetected_chromedriver             0x00000001031a6068 undetected_chromedriver + 6631528
1   undetected_chromedriver             0x000000010319cd1a undetected_chromedriver + 6593818
2   undetected_chromedriver             0x0000000102bbdae8 undetected_chromedriver + 436968
3   undetected_chromedriver             0x0000000102c0118d undetected_chromedriver + 713101
4   undetected_chromedriver             0x0000000102c35446 undetected_chromedriver + 926790
5   undetected_chromedriver             0x0000000102c2fdc6 undetected_chromedriver + 904646
6   undetected_chromedriver             0x0000000102c2f19d undetected_chromedriver + 901533
7   undetected_chromedriver             0x0000000102b8596f undetected_chromedriver + 207215
8   undetected_chromedriver             0x0000000103163011 undetected_chromedriver + 6357009
9   undetected_chromedriver             0x0000000103167460 undetected_chromedriver + 6374496
10  undetected_chromedriver             0x000000010313e023 undetected_chromedriver + 6205475
11  undetected_chromedriver             0x0000000103167ed5 undetected_chromedriver + 6377173
12  undetected_chromedriver             0x000000010312cf01 undetected_chromedriver + 6135553
13  undetected_chromedriver             0x0000000102b83381 undetected_chromedriver + 197505
14  dyld                                0x0000000203f69781 start + 3457

2026-01-19 18:03:42,031 - WARNING - Could not remove URL bar focus: Message: invalid session id; For documentation on this error, please visit: https://www.selenium.dev/documentation/webdriver/troubleshooting/errors#invalidsessionidexception
Stacktrace:
0   undetected_chromedriver             0x00000001031a6068 undetected_chromedriver + 6631528
1   undetected_chromedriver             0x000000010319cd1a undetected_chromedriver + 6593818
2   undetected_chromedriver             0x0000000102bbdae8 undetected_chromedriver + 436968
3   undetected_chromedriver             0x0000000102c0118d undetected_chromedriver + 713101
4   undetected_chromedriver             0x0000000102c35446 undetected_chromedriver + 926790
5   undetected_chromedriver             0x0000000102c2fdc6 undetected_chromedriver + 904646
6   undetected_chromedriver             0x0000000102c2f19d undetected_chromedriver + 901533
7   undetected_chromedriver             0x0000000102b8596f undetected_chromedriver + 207215
8   undetected_chromedriver             0x0000000103163011 undetected_chromedriver + 6357009
9   undetected_chromedriver             0x0000000103167460 undetected_chromedriver + 6374496
10  undetected_chromedriver             0x000000010313e023 undetected_chromedriver + 6205475
11  undetected_chromedriver             0x0000000103167ed5 undetected_chromedriver + 6377173
12  undetected_chromedriver             0x000000010312cf01 undetected_chromedriver + 6135553
13  undetected_chromedriver             0x0000000102b83381 undetected_chromedriver + 197505
14  dyld                                0x0000000203f69781 start + 3457

2026-01-19 18:03:42,032 - WARNING - Could not ensure page focus: Message: invalid session id; For documentation on this error, please visit: https://www.selenium.dev/documentation/webdriver/troubleshooting/errors#invalidsessionidexception
Stacktrace:
0   undetected_chromedriver             0x00000001031a6068 undetected_chromedriver + 6631528
1   undetected_chromedriver             0x000000010319cd1a undetected_chromedriver + 6593818
2   undetected_chromedriver             0x0000000102bbdae8 undetected_chromedriver + 436968
3   undetected_chromedriver             0x0000000102c0118d undetected_chromedriver + 713101
4   undetected_chromedriver             0x0000000102c35446 undetected_chromedriver + 926790
5   undetected_chromedriver             0x0000000102c2fdc6 undetected_chromedriver + 904646
6   undetected_chromedriver             0x0000000102c2f19d undetected_chromedriver + 901533
7   undetected_chromedriver             0x0000000102b8596f undetected_chromedriver + 207215
8   undetected_chromedriver             0x0000000103163011 undetected_chromedriver + 6357009
9   undetected_chromedriver             0x0000000103167460 undetected_chromedriver + 6374496
10  undetected_chromedriver             0x000000010313e023 undetected_chromedriver + 6205475
11  undetected_chromedriver             0x0000000103167ed5 undetected_chromedriver + 6377173
12  undetected_chromedriver             0x000000010312cf01 undetected_chromedriver + 6135553
13  undetected_chromedriver             0x0000000102b83381 undetected_chromedriver + 197505
14  dyld                                0x0000000203f69781 start + 3457

2026-01-19 18:03:42,032 - WARNING - Could not type email in input[type='text'][name='username']: Message: invalid session id; For documentation on this error, please visit: https://www.selenium.dev/documentation/webdriver/troubleshooting/errors#invalidsessionidexception
Stacktrace:
0   undetected_chromedriver             0x00000001031a6068 undetected_chromedriver + 6631528
1   undetected_chromedriver             0x000000010319cd1a undetected_chromedriver + 6593818
2   undetected_chromedriver             0x0000000102bbdae8 undetected_chromedriver + 436968
3   undetected_chromedriver             0x0000000102c0118d undetected_chromedriver + 713101
4   undetected_chromedriver             0x0000000102c35446 undetected_chromedriver + 926790
5   undetected_chromedriver             0x0000000102c2fdc6 undetected_chromedriver + 904646
6   undetected_chromedriver             0x0000000102c2f19d undetected_chromedriver + 901533
7   undetected_chromedriver             0x0000000102b8596f undetected_chromedriver + 207215
8   undetected_chromedriver             0x0000000103163011 undetected_chromedriver + 6357009
9   undetected_chromedriver             0x0000000103167460 undetected_chromedriver + 6374496
10  undetected_chromedriver             0x000000010313e023 undetected_chromedriver + 6205475
11  undetected_chromedriver             0x0000000103167ed5 undetected_chromedriver + 6377173
12  undetected_chromedriver             0x000000010312cf01 undetected_chromedriver + 6135553
13  undetected_chromedriver             0x0000000102b83381 undetected_chromedriver + 197505
14  dyld                                0x0000000203f69781 start + 3457

2026-01-19 18:03:42,033 - WARNING - Could not clear email field focus: Message: invalid session id; For documentation on this error, please visit: https://www.selenium.dev/documentation/webdriver/troubleshooting/errors#invalidsessionidexception
Stacktrace:
0   undetected_chromedriver             0x00000001031a6068 undetected_chromedriver + 6631528
1   undetected_chromedriver             0x000000010319cd1a undetected_chromedriver + 6593818
2   undetected_chromedriver             0x0000000102bbdae8 undetected_chromedriver + 436968
3   undetected_chromedriver             0x0000000102c0118d undetected_chromedriver + 713101
4   undetected_chromedriver             0x0000000102c35446 undetected_chromedriver + 926790
5   undetected_chromedriver             0x0000000102c2fdc6 undetected_chromedriver + 904646
6   undetected_chromedriver             0x0000000102c2f19d undetected_chromedriver + 901533
7   undetected_chromedriver             0x0000000102b8596f undetected_chromedriver + 207215
8   undetected_chromedriver             0x0000000103163011 undetected_chromedriver + 6357009
9   undetected_chromedriver             0x0000000103167460 undetected_chromedriver + 6374496
10  undetected_chromedriver             0x000000010313e023 undetected_chromedriver + 6205475
11  undetected_chromedriver             0x0000000103167ed5 undetected_chromedriver + 6377173
12  undetected_chromedriver             0x000000010312cf01 undetected_chromedriver + 6135553
13  undetected_chromedriver             0x0000000102b83381 undetected_chromedriver + 197505
14  dyld                                0x0000000203f69781 start + 3457

2026-01-19 18:03:42,034 - WARNING - Could not remove URL bar focus: Message: invalid session id; For documentation on this error, please visit: https://www.selenium.dev/documentation/webdriver/troubleshooting/errors#invalidsessionidexception
Stacktrace:
0   undetected_chromedriver             0x00000001031a6068 undetected_chromedriver + 6631528
1   undetected_chromedriver             0x000000010319cd1a undetected_chromedriver + 6593818
2   undetected_chromedriver             0x0000000102bbdae8 undetected_chromedriver + 436968
3   undetected_chromedriver             0x0000000102c0118d undetected_chromedriver + 713101
4   undetected_chromedriver             0x0000000102c35446 undetected_chromedriver + 926790
5   undetected_chromedriver             0x0000000102c2fdc6 undetected_chromedriver + 904646
6   undetected_chromedriver             0x0000000102c2f19d undetected_chromedriver + 901533
7   undetected_chromedriver             0x0000000102b8596f undetected_chromedriver + 207215
8   undetected_chromedriver             0x0000000103163011 undetected_chromedriver + 6357009
9   undetected_chromedriver             0x0000000103167460 undetected_chromedriver + 6374496
10  undetected_chromedriver             0x000000010313e023 undetected_chromedriver + 6205475
11  undetected_chromedriver             0x0000000103167ed5 undetected_chromedriver + 6377173
12  undetected_chromedriver             0x000000010312cf01 undetected_chromedriver + 6135553
13  undetected_chromedriver             0x0000000102b83381 undetected_chromedriver + 197505
14  dyld                                0x0000000203f69781 start + 3457

2026-01-19 18:03:42,034 - WARNING - Could not remove URL bar focus: Message: invalid session id; For documentation on this error, please visit: https://www.selenium.dev/documentation/webdriver/troubleshooting/errors#invalidsessionidexception
Stacktrace:
0   undetected_chromedriver             0x00000001031a6068 undetected_chromedriver + 6631528
1   undetected_chromedriver             0x000000010319cd1a undetected_chromedriver + 6593818
2   undetected_chromedriver             0x0000000102bbdae8 undetected_chromedriver + 436968
3   undetected_chromedriver             0x0000000102c0118d undetected_chromedriver + 713101
4   undetected_chromedriver             0x0000000102c35446 undetected_chromedriver + 926790
5   undetected_chromedriver             0x0000000102c2fdc6 undetected_chromedriver + 904646
6   undetected_chromedriver             0x0000000102c2f19d undetected_chromedriver + 901533
7   undetected_chromedriver             0x0000000102b8596f undetected_chromedriver + 207215
8   undetected_chromedriver             0x0000000103163011 undetected_chromedriver + 6357009
9   undetected_chromedriver             0x0000000103167460 undetected_chromedriver + 6374496
10  undetected_chromedriver             0x000000010313e023 undetected_chromedriver + 6205475
11  undetected_chromedriver             0x0000000103167ed5 undetected_chromedriver + 6377173
12  undetected_chromedriver             0x000000010312cf01 undetected_chromedriver + 6135553
13  undetected_chromedriver             0x0000000102b83381 undetected_chromedriver + 197505
14  dyld                                0x0000000203f69781 start + 3457

2026-01-19 18:03:42,035 - WARNING - Could not ensure page focus: Message: invalid session id; For documentation on this error, please visit: https://www.selenium.dev/documentation/webdriver/troubleshooting/errors#invalidsessionidexception
Stacktrace:
0   undetected_chromedriver             0x00000001031a6068 undetected_chromedriver + 6631528
1   undetected_chromedriver             0x000000010319cd1a undetected_chromedriver + 6593818
2   undetected_chromedriver             0x0000000102bbdae8 undetected_chromedriver + 436968
3   undetected_chromedriver             0x0000000102c0118d undetected_chromedriver + 713101
4   undetected_chromedriver             0x0000000102c35446 undetected_chromedriver + 926790
5   undetected_chromedriver             0x0000000102c2fdc6 undetected_chromedriver + 904646
6   undetected_chromedriver             0x0000000102c2f19d undetected_chromedriver + 901533
7   undetected_chromedriver             0x0000000102b8596f undetected_chromedriver + 207215
8   undetected_chromedriver             0x0000000103163011 undetected_chromedriver + 6357009
9   undetected_chromedriver             0x0000000103167460 undetected_chromedriver + 6374496
10  undetected_chromedriver             0x000000010313e023 undetected_chromedriver + 6205475
11  undetected_chromedriver             0x0000000103167ed5 undetected_chromedriver + 6377173
12  undetected_chromedriver             0x000000010312cf01 undetected_chromedriver + 6135553
13  undetected_chromedriver             0x0000000102b83381 undetected_chromedriver + 197505
14  dyld                                0x0000000203f69781 start + 3457

2026-01-19 18:03:42,035 - WARNING - Could not type email in input.tls-input[name='username']: Message: invalid session id; For documentation on this error, please visit: https://www.selenium.dev/documentation/webdriver/troubleshooting/errors#invalidsessionidexception
Stacktrace:
0   undetected_chromedriver             0x00000001031a6068 undetected_chromedriver + 6631528
1   undetected_chromedriver             0x000000010319cd1a undetected_chromedriver + 6593818
2   undetected_chromedriver             0x0000000102bbdae8 undetected_chromedriver + 436968
3   undetected_chromedriver             0x0000000102c0118d undetected_chromedriver + 713101
4   undetected_chromedriver             0x0000000102c35446 undetected_chromedriver + 926790
5   undetected_chromedriver             0x0000000102c2fdc6 undetected_chromedriver + 904646
6   undetected_chromedriver             0x0000000102c2f19d undetected_chromedriver + 901533
7   undetected_chromedriver             0x0000000102b8596f undetected_chromedriver + 207215
8   undetected_chromedriver             0x0000000103163011 undetected_chromedriver + 6357009
9   undetected_chromedriver             0x0000000103167460 undetected_chromedriver + 6374496
10  undetected_chromedriver             0x000000010313e023 undetected_chromedriver + 6205475
11  undetected_chromedriver             0x0000000103167ed5 undetected_chromedriver + 6377173
12  undetected_chromedriver             0x000000010312cf01 undetected_chromedriver + 6135553
13  undetected_chromedriver             0x0000000102b83381 undetected_chromedriver + 197505
14  dyld                                0x0000000203f69781 start + 3457

2026-01-19 18:03:42,036 - WARNING - Could not remove URL bar focus: Message: invalid session id; For documentation on this error, please visit: https://www.selenium.dev/documentation/webdriver/troubleshooting/errors#invalidsessionidexception
Stacktrace:
0   undetected_chromedriver             0x00000001031a6068 undetected_chromedriver + 6631528
1   undetected_chromedriver             0x000000010319cd1a undetected_chromedriver + 6593818
2   undetected_chromedriver             0x0000000102bbdae8 undetected_chromedriver + 436968
3   undetected_chromedriver             0x0000000102c0118d undetected_chromedriver + 713101
4   undetected_chromedriver             0x0000000102c35446 undetected_chromedriver + 926790
5   undetected_chromedriver             0x0000000102c2fdc6 undetected_chromedriver + 904646
6   undetected_chromedriver             0x0000000102c2f19d undetected_chromedriver + 901533
7   undetected_chromedriver             0x0000000102b8596f undetected_chromedriver + 207215
8   undetected_chromedriver             0x0000000103163011 undetected_chromedriver + 6357009
9   undetected_chromedriver             0x0000000103167460 undetected_chromedriver + 6374496
10  undetected_chromedriver             0x000000010313e023 undetected_chromedriver + 6205475
11  undetected_chromedriver             0x0000000103167ed5 undetected_chromedriver + 6377173
12  undetected_chromedriver             0x000000010312cf01 undetected_chromedriver + 6135553
13  undetected_chromedriver             0x0000000102b83381 undetected_chromedriver + 197505
14  dyld                                0x0000000203f69781 start + 3457

2026-01-19 18:03:42,036 - WARNING - Could not remove URL bar focus: Message: invalid session id; For documentation on this error, please visit: https://www.selenium.dev/documentation/webdriver/troubleshooting/errors#invalidsessionidexception
Stacktrace:
0   undetected_chromedriver             0x00000001031a6068 undetected_chromedriver + 6631528
1   undetected_chromedriver             0x000000010319cd1a undetected_chromedriver + 6593818
2   undetected_chromedriver             0x0000000102bbdae8 undetected_chromedriver + 436968
3   undetected_chromedriver             0x0000000102c0118d undetected_chromedriver + 713101
4   undetected_chromedriver             0x0000000102c35446 undetected_chromedriver + 926790
5   undetected_chromedriver             0x0000000102c2fdc6 undetected_chromedriver + 904646
6   undetected_chromedriver             0x0000000102c2f19d undetected_chromedriver + 901533
7   undetected_chromedriver             0x0000000102b8596f undetected_chromedriver + 207215
8   undetected_chromedriver             0x0000000103163011 undetected_chromedriver + 6357009
9   undetected_chromedriver             0x0000000103167460 undetected_chromedriver + 6374496
10  undetected_chromedriver             0x000000010313e023 undetected_chromedriver + 6205475
11  undetected_chromedriver             0x0000000103167ed5 undetected_chromedriver + 6377173
12  undetected_chromedriver             0x000000010312cf01 undetected_chromedriver + 6135553
13  undetected_chromedriver             0x0000000102b83381 undetected_chromedriver + 197505
14  dyld                                0x0000000203f69781 start + 3457

2026-01-19 18:03:42,037 - WARNING - Could not ensure page focus: Message: invalid session id; For documentation on this error, please visit: https://www.selenium.dev/documentation/webdriver/troubleshooting/errors#invalidsessionidexception
Stacktrace:
0   undetected_chromedriver             0x00000001031a6068 undetected_chromedriver + 6631528
1   undetected_chromedriver             0x000000010319cd1a undetected_chromedriver + 6593818
2   undetected_chromedriver             0x0000000102bbdae8 undetected_chromedriver + 436968
3   undetected_chromedriver             0x0000000102c0118d undetected_chromedriver + 713101
4   undetected_chromedriver             0x0000000102c35446 undetected_chromedriver + 926790
5   undetected_chromedriver             0x0000000102c2fdc6 undetected_chromedriver + 904646
6   undetected_chromedriver             0x0000000102c2f19d undetected_chromedriver + 901533
7   undetected_chromedriver             0x0000000102b8596f undetected_chromedriver + 207215
8   undetected_chromedriver             0x0000000103163011 undetected_chromedriver + 6357009
9   undetected_chromedriver             0x0000000103167460 undetected_chromedriver + 6374496
10  undetected_chromedriver             0x000000010313e023 undetected_chromedriver + 6205475
11  undetected_chromedriver             0x0000000103167ed5 undetected_chromedriver + 6377173
12  undetected_chromedriver             0x000000010312cf01 undetected_chromedriver + 6135553
13  undetected_chromedriver             0x0000000102b83381 undetected_chromedriver + 197505
14  dyld                                0x0000000203f69781 start + 3457

2026-01-19 18:03:42,037 - WARNING - Could not type email in //input[@id='email-input-field']: Message: invalid session id; For documentation on this error, please visit: https://www.selenium.dev/documentation/webdriver/troubleshooting/errors#invalidsessionidexception
Stacktrace:
0   undetected_chromedriver             0x00000001031a6068 undetected_chromedriver + 6631528
1   undetected_chromedriver             0x000000010319cd1a undetected_chromedriver + 6593818
2   undetected_chromedriver             0x0000000102bbdae8 undetected_chromedriver + 436968
3   undetected_chromedriver             0x0000000102c0118d undetected_chromedriver + 713101
4   undetected_chromedriver             0x0000000102c35446 undetected_chromedriver + 926790
5   undetected_chromedriver             0x0000000102c2fdc6 undetected_chromedriver + 904646
6   undetected_chromedriver             0x0000000102c2f19d undetected_chromedriver + 901533
7   undetected_chromedriver             0x0000000102b8596f undetected_chromedriver + 207215
8   undetected_chromedriver             0x0000000103163011 undetected_chromedriver + 6357009
9   undetected_chromedriver             0x0000000103167460 undetected_chromedriver + 6374496
10  undetected_chromedriver             0x000000010313e023 undetected_chromedriver + 6205475
11  undetected_chromedriver             0x0000000103167ed5 undetected_chromedriver + 6377173
12  undetected_chromedriver             0x000000010312cf01 undetected_chromedriver + 6135553
13  undetected_chromedriver             0x0000000102b83381 undetected_chromedriver + 197505
14  dyld                                0x0000000203f69781 start + 3457

2026-01-19 18:03:42,038 - WARNING - Could not remove URL bar focus: Message: invalid session id; For documentation on this error, please visit: https://www.selenium.dev/documentation/webdriver/troubleshooting/errors#invalidsessionidexception
Stacktrace:
0   undetected_chromedriver             0x00000001031a6068 undetected_chromedriver + 6631528
1   undetected_chromedriver             0x000000010319cd1a undetected_chromedriver + 6593818
2   undetected_chromedriver             0x0000000102bbdae8 undetected_chromedriver + 436968
3   undetected_chromedriver             0x0000000102c0118d undetected_chromedriver + 713101
4   undetected_chromedriver             0x0000000102c35446 undetected_chromedriver + 926790
5   undetected_chromedriver             0x0000000102c2fdc6 undetected_chromedriver + 904646
6   undetected_chromedriver             0x0000000102c2f19d undetected_chromedriver + 901533
7   undetected_chromedriver             0x0000000102b8596f undetected_chromedriver + 207215
8   undetected_chromedriver             0x0000000103163011 undetected_chromedriver + 6357009
9   undetected_chromedriver             0x0000000103167460 undetected_chromedriver + 6374496
10  undetected_chromedriver             0x000000010313e023 undetected_chromedriver + 6205475
11  undetected_chromedriver             0x0000000103167ed5 undetected_chromedriver + 6377173
12  undetected_chromedriver             0x000000010312cf01 undetected_chromedriver + 6135553
13  undetected_chromedriver             0x0000000102b83381 undetected_chromedriver + 197505
14  dyld                                0x0000000203f69781 start + 3457

2026-01-19 18:03:42,038 - WARNING - Could not remove URL bar focus: Message: invalid session id; For documentation on this error, please visit: https://www.selenium.dev/documentation/webdriver/troubleshooting/errors#invalidsessionidexception
Stacktrace:
0   undetected_chromedriver             0x00000001031a6068 undetected_chromedriver + 6631528
1   undetected_chromedriver             0x000000010319cd1a undetected_chromedriver + 6593818
2   undetected_chromedriver             0x0000000102bbdae8 undetected_chromedriver + 436968
3   undetected_chromedriver             0x0000000102c0118d undetected_chromedriver + 713101
4   undetected_chromedriver             0x0000000102c35446 undetected_chromedriver + 926790
5   undetected_chromedriver             0x0000000102c2fdc6 undetected_chromedriver + 904646
6   undetected_chromedriver             0x0000000102c2f19d undetected_chromedriver + 901533
7   undetected_chromedriver             0x0000000102b8596f undetected_chromedriver + 207215
8   undetected_chromedriver             0x0000000103163011 undetected_chromedriver + 6357009
9   undetected_chromedriver             0x0000000103167460 undetected_chromedriver + 6374496
10  undetected_chromedriver             0x000000010313e023 undetected_chromedriver + 6205475
11  undetected_chromedriver             0x0000000103167ed5 undetected_chromedriver + 6377173
12  undetected_chromedriver             0x000000010312cf01 undetected_chromedriver + 6135553
13  undetected_chromedriver             0x0000000102b83381 undetected_chromedriver + 197505
14  dyld                                0x0000000203f69781 start + 3457

2026-01-19 18:03:42,039 - WARNING - Could not ensure page focus: Message: invalid session id; For documentation on this error, please visit: https://www.selenium.dev/documentation/webdriver/troubleshooting/errors#invalidsessionidexception
Stacktrace:
0   undetected_chromedriver             0x00000001031a6068 undetected_chromedriver + 6631528
1   undetected_chromedriver             0x000000010319cd1a undetected_chromedriver + 6593818
2   undetected_chromedriver             0x0000000102bbdae8 undetected_chromedriver + 436968
3   undetected_chromedriver             0x0000000102c0118d undetected_chromedriver + 713101
4   undetected_chromedriver             0x0000000102c35446 undetected_chromedriver + 926790
5   undetected_chromedriver             0x0000000102c2fdc6 undetected_chromedriver + 904646
6   undetected_chromedriver             0x0000000102c2f19d undetected_chromedriver + 901533
7   undetected_chromedriver             0x0000000102b8596f undetected_chromedriver + 207215
8   undetected_chromedriver             0x0000000103163011 undetected_chromedriver + 6357009
9   undetected_chromedriver             0x0000000103167460 undetected_chromedriver + 6374496
10  undetected_chromedriver             0x000000010313e023 undetected_chromedriver + 6205475
11  undetected_chromedriver             0x0000000103167ed5 undetected_chromedriver + 6377173
12  undetected_chromedriver             0x000000010312cf01 undetected_chromedriver + 6135553
13  undetected_chromedriver             0x0000000102b83381 undetected_chromedriver + 197505
14  dyld                                0x0000000203f69781 start + 3457

2026-01-19 18:03:42,040 - WARNING - Could not type email in //input[@name='username']: Message: invalid session id; For documentation on this error, please visit: https://www.selenium.dev/documentation/webdriver/troubleshooting/errors#invalidsessionidexception
Stacktrace:
0   undetected_chromedriver             0x00000001031a6068 undetected_chromedriver + 6631528
1   undetected_chromedriver             0x000000010319cd1a undetected_chromedriver + 6593818
2   undetected_chromedriver             0x0000000102bbdae8 undetected_chromedriver + 436968
3   undetected_chromedriver             0x0000000102c0118d undetected_chromedriver + 713101
4   undetected_chromedriver             0x0000000102c35446 undetected_chromedriver + 926790
5   undetected_chromedriver             0x0000000102c2fdc6 undetected_chromedriver + 904646
6   undetected_chromedriver             0x0000000102c2f19d undetected_chromedriver + 901533
7   undetected_chromedriver             0x0000000102b8596f undetected_chromedriver + 207215
8   undetected_chromedriver             0x0000000103163011 undetected_chromedriver + 6357009
9   undetected_chromedriver             0x0000000103167460 undetected_chromedriver + 6374496
10  undetected_chromedriver             0x000000010313e023 undetected_chromedriver + 6205475
11  undetected_chromedriver             0x0000000103167ed5 undetected_chromedriver + 6377173
12  undetected_chromedriver             0x000000010312cf01 undetected_chromedriver + 6135553
13  undetected_chromedriver             0x0000000102b83381 undetected_chromedriver + 197505
14  dyld                                0x0000000203f69781 start + 3457

2026-01-19 18:03:42,040 - ERROR - Could not find email input field
2026-01-19 18:03:42,040 - ERROR - ❌ Some steps failed - check the logs and screenshots
2026-01-19 18:03:42,279 - INFO - 🔚 Browser closed.
2026-01-19 18:03:42,279 - ERROR - ❌ Attempt #1 failed!
2026-01-19 18:03:42,279 - INFO - 📊 Stats: 0 successes, 1 failures out of 1 total attempts
2026-01-19 18:03:42,279 - INFO - 🔄 Restarting immediately after failure...
2026-01-19 18:03:42,279 - INFO - 
============================================================
2026-01-19 18:03:42,279 - INFO - 🔄 ATTEMPT #2 - Starting at 2026-01-19 18:03:42
2026-01-19 18:03:42,279 - INFO - ============================================================
2026-01-19 18:03:42,279 - INFO - 🚀 Starting TLSContact Automation...
2026-01-19 18:03:42,279 - INFO - Initializing Chrome driver...
2026-01-19 18:03:43,356 - INFO - patching driver executable /Users/alex/Library/Application Support/undetected_chromedriver/undetected_chromedriver
2026-01-19 18:06:37,191 - INFO - ✅ Chrome driver initialized successfully!
2026-01-19 18:06:39,192 - INFO - 🌐 Navigating to: https://visas-fr.tlscontact.com/en-us/country/am/vac/amEVN2fr
2026-01-19 18:06:40,059 - INFO - ✅ Page navigation successful
2026-01-19 18:06:40,059 - INFO - ⏳ Waiting for Cloudflare (30 seconds)...
2026-01-19 18:06:46,283 - INFO - 🔚 Browser closed.
2026-01-19 18:06:46,283 - INFO - 
🛑 Automation stopped by user
2026-01-19 18:06:46,283 - INFO - 📊 Final Stats: 0 successes, 1 failures out of 2 total attempts
2026-01-19 18:06:46,284 - INFO - ensuring close
2026-01-19 18:06:46,284 - INFO - ensuring close
