2026-01-19 22:44:33,752 - INFO - 🔄 Starting continuous TLSContact automation...
2026-01-19 22:44:33,752 - INFO - 📝 Logs are being saved to: tls_automation_20260119_224433.log
2026-01-19 22:44:33,752 - INFO - 
============================================================
2026-01-19 22:44:33,752 - INFO - 🔄 ATTEMPT #1 - Starting at 2026-01-19 22:44:33
2026-01-19 22:44:33,752 - INFO - ============================================================
2026-01-19 22:44:33,752 - INFO - 🚀 Starting TLSContact Automation...
2026-01-19 22:44:33,768 - INFO - Initializing Chrome driver...
2026-01-19 22:44:36,840 - INFO - patching driver executable /Users/alex/Library/Application Support/undetected_chromedriver/undetected_chromedriver
2026-01-19 22:44:39,865 - INFO - ✅ Chrome driver initialized successfully!
2026-01-19 22:44:41,871 - INFO - 🌐 Navigating to: https://visas-fr.tlscontact.com/en-us/country/am/vac/amEVN2fr
2026-01-19 22:44:42,683 - INFO - ✅ Page navigation successful
2026-01-19 22:44:42,683 - INFO - ⏳ Waiting for Cloudflare (30 seconds)...
2026-01-19 22:45:16,318 - INFO - 📄 Current URL: https://visas-fr.tlscontact.com/en-us/country/am/vac/amEVN2fr
2026-01-19 22:45:16,319 - INFO - 📄 Page title: Welcome to TLScontact Yerevan | TLScontact Yerevan
2026-01-19 22:45:16,319 - INFO - 🎉 Continuing with automation steps...
2026-01-19 22:45:16,324 - INFO - Starting automatic step execution...
2026-01-19 22:45:16,324 - INFO - Starting automation sequence...
2026-01-19 22:45:16,324 - INFO - Step 1: Click 'Book an appointment'
2026-01-19 22:45:18,232 - INFO - Step 2: Click 'Yes' (France-Visas)
2026-01-19 22:45:20,378 - INFO - Step 3: Click second 'Yes' (TLScontact)
2026-01-19 22:45:21,866 - INFO - Step 4: Click 'LOG IN'
2026-01-19 22:45:26,044 - INFO - Step 5: Type email
2026-01-19 22:45:28,785 - INFO - Step 6: Type password
2026-01-19 22:45:30,974 - INFO - 🧩 If CAPTCHA appears, solve it manually now. Waiting 30s...
2026-01-19 22:46:00,980 - INFO - Step 7: Submit login
2026-01-19 22:46:00,991 - WARNING - Could not click #btn-login: 'NoneType' object has no attribute 'is_displayed'
2026-01-19 22:46:00,994 - WARNING - Could not click button#btn-login: Message: no such window: target window already closed
from unknown error: web view not found
  (Session info: chrome=143.0.7499.193)
Stacktrace:
0   undetected_chromedriver             0x0000000103009068 undetected_chromedriver + 6631528
1   undetected_chromedriver             0x0000000102fffd1a undetected_chromedriver + 6593818
2   undetected_chromedriver             0x0000000102a20ccb undetected_chromedriver + 437451
3   undetected_chromedriver             0x00000001029f55f0 undetected_chromedriver + 259568
4   undetected_chromedriver             0x0000000102aa0918 undetected_chromedriver + 960792
5   undetected_chromedriver             0x0000000102abfd48 undetected_chromedriver + 1088840
6   undetected_chromedriver             0x0000000102a64fb7 undetected_chromedriver + 716727
7   undetected_chromedriver             0x0000000102a65c81 undetected_chromedriver + 720001
8   undetected_chromedriver             0x0000000102fc6011 undetected_chromedriver + 6357009
9   undetected_chromedriver             0x0000000102fca460 undetected_chromedriver + 6374496
10  undetected_chromedriver             0x0000000102fa1023 undetected_chromedriver + 6205475
11  undetected_chromedriver             0x0000000102fcaed5 undetected_chromedriver + 6377173
12  undetected_chromedriver             0x0000000102f8ff01 undetected_chromedriver + 6135553
13  undetected_chromedriver             0x0000000102feca98 undetected_chromedriver + 6515352
14  undetected_chromedriver             0x0000000102fecc53 undetected_chromedriver + 6515795
15  undetected_chromedriver             0x0000000102fff91c undetected_chromedriver + 6592796
16  libsystem_pthread.dylib             0x00007ff81018ae4d _pthread_start + 115
17  libsystem_pthread.dylib             0x00007ff810186857 thread_start + 15

2026-01-19 22:46:00,995 - WARNING - Could not click XPath //button[@id='btn-login']: Message: no such window: target window already closed
from unknown error: web view not found
  (Session info: chrome=143.0.7499.193)
Stacktrace:
0   undetected_chromedriver             0x0000000103009068 undetected_chromedriver + 6631528
1   undetected_chromedriver             0x0000000102fffd1a undetected_chromedriver + 6593818
2   undetected_chromedriver             0x0000000102a20ccb undetected_chromedriver + 437451
3   undetected_chromedriver             0x00000001029f55f0 undetected_chromedriver + 259568
4   undetected_chromedriver             0x0000000102aa0918 undetected_chromedriver + 960792
5   undetected_chromedriver             0x0000000102abfd48 undetected_chromedriver + 1088840
6   undetected_chromedriver             0x0000000102a64fb7 undetected_chromedriver + 716727
7   undetected_chromedriver             0x0000000102a65c81 undetected_chromedriver + 720001
8   undetected_chromedriver             0x0000000102fc6011 undetected_chromedriver + 6357009
9   undetected_chromedriver             0x0000000102fca460 undetected_chromedriver + 6374496
10  undetected_chromedriver             0x0000000102fa1023 undetected_chromedriver + 6205475
11  undetected_chromedriver             0x0000000102fcaed5 undetected_chromedriver + 6377173
12  undetected_chromedriver             0x0000000102f8ff01 undetected_chromedriver + 6135553
13  undetected_chromedriver             0x0000000102feca98 undetected_chromedriver + 6515352
14  undetected_chromedriver             0x0000000102fecc53 undetected_chromedriver + 6515795
15  undetected_chromedriver             0x0000000102fff91c undetected_chromedriver + 6592796
16  libsystem_pthread.dylib             0x00007ff81018ae4d _pthread_start + 115
17  libsystem_pthread.dylib             0x00007ff810186857 thread_start + 15

2026-01-19 22:46:00,996 - ERROR - ❌ Some steps failed - check the logs and screenshots
2026-01-19 22:46:01,217 - INFO - 🔚 Browser closed.
2026-01-19 22:46:01,217 - ERROR - ❌ Attempt #1 failed!
2026-01-19 22:46:01,217 - INFO - 📊 Stats: 0 successes, 1 failures out of 1 total attempts
2026-01-19 22:46:01,217 - INFO - 🔄 Restarting immediately after failure...
2026-01-19 22:46:01,217 - INFO - 
============================================================
2026-01-19 22:46:01,217 - INFO - 🔄 ATTEMPT #2 - Starting at 2026-01-19 22:46:01
2026-01-19 22:46:01,217 - INFO - ============================================================
2026-01-19 22:46:01,217 - INFO - 🚀 Starting TLSContact Automation...
2026-01-19 22:46:01,217 - INFO - Initializing Chrome driver...
2026-01-19 22:46:05,004 - INFO - patching driver executable /Users/alex/Library/Application Support/undetected_chromedriver/undetected_chromedriver
2026-01-19 22:46:08,025 - INFO - ✅ Chrome driver initialized successfully!
2026-01-19 22:46:10,028 - INFO - 🌐 Navigating to: https://visas-fr.tlscontact.com/en-us/country/am/vac/amEVN2fr
2026-01-19 22:46:10,032 - INFO - ✅ Page navigation successful
2026-01-19 22:46:10,032 - INFO - ⏳ Waiting for Cloudflare (30 seconds)...
2026-01-19 22:46:10,035 - WARNING - ⚠️ Window died during CF wait; recreating driver…
2026-01-19 22:46:10,035 - INFO - Initializing Chrome driver...
2026-01-19 22:46:12,895 - INFO - 🔚 Browser closed.
2026-01-19 22:46:12,895 - INFO - 
🛑 Automation stopped by user
2026-01-19 22:46:12,895 - INFO - 📊 Final Stats: 0 successes, 1 failures out of 2 total attempts
2026-01-19 22:46:12,896 - INFO - ensuring close
2026-01-19 22:46:12,896 - INFO - ensuring close
2026-01-19 22:46:12,896 - INFO - ensuring close
