2026-01-20 15:33:47,395 - INFO - 🔄 Starting continuous TLSContact automation...
2026-01-20 15:33:47,396 - INFO - 📝 Logs are being saved to: tls_automation_20260120_153347.log
2026-01-20 15:33:47,396 - INFO - 
============================================================
2026-01-20 15:33:47,396 - INFO - 🔄 ATTEMPT #1 - Starting at 2026-01-20 15:33:47
2026-01-20 15:33:47,396 - INFO - ============================================================
2026-01-20 15:33:47,396 - INFO - 🚀 Starting TLSContact Automation...
2026-01-20 15:33:47,411 - INFO - Initializing Chrome driver...
2026-01-20 15:33:48,460 - INFO - patching driver executable /Users/alex/Library/Application Support/undetected_chromedriver/undetected_chromedriver
2026-01-20 15:33:53,037 - INFO - ✅ Chrome driver initialized successfully!
2026-01-20 15:33:55,042 - INFO - 🌐 Navigating to: https://visas-fr.tlscontact.com/en-us/country/am/vac/amEVN2fr
2026-01-20 15:33:55,439 - INFO - ✅ Page navigation successful
2026-01-20 15:33:55,439 - INFO - ⏳ Waiting for Cloudflare (30 seconds)...
2026-01-20 15:34:28,059 - INFO - 📄 Current URL: https://visas-fr.tlscontact.com/en-us/country/am/vac/amEVN2fr
2026-01-20 15:34:28,059 - INFO - 📄 Page title: Welcome to TLScontact Yerevan | TLScontact Yerevan
2026-01-20 15:34:28,059 - INFO - 🎉 Continuing with automation steps...
2026-01-20 15:34:28,060 - INFO - Loaded failure count: 0
2026-01-20 15:34:31,596 - INFO - Starting automatic step execution...
2026-01-20 15:34:31,596 - INFO - Starting TLSContact automation sequence...
2026-01-20 15:34:31,597 - INFO - Current consecutive failures: 0
2026-01-20 15:34:31,597 - INFO - Step 1: Clicking 'Book an appointment' button...
2026-01-20 15:34:39,655 - INFO - Successfully clicked 'Book an appointment'
2026-01-20 15:34:43,512 - INFO - Step 2: Clicking 'Yes' for France-Visas question...
2026-01-20 15:34:53,241 - INFO - Successfully clicked 'Yes' for France-Visas question
2026-01-20 15:34:57,439 - INFO - Step 3: Clicking 'Yes' for TLScontact registration question...
2026-01-20 15:35:03,586 - INFO - Successfully clicked second 'Yes' button
2026-01-20 15:35:08,283 - INFO - Step 4: Clicking 'LOG IN' button...
2026-01-20 15:35:18,413 - INFO - Successfully clicked 'LOG IN' button
2026-01-20 15:35:24,253 - INFO - Step 5: Entering email address...
2026-01-20 15:35:37,203 - INFO - Successfully entered email: Info@i-travel.net
2026-01-20 15:35:37,203 - INFO - Step 6: Entering password...
2026-01-20 15:35:43,730 - INFO - Successfully entered password
2026-01-20 15:35:45,734 - INFO - 🛡️ Checking for CAPTCHA iframe...
2026-01-20 15:35:45,751 - INFO - Found CAPTCHA iframe with XPath: //iframe[contains(@title, 'challenge') or contains(@title, 'CAPTCHA')]
2026-01-20 15:35:45,770 - INFO - ➡️ Focus switched to CAPTCHA iframe.
2026-01-20 15:35:47,026 - INFO - Found checkbox: recaptcha-anchor
2026-01-20 15:35:49,998 - INFO - ✅ Clicked checkbox: recaptcha-anchor
2026-01-20 15:36:33,698 - INFO - ✅ CAPTCHA checkbox clicked successfully
2026-01-20 15:36:33,699 - INFO - Step 7: Clicking Login submit button...
2026-01-20 15:36:48,556 - WARNING - Could not click button#btn-login: Message: 
Stacktrace:
0   undetected_chromedriver             0x000000010541f068 undetected_chromedriver + 6631528
1   undetected_chromedriver             0x0000000105415d1a undetected_chromedriver + 6593818
2   undetected_chromedriver             0x0000000104e36ccb undetected_chromedriver + 437451
3   undetected_chromedriver             0x0000000104e886b0 undetected_chromedriver + 771760
4   undetected_chromedriver             0x0000000104e889c1 undetected_chromedriver + 772545
5   undetected_chromedriver             0x0000000104ed8f74 undetected_chromedriver + 1101684
6   undetected_chromedriver             0x0000000104ed633a undetected_chromedriver + 1090362
7   undetected_chromedriver             0x0000000104e7afb7 undetected_chromedriver + 716727
8   undetected_chromedriver             0x0000000104e7bc81 undetected_chromedriver + 720001
9   undetected_chromedriver             0x00000001053dc011 undetected_chromedriver + 6357009
10  undetected_chromedriver             0x00000001053e0460 undetected_chromedriver + 6374496
11  undetected_chromedriver             0x00000001053b7023 undetected_chromedriver + 6205475
12  undetected_chromedriver             0x00000001053e0ed5 undetected_chromedriver + 6377173
13  undetected_chromedriver             0x00000001053a5f01 undetected_chromedriver + 6135553
14  undetected_chromedriver             0x0000000105402a98 undetected_chromedriver + 6515352
15  undetected_chromedriver             0x0000000105402c53 undetected_chromedriver + 6515795
16  undetected_chromedriver             0x000000010541591c undetected_chromedriver + 6592796
17  libsystem_pthread.dylib             0x00007ff80e066e4d _pthread_start + 115
18  libsystem_pthread.dylib             0x00007ff80e062857 thread_start + 15

2026-01-20 15:37:00,513 - WARNING - Could not click #btn-login: Message: 
Stacktrace:
0   undetected_chromedriver             0x000000010541f068 undetected_chromedriver + 6631528
1   undetected_chromedriver             0x0000000105415d1a undetected_chromedriver + 6593818
2   undetected_chromedriver             0x0000000104e36ccb undetected_chromedriver + 437451
3   undetected_chromedriver             0x0000000104e886b0 undetected_chromedriver + 771760
4   undetected_chromedriver             0x0000000104e889c1 undetected_chromedriver + 772545
5   undetected_chromedriver             0x0000000104ed8f74 undetected_chromedriver + 1101684
6   undetected_chromedriver             0x0000000104ed633a undetected_chromedriver + 1090362
7   undetected_chromedriver             0x0000000104e7afb7 undetected_chromedriver + 716727
8   undetected_chromedriver             0x0000000104e7bc81 undetected_chromedriver + 720001
9   undetected_chromedriver             0x00000001053dc011 undetected_chromedriver + 6357009
10  undetected_chromedriver             0x00000001053e0460 undetected_chromedriver + 6374496
11  undetected_chromedriver             0x00000001053b7023 undetected_chromedriver + 6205475
12  undetected_chromedriver             0x00000001053e0ed5 undetected_chromedriver + 6377173
13  undetected_chromedriver             0x00000001053a5f01 undetected_chromedriver + 6135553
14  undetected_chromedriver             0x0000000105402a98 undetected_chromedriver + 6515352
15  undetected_chromedriver             0x0000000105402c53 undetected_chromedriver + 6515795
16  undetected_chromedriver             0x000000010541591c undetected_chromedriver + 6592796
17  libsystem_pthread.dylib             0x00007ff80e066e4d _pthread_start + 115
18  libsystem_pthread.dylib             0x00007ff80e062857 thread_start + 15

2026-01-20 15:37:12,628 - WARNING - Could not click button.bg-primary-500: Message: 
Stacktrace:
0   undetected_chromedriver             0x000000010541f068 undetected_chromedriver + 6631528
1   undetected_chromedriver             0x0000000105415d1a undetected_chromedriver + 6593818
2   undetected_chromedriver             0x0000000104e36ccb undetected_chromedriver + 437451
3   undetected_chromedriver             0x0000000104e886b0 undetected_chromedriver + 771760
4   undetected_chromedriver             0x0000000104e889c1 undetected_chromedriver + 772545
5   undetected_chromedriver             0x0000000104ed8f74 undetected_chromedriver + 1101684
6   undetected_chromedriver             0x0000000104ed633a undetected_chromedriver + 1090362
7   undetected_chromedriver             0x0000000104e7afb7 undetected_chromedriver + 716727
8   undetected_chromedriver             0x0000000104e7bc81 undetected_chromedriver + 720001
9   undetected_chromedriver             0x00000001053dc011 undetected_chromedriver + 6357009
10  undetected_chromedriver             0x00000001053e0460 undetected_chromedriver + 6374496
11  undetected_chromedriver             0x00000001053b7023 undetected_chromedriver + 6205475
12  undetected_chromedriver             0x00000001053e0ed5 undetected_chromedriver + 6377173
13  undetected_chromedriver             0x00000001053a5f01 undetected_chromedriver + 6135553
14  undetected_chromedriver             0x0000000105402a98 undetected_chromedriver + 6515352
15  undetected_chromedriver             0x0000000105402c53 undetected_chromedriver + 6515795
16  undetected_chromedriver             0x000000010541591c undetected_chromedriver + 6592796
17  libsystem_pthread.dylib             0x00007ff80e066e4d _pthread_start + 115
18  libsystem_pthread.dylib             0x00007ff80e062857 thread_start + 15

2026-01-20 15:37:24,838 - WARNING - Could not click XPath //button[@id='btn-login']: Message: 
Stacktrace:
0   undetected_chromedriver             0x000000010541f068 undetected_chromedriver + 6631528
1   undetected_chromedriver             0x0000000105415d1a undetected_chromedriver + 6593818
2   undetected_chromedriver             0x0000000104e36ccb undetected_chromedriver + 437451
3   undetected_chromedriver             0x0000000104e886b0 undetected_chromedriver + 771760
4   undetected_chromedriver             0x0000000104e889c1 undetected_chromedriver + 772545
5   undetected_chromedriver             0x0000000104ed8f74 undetected_chromedriver + 1101684
6   undetected_chromedriver             0x0000000104ed633a undetected_chromedriver + 1090362
7   undetected_chromedriver             0x0000000104e7afb7 undetected_chromedriver + 716727
8   undetected_chromedriver             0x0000000104e7bc81 undetected_chromedriver + 720001
9   undetected_chromedriver             0x00000001053dc011 undetected_chromedriver + 6357009
10  undetected_chromedriver             0x00000001053e0460 undetected_chromedriver + 6374496
11  undetected_chromedriver             0x00000001053b7023 undetected_chromedriver + 6205475
12  undetected_chromedriver             0x00000001053e0ed5 undetected_chromedriver + 6377173
13  undetected_chromedriver             0x00000001053a5f01 undetected_chromedriver + 6135553
14  undetected_chromedriver             0x0000000105402a98 undetected_chromedriver + 6515352
15  undetected_chromedriver             0x0000000105402c53 undetected_chromedriver + 6515795
16  undetected_chromedriver             0x000000010541591c undetected_chromedriver + 6592796
17  libsystem_pthread.dylib             0x00007ff80e066e4d _pthread_start + 115
18  libsystem_pthread.dylib             0x00007ff80e062857 thread_start + 15

2026-01-20 15:37:36,622 - WARNING - Could not click XPath //button[normalize-space()='Login']: Message: 
Stacktrace:
0   undetected_chromedriver             0x000000010541f068 undetected_chromedriver + 6631528
1   undetected_chromedriver             0x0000000105415d1a undetected_chromedriver + 6593818
2   undetected_chromedriver             0x0000000104e36ccb undetected_chromedriver + 437451
3   undetected_chromedriver             0x0000000104e886b0 undetected_chromedriver + 771760
4   undetected_chromedriver             0x0000000104e889c1 undetected_chromedriver + 772545
5   undetected_chromedriver             0x0000000104ed8f74 undetected_chromedriver + 1101684
6   undetected_chromedriver             0x0000000104ed633a undetected_chromedriver + 1090362
7   undetected_chromedriver             0x0000000104e7afb7 undetected_chromedriver + 716727
8   undetected_chromedriver             0x0000000104e7bc81 undetected_chromedriver + 720001
9   undetected_chromedriver             0x00000001053dc011 undetected_chromedriver + 6357009
10  undetected_chromedriver             0x00000001053e0460 undetected_chromedriver + 6374496
11  undetected_chromedriver             0x00000001053b7023 undetected_chromedriver + 6205475
12  undetected_chromedriver             0x00000001053e0ed5 undetected_chromedriver + 6377173
13  undetected_chromedriver             0x00000001053a5f01 undetected_chromedriver + 6135553
14  undetected_chromedriver             0x0000000105402a98 undetected_chromedriver + 6515352
15  undetected_chromedriver             0x0000000105402c53 undetected_chromedriver + 6515795
16  undetected_chromedriver             0x000000010541591c undetected_chromedriver + 6592796
17  libsystem_pthread.dylib             0x00007ff80e066e4d _pthread_start + 115
18  libsystem_pthread.dylib             0x00007ff80e062857 thread_start + 15

2026-01-20 15:37:48,795 - WARNING - Could not click XPath //button[contains(., 'Login')]: Message: 
Stacktrace:
0   undetected_chromedriver             0x000000010541f068 undetected_chromedriver + 6631528
1   undetected_chromedriver             0x0000000105415d1a undetected_chromedriver + 6593818
2   undetected_chromedriver             0x0000000104e36ccb undetected_chromedriver + 437451
3   undetected_chromedriver             0x0000000104e886b0 undetected_chromedriver + 771760
4   undetected_chromedriver             0x0000000104e889c1 undetected_chromedriver + 772545
5   undetected_chromedriver             0x0000000104ed8f74 undetected_chromedriver + 1101684
6   undetected_chromedriver             0x0000000104ed633a undetected_chromedriver + 1090362
7   undetected_chromedriver             0x0000000104e7afb7 undetected_chromedriver + 716727
8   undetected_chromedriver             0x0000000104e7bc81 undetected_chromedriver + 720001
9   undetected_chromedriver             0x00000001053dc011 undetected_chromedriver + 6357009
10  undetected_chromedriver             0x00000001053e0460 undetected_chromedriver + 6374496
11  undetected_chromedriver             0x00000001053b7023 undetected_chromedriver + 6205475
12  undetected_chromedriver             0x00000001053e0ed5 undetected_chromedriver + 6377173
13  undetected_chromedriver             0x00000001053a5f01 undetected_chromedriver + 6135553
14  undetected_chromedriver             0x0000000105402a98 undetected_chromedriver + 6515352
15  undetected_chromedriver             0x0000000105402c53 undetected_chromedriver + 6515795
16  undetected_chromedriver             0x000000010541591c undetected_chromedriver + 6592796
17  libsystem_pthread.dylib             0x00007ff80e066e4d _pthread_start + 115
18  libsystem_pthread.dylib             0x00007ff80e062857 thread_start + 15

2026-01-20 15:37:48,796 - ERROR - Could not find Login submit button
2026-01-20 15:37:48,796 - WARNING - ❌ Failure #1 recorded
2026-01-20 15:37:48,796 - WARNING - Failed at step: Step 7: Login submit
2026-01-20 15:37:48,796 - ERROR - ❌ Some steps failed - check the logs and screenshots
2026-01-20 15:37:49,164 - INFO - 🔚 Browser closed.
2026-01-20 15:37:49,165 - ERROR - ❌ Attempt #1 failed!
2026-01-20 15:37:49,165 - INFO - 📊 Stats: 0 successes, 1 failures out of 1 total attempts
2026-01-20 15:37:49,166 - INFO - 🔄 Restarting immediately after failure...
2026-01-20 15:37:49,166 - INFO - 
============================================================
2026-01-20 15:37:49,166 - INFO - 🔄 ATTEMPT #2 - Starting at 2026-01-20 15:37:49
2026-01-20 15:37:49,166 - INFO - ============================================================
2026-01-20 15:37:49,166 - INFO - 🚀 Starting TLSContact Automation...
2026-01-20 15:37:49,166 - INFO - Initializing Chrome driver...
2026-01-20 15:37:50,221 - INFO - patching driver executable /Users/alex/Library/Application Support/undetected_chromedriver/undetected_chromedriver
2026-01-20 15:37:53,263 - INFO - ✅ Chrome driver initialized successfully!
2026-01-20 15:37:55,267 - INFO - 🌐 Navigating to: https://visas-fr.tlscontact.com/en-us/country/am/vac/amEVN2fr
2026-01-20 15:37:55,642 - INFO - ✅ Page navigation successful
2026-01-20 15:37:55,643 - INFO - ⏳ Waiting for Cloudflare (30 seconds)...
2026-01-20 15:38:28,243 - INFO - 📄 Current URL: https://visas-fr.tlscontact.com/en-us/country/am/vac/amEVN2fr
2026-01-20 15:38:28,243 - INFO - 📄 Page title: Welcome to TLScontact Yerevan | TLScontact Yerevan
2026-01-20 15:38:28,243 - INFO - 🎉 Continuing with automation steps...
2026-01-20 15:38:28,244 - INFO - Loaded failure count: 1
2026-01-20 15:38:28,244 - INFO - Last failed at step: Step 7: Login submit
2026-01-20 15:38:32,024 - INFO - Starting automatic step execution...
2026-01-20 15:38:32,025 - INFO - Starting TLSContact automation sequence...
2026-01-20 15:38:32,025 - INFO - Current consecutive failures: 1
2026-01-20 15:38:32,025 - INFO - Step 1: Clicking 'Book an appointment' button...
2026-01-20 15:38:39,733 - INFO - Successfully clicked 'Book an appointment'
2026-01-20 15:38:44,711 - INFO - Step 2: Clicking 'Yes' for France-Visas question...
2026-01-20 15:38:54,774 - INFO - Successfully clicked 'Yes' for France-Visas question
2026-01-20 15:38:58,964 - INFO - Step 3: Clicking 'Yes' for TLScontact registration question...
2026-01-20 15:39:04,860 - INFO - Successfully clicked second 'Yes' button
2026-01-20 15:39:09,950 - INFO - Step 4: Clicking 'LOG IN' button...
2026-01-20 15:39:18,650 - INFO - Successfully clicked 'LOG IN' button
2026-01-20 15:39:25,057 - INFO - Step 5: Entering email address...
2026-01-20 15:39:37,535 - INFO - Successfully entered email: Info@i-travel.net
2026-01-20 15:39:37,535 - INFO - Step 6: Entering password...
2026-01-20 15:39:44,242 - INFO - Successfully entered password
2026-01-20 15:39:46,244 - INFO - 🛡️ Checking for CAPTCHA iframe...
2026-01-20 15:39:46,253 - INFO - Found CAPTCHA iframe with XPath: //iframe[contains(@title, 'challenge') or contains(@title, 'CAPTCHA')]
2026-01-20 15:39:46,264 - INFO - ➡️ Focus switched to CAPTCHA iframe.
2026-01-20 15:39:48,431 - INFO - Found checkbox: recaptcha-anchor
2026-01-20 15:39:51,654 - INFO - ✅ Clicked checkbox: recaptcha-anchor
2026-01-20 15:40:36,597 - INFO - ✅ CAPTCHA checkbox clicked successfully
2026-01-20 15:40:36,597 - INFO - Step 7: Clicking Login submit button...
2026-01-20 15:40:44,316 - INFO - Successfully clicked Login submit button
2026-01-20 15:40:49,043 - INFO - Returned to app domain. URL: https://visas-fr.tlscontact.com/en-us/travel-groups
2026-01-20 15:40:49,050 - INFO - Post-login page marker detected (list/workflow link).
2026-01-20 15:40:53,187 - INFO - Step 8: Clicking Select button (dynamic formGroupId)...
2026-01-20 15:41:05,401 - INFO - ✅ Clicked Select. formGroupId value=24313450
2026-01-20 15:41:08,482 - INFO - Step 9: Waiting for service level page to load...
2026-01-20 15:41:08,491 - INFO - Successfully reached page containing: workflow/service-level
2026-01-20 15:41:13,162 - INFO - Successfully reached service level page (matched: workflow/service-level)
2026-01-20 15:41:13,162 - INFO - Step 10: Clicking Continue button...
2026-01-20 15:41:24,946 - INFO - Successfully clicked Continue button
2026-01-20 15:41:29,319 - INFO - === Checking CURRENT month ===
2026-01-20 15:41:29,321 - INFO - Step 11: Checking appointment availability...
2026-01-20 15:41:40,869 - INFO - Deleted existing screenshot: appointment_availability_check.png
2026-01-20 15:41:41,315 - INFO - Screenshot saved: appointment_availability_check.png
2026-01-20 15:41:41,330 - INFO - No appointment slots available message detected
2026-01-20 15:42:11,859 - WARNING - Regular Telegram sendPhoto error: ('Connection aborted.', TimeoutError('The write operation timed out'))
2026-01-20 15:42:11,860 - INFO - === Checking NEXT month ===
2026-01-20 15:42:11,860 - INFO - Step 12: Looking for next month button...
2026-01-20 15:42:17,867 - INFO - Found next month button: February 2026
2026-01-20 15:42:18,545 - INFO - ✅ Automatically clicked: February 2026
2026-01-20 15:42:26,182 - INFO - Screenshot saved: next_month_20260120_154225.png
2026-01-20 15:42:56,975 - WARNING - Regular Telegram sendPhoto error: ('Connection aborted.', TimeoutError('The write operation timed out'))
2026-01-20 15:42:56,977 - INFO - Cleaned up screenshot: next_month_20260120_154225.png
2026-01-20 15:43:03,522 - INFO - Checking availability for next month...
2026-01-20 15:43:03,523 - INFO - Step 11: Checking appointment availability...
2026-01-20 15:43:15,126 - INFO - Deleted existing screenshot: appointment_availability_check.png
2026-01-20 15:43:15,564 - INFO - Screenshot saved: appointment_availability_check.png
2026-01-20 15:43:15,573 - INFO - No appointment slots available message detected
2026-01-20 15:43:46,131 - WARNING - Regular Telegram sendPhoto error: ('Connection aborted.', TimeoutError('The write operation timed out'))
2026-01-20 15:43:46,132 - INFO - ✅ Resetting failure count from 1 to 0
2026-01-20 15:43:46,135 - INFO - 🎉 All automation steps completed successfully!
2026-01-20 15:43:46,136 - INFO - 🎉 All automation steps completed successfully!
2026-01-20 15:43:46,416 - INFO - 🔚 Browser closed.
2026-01-20 15:43:46,417 - INFO - ✅ Attempt #2 completed successfully!
2026-01-20 15:43:46,417 - INFO - 📊 Stats: 1 successes, 1 failures out of 2 total attempts
2026-01-20 15:43:46,417 - INFO - 🔄 Restarting immediately for next attempt...
2026-01-20 15:43:46,417 - INFO - 
============================================================
2026-01-20 15:43:46,417 - INFO - 🔄 ATTEMPT #3 - Starting at 2026-01-20 15:43:46
2026-01-20 15:43:46,417 - INFO - ============================================================
2026-01-20 15:43:46,417 - INFO - 🚀 Starting TLSContact Automation...
2026-01-20 15:43:46,417 - INFO - Initializing Chrome driver...
2026-01-20 15:43:47,505 - INFO - patching driver executable /Users/alex/Library/Application Support/undetected_chromedriver/undetected_chromedriver
2026-01-20 15:43:51,533 - INFO - ✅ Chrome driver initialized successfully!
2026-01-20 15:43:53,539 - INFO - 🌐 Navigating to: https://visas-fr.tlscontact.com/en-us/country/am/vac/amEVN2fr
2026-01-20 15:43:53,978 - INFO - ✅ Page navigation successful
2026-01-20 15:43:53,978 - INFO - ⏳ Waiting for Cloudflare (30 seconds)...
2026-01-20 15:44:25,966 - INFO - 📄 Current URL: https://visas-fr.tlscontact.com/en-us/country/am/vac/amEVN2fr
2026-01-20 15:44:25,966 - INFO - 📄 Page title: Welcome to TLScontact Yerevan | TLScontact Yerevan
2026-01-20 15:44:25,966 - INFO - 🎉 Continuing with automation steps...
2026-01-20 15:44:25,966 - INFO - Loaded failure count: 0
2026-01-20 15:44:30,527 - INFO - Starting automatic step execution...
2026-01-20 15:44:30,527 - INFO - Starting TLSContact automation sequence...
2026-01-20 15:44:30,527 - INFO - Current consecutive failures: 0
2026-01-20 15:44:30,527 - INFO - Step 1: Clicking 'Book an appointment' button...
2026-01-20 15:44:38,410 - INFO - Successfully clicked 'Book an appointment'
2026-01-20 15:44:42,556 - INFO - Step 2: Clicking 'Yes' for France-Visas question...
2026-01-20 15:44:50,846 - INFO - Successfully clicked 'Yes' for France-Visas question
2026-01-20 15:44:54,310 - INFO - Step 3: Clicking 'Yes' for TLScontact registration question...
2026-01-20 15:44:59,656 - INFO - Successfully clicked second 'Yes' button
2026-01-20 15:45:03,998 - INFO - Step 4: Clicking 'LOG IN' button...
2026-01-20 15:45:13,840 - INFO - Successfully clicked 'LOG IN' button
2026-01-20 15:45:18,251 - INFO - Step 5: Entering email address...
2026-01-20 15:45:30,528 - INFO - Successfully entered email: Info@i-travel.net
2026-01-20 15:45:30,528 - INFO - Step 6: Entering password...
2026-01-20 15:45:37,858 - INFO - Successfully entered password
2026-01-20 15:45:39,859 - INFO - 🛡️ Checking for CAPTCHA iframe...
2026-01-20 15:45:39,870 - INFO - Found CAPTCHA iframe with XPath: //iframe[contains(@title, 'challenge') or contains(@title, 'CAPTCHA')]
2026-01-20 15:45:39,883 - INFO - ➡️ Focus switched to CAPTCHA iframe.
2026-01-20 15:45:41,793 - INFO - Found checkbox: recaptcha-anchor
2026-01-20 15:45:45,133 - INFO - ✅ Clicked checkbox: recaptcha-anchor
2026-01-20 15:46:30,134 - INFO - ✅ CAPTCHA checkbox clicked successfully
2026-01-20 15:46:30,135 - INFO - Step 7: Clicking Login submit button...
2026-01-20 15:46:39,137 - INFO - Successfully clicked Login submit button
2026-01-20 15:46:43,309 - INFO - Returned to app domain. URL: https://visas-fr.tlscontact.com/en-us/travel-groups
2026-01-20 15:46:43,321 - INFO - Post-login page marker detected (list/workflow link).
2026-01-20 15:46:48,297 - INFO - Step 8: Clicking Select button (dynamic formGroupId)...
2026-01-20 15:46:59,073 - INFO - ✅ Clicked Select. formGroupId value=24313450
2026-01-20 15:47:01,568 - INFO - Step 9: Waiting for service level page to load...
2026-01-20 15:47:01,579 - INFO - Successfully reached page containing: workflow/service-level
2026-01-20 15:47:06,597 - INFO - Successfully reached service level page (matched: workflow/service-level)
2026-01-20 15:47:06,598 - INFO - Step 10: Clicking Continue button...
2026-01-20 15:47:15,933 - INFO - Successfully clicked Continue button
2026-01-20 15:47:20,086 - INFO - === Checking CURRENT month ===
2026-01-20 15:47:20,087 - INFO - Step 11: Checking appointment availability...
2026-01-20 15:47:31,445 - INFO - Deleted existing screenshot: appointment_availability_check.png
2026-01-20 15:47:31,918 - INFO - Screenshot saved: appointment_availability_check.png
2026-01-20 15:47:31,932 - INFO - No appointment slots available message detected
2026-01-20 15:48:02,492 - WARNING - Regular Telegram sendPhoto error: ('Connection aborted.', TimeoutError('The write operation timed out'))
2026-01-20 15:48:02,493 - INFO - === Checking NEXT month ===
2026-01-20 15:48:02,493 - INFO - Step 12: Looking for next month button...
2026-01-20 15:48:06,969 - INFO - Found next month button: February 2026
2026-01-20 15:48:07,878 - INFO - ✅ Automatically clicked: February 2026
2026-01-20 15:48:15,517 - INFO - Screenshot saved: next_month_20260120_154815.png
2026-01-20 15:48:46,177 - WARNING - Regular Telegram sendPhoto error: ('Connection aborted.', TimeoutError('The write operation timed out'))
2026-01-20 15:48:46,179 - INFO - Cleaned up screenshot: next_month_20260120_154815.png
2026-01-20 15:48:53,046 - INFO - Checking availability for next month...
2026-01-20 15:48:53,047 - INFO - Step 11: Checking appointment availability...
2026-01-20 15:49:04,381 - INFO - Deleted existing screenshot: appointment_availability_check.png
2026-01-20 15:49:04,773 - INFO - Screenshot saved: appointment_availability_check.png
2026-01-20 15:49:04,781 - INFO - No appointment slots available message detected
2026-01-20 15:49:06,101 - INFO - 🎉 All automation steps completed successfully!
2026-01-20 15:49:06,101 - INFO - 🎉 All automation steps completed successfully!
2026-01-20 15:49:06,417 - INFO - 🔚 Browser closed.
2026-01-20 15:49:06,417 - INFO - ✅ Attempt #3 completed successfully!
2026-01-20 15:49:06,417 - INFO - 📊 Stats: 2 successes, 1 failures out of 3 total attempts
2026-01-20 15:49:06,417 - INFO - 🔄 Restarting immediately for next attempt...
2026-01-20 15:49:06,417 - INFO - 
============================================================
2026-01-20 15:49:06,417 - INFO - 🔄 ATTEMPT #4 - Starting at 2026-01-20 15:49:06
2026-01-20 15:49:06,417 - INFO - ============================================================
2026-01-20 15:49:06,417 - INFO - 🚀 Starting TLSContact Automation...
2026-01-20 15:49:06,417 - INFO - Initializing Chrome driver...
2026-01-20 15:49:07,505 - INFO - patching driver executable /Users/alex/Library/Application Support/undetected_chromedriver/undetected_chromedriver
2026-01-20 15:49:12,523 - INFO - ✅ Chrome driver initialized successfully!
2026-01-20 15:49:14,523 - INFO - 🌐 Navigating to: https://visas-fr.tlscontact.com/en-us/country/am/vac/amEVN2fr
2026-01-20 15:49:14,902 - INFO - ✅ Page navigation successful
2026-01-20 15:49:14,902 - INFO - ⏳ Waiting for Cloudflare (30 seconds)...
2026-01-20 15:49:47,101 - INFO - 📄 Current URL: https://visas-fr.tlscontact.com/en-us/country/am/vac/amEVN2fr
2026-01-20 15:49:47,102 - INFO - 📄 Page title: Welcome to TLScontact Yerevan | TLScontact Yerevan
2026-01-20 15:49:47,102 - INFO - 🎉 Continuing with automation steps...
2026-01-20 15:49:47,102 - INFO - Loaded failure count: 0
2026-01-20 15:49:50,571 - INFO - Starting automatic step execution...
2026-01-20 15:49:50,571 - INFO - Starting TLSContact automation sequence...
2026-01-20 15:49:50,571 - INFO - Current consecutive failures: 0
2026-01-20 15:49:50,571 - INFO - Step 1: Clicking 'Book an appointment' button...
2026-01-20 15:49:57,881 - INFO - Successfully clicked 'Book an appointment'
2026-01-20 15:50:01,639 - INFO - Step 2: Clicking 'Yes' for France-Visas question...
2026-01-20 15:50:10,793 - INFO - Successfully clicked 'Yes' for France-Visas question
2026-01-20 15:50:15,301 - INFO - Step 3: Clicking 'Yes' for TLScontact registration question...
2026-01-20 15:50:20,462 - INFO - Successfully clicked second 'Yes' button
2026-01-20 15:50:25,061 - INFO - Step 4: Clicking 'LOG IN' button...
2026-01-20 15:50:34,293 - INFO - Successfully clicked 'LOG IN' button
2026-01-20 15:50:39,482 - INFO - Step 5: Entering email address...
2026-01-20 15:50:52,406 - INFO - Successfully entered email: Info@i-travel.net
2026-01-20 15:50:52,406 - INFO - Step 6: Entering password...
2026-01-20 15:50:59,210 - INFO - Successfully entered password
2026-01-20 15:51:01,214 - INFO - 🛡️ Checking for CAPTCHA iframe...
2026-01-20 15:51:01,224 - INFO - Found CAPTCHA iframe with XPath: //iframe[contains(@title, 'challenge') or contains(@title, 'CAPTCHA')]
2026-01-20 15:51:01,233 - INFO - ➡️ Focus switched to CAPTCHA iframe.
2026-01-20 15:51:03,295 - INFO - Found checkbox: recaptcha-anchor
2026-01-20 15:51:06,819 - INFO - ✅ Clicked checkbox: recaptcha-anchor
2026-01-20 15:51:50,433 - INFO - ✅ CAPTCHA checkbox clicked successfully
2026-01-20 15:51:50,433 - INFO - Step 7: Clicking Login submit button...
2026-01-20 15:51:58,962 - INFO - Successfully clicked Login submit button
2026-01-20 15:52:03,827 - INFO - Returned to app domain. URL: https://visas-fr.tlscontact.com/en-us/travel-groups
2026-01-20 15:52:03,835 - INFO - Post-login page marker detected (list/workflow link).
2026-01-20 15:52:07,499 - INFO - Step 8: Clicking Select button (dynamic formGroupId)...
2026-01-20 15:52:17,779 - INFO - ✅ Clicked Select. formGroupId value=24313450
2026-01-20 15:52:20,957 - INFO - Step 9: Waiting for service level page to load...
2026-01-20 15:52:20,965 - INFO - Successfully reached page containing: workflow/service-level
2026-01-20 15:52:25,530 - INFO - Successfully reached service level page (matched: workflow/service-level)
2026-01-20 15:52:25,530 - INFO - Step 10: Clicking Continue button...
2026-01-20 15:52:35,396 - INFO - Successfully clicked Continue button
2026-01-20 15:52:40,122 - INFO - === Checking CURRENT month ===
2026-01-20 15:52:40,122 - INFO - Step 11: Checking appointment availability...
2026-01-20 15:52:50,952 - INFO - Deleted existing screenshot: appointment_availability_check.png
2026-01-20 15:52:51,387 - INFO - Screenshot saved: appointment_availability_check.png
2026-01-20 15:52:51,405 - INFO - No appointment slots available message detected
2026-01-20 15:52:52,772 - INFO - === Checking NEXT month ===
2026-01-20 15:52:52,772 - INFO - Step 12: Looking for next month button...
2026-01-20 15:52:57,848 - INFO - Found next month button: February 2026
2026-01-20 15:52:58,866 - INFO - ✅ Automatically clicked: February 2026
2026-01-20 15:53:06,391 - INFO - Screenshot saved: next_month_20260120_155305.png
2026-01-20 15:53:36,899 - WARNING - Regular Telegram sendPhoto error: ('Connection aborted.', TimeoutError('The write operation timed out'))
2026-01-20 15:53:36,901 - INFO - Cleaned up screenshot: next_month_20260120_155305.png
2026-01-20 15:53:43,690 - INFO - Checking availability for next month...
2026-01-20 15:53:43,690 - INFO - Step 11: Checking appointment availability...
2026-01-20 15:53:53,301 - INFO - Deleted existing screenshot: appointment_availability_check.png
2026-01-20 15:53:53,713 - INFO - Screenshot saved: appointment_availability_check.png
2026-01-20 15:53:53,722 - INFO - No appointment slots available message detected
2026-01-20 15:53:54,953 - INFO - 🎉 All automation steps completed successfully!
2026-01-20 15:53:54,953 - INFO - 🎉 All automation steps completed successfully!
2026-01-20 15:53:55,181 - INFO - 🔚 Browser closed.
2026-01-20 15:53:55,181 - INFO - ✅ Attempt #4 completed successfully!
2026-01-20 15:53:55,181 - INFO - 📊 Stats: 3 successes, 1 failures out of 4 total attempts
2026-01-20 15:53:55,181 - INFO - 🔄 Restarting immediately for next attempt...
2026-01-20 15:53:55,181 - INFO - 
============================================================
2026-01-20 15:53:55,181 - INFO - 🔄 ATTEMPT #5 - Starting at 2026-01-20 15:53:55
2026-01-20 15:53:55,181 - INFO - ============================================================
2026-01-20 15:53:55,181 - INFO - 🚀 Starting TLSContact Automation...
2026-01-20 15:53:55,181 - INFO - Initializing Chrome driver...
2026-01-20 15:53:56,231 - INFO - patching driver executable /Users/alex/Library/Application Support/undetected_chromedriver/undetected_chromedriver
2026-01-20 15:53:59,248 - INFO - ✅ Chrome driver initialized successfully!
2026-01-20 15:54:01,253 - INFO - 🌐 Navigating to: https://visas-fr.tlscontact.com/en-us/country/am/vac/amEVN2fr
2026-01-20 15:54:01,718 - INFO - ✅ Page navigation successful
2026-01-20 15:54:01,718 - INFO - ⏳ Waiting for Cloudflare (30 seconds)...
2026-01-20 15:54:33,803 - INFO - 📄 Current URL: https://visas-fr.tlscontact.com/en-us/country/am/vac/amEVN2fr
2026-01-20 15:54:33,804 - INFO - 📄 Page title: Welcome to TLScontact Yerevan | TLScontact Yerevan
2026-01-20 15:54:33,804 - INFO - 🎉 Continuing with automation steps...
2026-01-20 15:54:33,804 - INFO - Loaded failure count: 0
2026-01-20 15:54:37,647 - INFO - Starting automatic step execution...
2026-01-20 15:54:37,647 - INFO - Starting TLSContact automation sequence...
2026-01-20 15:54:37,647 - INFO - Current consecutive failures: 0
2026-01-20 15:54:37,647 - INFO - Step 1: Clicking 'Book an appointment' button...
2026-01-20 15:54:45,721 - INFO - Successfully clicked 'Book an appointment'
2026-01-20 15:54:50,285 - INFO - Step 2: Clicking 'Yes' for France-Visas question...
2026-01-20 15:55:00,603 - INFO - Successfully clicked 'Yes' for France-Visas question
2026-01-20 15:55:04,724 - INFO - Step 3: Clicking 'Yes' for TLScontact registration question...
2026-01-20 15:55:11,833 - INFO - Successfully clicked second 'Yes' button
2026-01-20 15:55:15,722 - INFO - Step 4: Clicking 'LOG IN' button...
2026-01-20 15:55:25,276 - INFO - Successfully clicked 'LOG IN' button
2026-01-20 15:55:30,551 - INFO - Step 5: Entering email address...
2026-01-20 15:55:43,950 - INFO - Successfully entered email: Info@i-travel.net
2026-01-20 15:55:43,950 - INFO - Step 6: Entering password...
2026-01-20 15:55:51,652 - INFO - Successfully entered password
2026-01-20 15:55:53,658 - INFO - 🛡️ Checking for CAPTCHA iframe...
2026-01-20 15:55:53,667 - INFO - Found CAPTCHA iframe with XPath: //iframe[contains(@title, 'challenge') or contains(@title, 'CAPTCHA')]
2026-01-20 15:55:53,677 - INFO - ➡️ Focus switched to CAPTCHA iframe.
2026-01-20 15:55:55,621 - INFO - Found checkbox: recaptcha-anchor
2026-01-20 15:55:59,211 - INFO - ✅ Clicked checkbox: recaptcha-anchor
2026-01-20 15:56:42,780 - INFO - ✅ CAPTCHA checkbox clicked successfully
2026-01-20 15:56:42,786 - INFO - Step 7: Clicking Login submit button...
2026-01-20 15:56:50,617 - INFO - Successfully clicked Login submit button
2026-01-20 15:56:54,021 - INFO - Returned to app domain. URL: https://visas-fr.tlscontact.com/en-us/travel-groups
2026-01-20 15:56:54,033 - INFO - Post-login page marker detected (list/workflow link).
2026-01-20 15:56:58,491 - INFO - Step 8: Clicking Select button (dynamic formGroupId)...
2026-01-20 15:57:04,364 - INFO - 🔚 Browser closed.
2026-01-20 15:57:04,364 - INFO - 
🛑 Automation stopped by user
2026-01-20 15:57:04,364 - INFO - 📊 Final Stats: 3 successes, 1 failures out of 5 total attempts
2026-01-20 15:57:04,365 - INFO - ensuring close
2026-01-20 15:57:04,365 - INFO - ensuring close
2026-01-20 15:57:04,365 - INFO - ensuring close
2026-01-20 15:57:04,365 - INFO - ensuring close
2026-01-20 15:57:04,365 - INFO - ensuring close
