2026-01-19 23:34:29,333 - INFO - 🔄 Starting continuous TLSContact automation...
2026-01-19 23:34:29,333 - INFO - 📝 Logs are being saved to: tls_automation_20260119_233429.log
2026-01-19 23:34:29,333 - INFO - 
============================================================
2026-01-19 23:34:29,333 - INFO - 🔄 ATTEMPT #1 - Starting at 2026-01-19 23:34:29
2026-01-19 23:34:29,333 - INFO - ============================================================
2026-01-19 23:34:29,333 - INFO - 🚀 Starting TLSContact Automation...
2026-01-19 23:34:29,348 - INFO - Initializing Chrome driver...
2026-01-19 23:34:32,782 - INFO - patching driver executable /Users/alex/Library/Application Support/undetected_chromedriver/undetected_chromedriver
2026-01-19 23:34:36,798 - INFO - ✅ Chrome driver initialized successfully!
2026-01-19 23:34:38,803 - INFO - 🌐 Navigating to: https://visas-fr.tlscontact.com/en-us/country/am/vac/amEVN2fr
2026-01-19 23:34:38,806 - ERROR - ❌ Navigation failed: Message: no such window: target window already closed
from unknown error: web view not found
  (Session info: chrome=143.0.7499.193)
Stacktrace:
0   undetected_chromedriver             0x0000000102a56068 undetected_chromedriver + 6631528
1   undetected_chromedriver             0x0000000102a4cd1a undetected_chromedriver + 6593818
2   undetected_chromedriver             0x000000010246dccb undetected_chromedriver + 437451
3   undetected_chromedriver             0x00000001024425f0 undetected_chromedriver + 259568
4   undetected_chromedriver             0x00000001024ed918 undetected_chromedriver + 960792
5   undetected_chromedriver             0x000000010250cd48 undetected_chromedriver + 1088840
6   undetected_chromedriver             0x00000001024b1fb7 undetected_chromedriver + 716727
7   undetected_chromedriver             0x00000001024b2c81 undetected_chromedriver + 720001
8   undetected_chromedriver             0x0000000102a13011 undetected_chromedriver + 6357009
9   undetected_chromedriver             0x0000000102a17460 undetected_chromedriver + 6374496
10  undetected_chromedriver             0x00000001029ee023 undetected_chromedriver + 6205475
11  undetected_chromedriver             0x0000000102a17ed5 undetected_chromedriver + 6377173
12  undetected_chromedriver             0x00000001029dcf01 undetected_chromedriver + 6135553
13  undetected_chromedriver             0x0000000102a39a98 undetected_chromedriver + 6515352
14  undetected_chromedriver             0x0000000102a39c53 undetected_chromedriver + 6515795
15  undetected_chromedriver             0x0000000102a4c91c undetected_chromedriver + 6592796
16  libsystem_pthread.dylib             0x00007ff80541ee4d _pthread_start + 115
17  libsystem_pthread.dylib             0x00007ff80541a857 thread_start + 15

2026-01-19 23:34:38,808 - ERROR - ❌ Both navigation attempts failed: Message: no such window: target window already closed
from unknown error: web view not found
  (Session info: chrome=143.0.7499.193)
Stacktrace:
0   undetected_chromedriver             0x0000000102a56068 undetected_chromedriver + 6631528
1   undetected_chromedriver             0x0000000102a4cd1a undetected_chromedriver + 6593818
2   undetected_chromedriver             0x000000010246dccb undetected_chromedriver + 437451
3   undetected_chromedriver             0x00000001024425f0 undetected_chromedriver + 259568
4   undetected_chromedriver             0x00000001024ed918 undetected_chromedriver + 960792
5   undetected_chromedriver             0x000000010250cd48 undetected_chromedriver + 1088840
6   undetected_chromedriver             0x00000001024b1fb7 undetected_chromedriver + 716727
7   undetected_chromedriver             0x00000001024b2c81 undetected_chromedriver + 720001
8   undetected_chromedriver             0x0000000102a13011 undetected_chromedriver + 6357009
9   undetected_chromedriver             0x0000000102a17460 undetected_chromedriver + 6374496
10  undetected_chromedriver             0x00000001029ee023 undetected_chromedriver + 6205475
11  undetected_chromedriver             0x0000000102a17ed5 undetected_chromedriver + 6377173
12  undetected_chromedriver             0x00000001029dcf01 undetected_chromedriver + 6135553
13  undetected_chromedriver             0x0000000102a39a98 undetected_chromedriver + 6515352
14  undetected_chromedriver             0x0000000102a39c53 undetected_chromedriver + 6515795
15  undetected_chromedriver             0x0000000102a4c91c undetected_chromedriver + 6592796
16  libsystem_pthread.dylib             0x00007ff80541ee4d _pthread_start + 115
17  libsystem_pthread.dylib             0x00007ff80541a857 thread_start + 15

2026-01-19 23:34:39,019 - INFO - 🔚 Browser closed.
2026-01-19 23:34:39,019 - ERROR - ❌ Attempt #1 failed!
2026-01-19 23:34:39,019 - INFO - 📊 Stats: 0 successes, 1 failures out of 1 total attempts
2026-01-19 23:34:39,019 - INFO - 🔄 Restarting immediately after failure...
2026-01-19 23:34:39,019 - INFO - 
============================================================
2026-01-19 23:34:39,019 - INFO - 🔄 ATTEMPT #2 - Starting at 2026-01-19 23:34:39
2026-01-19 23:34:39,019 - INFO - ============================================================
2026-01-19 23:34:39,019 - INFO - 🚀 Starting TLSContact Automation...
2026-01-19 23:34:39,019 - INFO - Initializing Chrome driver...
2026-01-19 23:34:42,036 - INFO - patching driver executable /Users/alex/Library/Application Support/undetected_chromedriver/undetected_chromedriver
2026-01-19 23:34:44,538 - INFO - ✅ Chrome driver initialized successfully!
2026-01-19 23:34:46,543 - INFO - 🌐 Navigating to: https://visas-fr.tlscontact.com/en-us/country/am/vac/amEVN2fr
2026-01-19 23:34:47,324 - INFO - ✅ Page navigation successful
2026-01-19 23:34:47,324 - INFO - ⏳ Waiting for Cloudflare (30 seconds)...
2026-01-19 23:35:19,978 - INFO - 📄 Current URL: https://visas-fr.tlscontact.com/en-us/country/am/vac/amEVN2fr
2026-01-19 23:35:19,978 - INFO - 📄 Page title: Welcome to TLScontact Yerevan | TLScontact Yerevan
2026-01-19 23:35:19,978 - INFO - 🎉 Continuing with automation steps...
2026-01-19 23:35:24,012 - INFO - Starting automatic step execution...
2026-01-19 23:35:24,013 - INFO - Starting TLSContact automation sequence...
2026-01-19 23:35:24,013 - INFO - Step 1: Clicking 'Book an appointment' button...
2026-01-19 23:35:24,533 - INFO - 🔚 Browser closed.
2026-01-19 23:35:24,534 - INFO - 
🛑 Automation stopped by user
2026-01-19 23:35:24,534 - INFO - 📊 Final Stats: 0 successes, 1 failures out of 2 total attempts
2026-01-19 23:35:24,534 - INFO - ensuring close
2026-01-19 23:35:24,534 - INFO - ensuring close
