2026-01-20 14:52:43,506 - INFO - 🔄 Starting continuous TLSContact automation...
2026-01-20 14:52:43,506 - INFO - 📝 Logs are being saved to: tls_automation_20260120_145243.log
2026-01-20 14:52:43,506 - INFO - 
============================================================
2026-01-20 14:52:43,506 - INFO - 🔄 ATTEMPT #1 - Starting at 2026-01-20 14:52:43
2026-01-20 14:52:43,506 - INFO - ============================================================
2026-01-20 14:52:43,506 - INFO - 🚀 Starting TLSContact Automation...
2026-01-20 14:52:43,522 - INFO - Initializing Chrome driver...
2026-01-20 14:52:44,572 - INFO - patching driver executable /Users/alex/Library/Application Support/undetected_chromedriver/undetected_chromedriver
2026-01-20 14:52:48,596 - INFO - ✅ Chrome driver initialized successfully!
2026-01-20 14:52:50,602 - INFO - 🌐 Navigating to: https://visas-fr.tlscontact.com/en-us/country/am/vac/amEVN2fr
2026-01-20 14:52:50,992 - INFO - ✅ Page navigation successful
2026-01-20 14:52:50,992 - INFO - ⏳ Waiting for Cloudflare (30 seconds)...
2026-01-20 14:53:23,231 - INFO - 📄 Current URL: https://visas-fr.tlscontact.com/en-us/country/am/vac/amEVN2fr
2026-01-20 14:53:23,231 - INFO - 📄 Page title: Welcome to TLScontact Yerevan | TLScontact Yerevan
2026-01-20 14:53:23,231 - INFO - 🎉 Continuing with automation steps...
2026-01-20 14:53:27,279 - INFO - Starting automatic step execution...
2026-01-20 14:53:27,280 - INFO - Starting TLSContact automation sequence...
2026-01-20 14:53:27,280 - INFO - Current consecutive failures: 0
2026-01-20 14:53:27,280 - INFO - Step 1: Clicking 'Book an appointment' button...
2026-01-20 14:53:34,275 - INFO - Successfully clicked 'Book an appointment'
2026-01-20 14:53:39,087 - INFO - Step 2: Clicking 'Yes' for France-Visas question...
2026-01-20 14:53:48,418 - INFO - Successfully clicked 'Yes' for France-Visas question
2026-01-20 14:53:53,228 - INFO - Step 3: Clicking 'Yes' for TLScontact registration question...
2026-01-20 14:54:00,029 - INFO - Successfully clicked second 'Yes' button
2026-01-20 14:54:04,847 - INFO - Step 4: Clicking 'LOG IN' button...
2026-01-20 14:54:15,026 - INFO - Successfully clicked 'LOG IN' button
2026-01-20 14:54:20,231 - INFO - Step 5: Entering email address...
2026-01-20 14:54:33,390 - INFO - Successfully entered email: Info@i-travel.net
2026-01-20 14:54:33,391 - INFO - Step 6: Entering password...
2026-01-20 14:54:41,117 - INFO - Successfully entered password
2026-01-20 14:54:43,119 - INFO - 🛡️ Checking for CAPTCHA iframe...
2026-01-20 14:54:43,131 - INFO - Found CAPTCHA iframe with XPath: //iframe[contains(@title, 'challenge') or contains(@title, 'CAPTCHA')]
2026-01-20 14:54:43,149 - INFO - ➡️ Focus switched to CAPTCHA iframe.
2026-01-20 14:54:44,471 - INFO - Found checkbox: recaptcha-anchor
2026-01-20 14:54:47,980 - INFO - ✅ Clicked checkbox: recaptcha-anchor
2026-01-20 14:55:32,739 - INFO - ✅ CAPTCHA checkbox clicked successfully
2026-01-20 14:55:32,740 - INFO - Step 7: Clicking Login submit button...
2026-01-20 14:55:48,613 - WARNING - Could not click button#btn-login: Message: 
Stacktrace:
0   undetected_chromedriver             0x0000000105514068 undetected_chromedriver + 6631528
1   undetected_chromedriver             0x000000010550ad1a undetected_chromedriver + 6593818
2   undetected_chromedriver             0x0000000104f2bccb undetected_chromedriver + 437451
3   undetected_chromedriver             0x0000000104f7d6b0 undetected_chromedriver + 771760
4   undetected_chromedriver             0x0000000104f7d9c1 undetected_chromedriver + 772545
5   undetected_chromedriver             0x0000000104fcdf74 undetected_chromedriver + 1101684
6   undetected_chromedriver             0x0000000104fcb33a undetected_chromedriver + 1090362
7   undetected_chromedriver             0x0000000104f6ffb7 undetected_chromedriver + 716727
8   undetected_chromedriver             0x0000000104f70c81 undetected_chromedriver + 720001
9   undetected_chromedriver             0x00000001054d1011 undetected_chromedriver + 6357009
10  undetected_chromedriver             0x00000001054d5460 undetected_chromedriver + 6374496
11  undetected_chromedriver             0x00000001054ac023 undetected_chromedriver + 6205475
12  undetected_chromedriver             0x00000001054d5ed5 undetected_chromedriver + 6377173
13  undetected_chromedriver             0x000000010549af01 undetected_chromedriver + 6135553
14  undetected_chromedriver             0x00000001054f7a98 undetected_chromedriver + 6515352
15  undetected_chromedriver             0x00000001054f7c53 undetected_chromedriver + 6515795
16  undetected_chromedriver             0x000000010550a91c undetected_chromedriver + 6592796
17  libsystem_pthread.dylib             0x00007ff810502e4d _pthread_start + 115
18  libsystem_pthread.dylib             0x00007ff8104fe857 thread_start + 15

2026-01-20 14:56:00,811 - WARNING - Could not click #btn-login: Message: 
Stacktrace:
0   undetected_chromedriver             0x0000000105514068 undetected_chromedriver + 6631528
1   undetected_chromedriver             0x000000010550ad1a undetected_chromedriver + 6593818
2   undetected_chromedriver             0x0000000104f2bccb undetected_chromedriver + 437451
3   undetected_chromedriver             0x0000000104f7d6b0 undetected_chromedriver + 771760
4   undetected_chromedriver             0x0000000104f7d9c1 undetected_chromedriver + 772545
5   undetected_chromedriver             0x0000000104fcdf74 undetected_chromedriver + 1101684
6   undetected_chromedriver             0x0000000104fcb33a undetected_chromedriver + 1090362
7   undetected_chromedriver             0x0000000104f6ffb7 undetected_chromedriver + 716727
8   undetected_chromedriver             0x0000000104f70c81 undetected_chromedriver + 720001
9   undetected_chromedriver             0x00000001054d1011 undetected_chromedriver + 6357009
10  undetected_chromedriver             0x00000001054d5460 undetected_chromedriver + 6374496
11  undetected_chromedriver             0x00000001054ac023 undetected_chromedriver + 6205475
12  undetected_chromedriver             0x00000001054d5ed5 undetected_chromedriver + 6377173
13  undetected_chromedriver             0x000000010549af01 undetected_chromedriver + 6135553
14  undetected_chromedriver             0x00000001054f7a98 undetected_chromedriver + 6515352
15  undetected_chromedriver             0x00000001054f7c53 undetected_chromedriver + 6515795
16  undetected_chromedriver             0x000000010550a91c undetected_chromedriver + 6592796
17  libsystem_pthread.dylib             0x00007ff810502e4d _pthread_start + 115
18  libsystem_pthread.dylib             0x00007ff8104fe857 thread_start + 15

2026-01-20 14:56:12,813 - WARNING - Could not click button.bg-primary-500: Message: 
Stacktrace:
0   undetected_chromedriver             0x0000000105514068 undetected_chromedriver + 6631528
1   undetected_chromedriver             0x000000010550ad1a undetected_chromedriver + 6593818
2   undetected_chromedriver             0x0000000104f2bccb undetected_chromedriver + 437451
3   undetected_chromedriver             0x0000000104f7d6b0 undetected_chromedriver + 771760
4   undetected_chromedriver             0x0000000104f7d9c1 undetected_chromedriver + 772545
5   undetected_chromedriver             0x0000000104fcdf74 undetected_chromedriver + 1101684
6   undetected_chromedriver             0x0000000104fcb33a undetected_chromedriver + 1090362
7   undetected_chromedriver             0x0000000104f6ffb7 undetected_chromedriver + 716727
8   undetected_chromedriver             0x0000000104f70c81 undetected_chromedriver + 720001
9   undetected_chromedriver             0x00000001054d1011 undetected_chromedriver + 6357009
10  undetected_chromedriver             0x00000001054d5460 undetected_chromedriver + 6374496
11  undetected_chromedriver             0x00000001054ac023 undetected_chromedriver + 6205475
12  undetected_chromedriver             0x00000001054d5ed5 undetected_chromedriver + 6377173
13  undetected_chromedriver             0x000000010549af01 undetected_chromedriver + 6135553
14  undetected_chromedriver             0x00000001054f7a98 undetected_chromedriver + 6515352
15  undetected_chromedriver             0x00000001054f7c53 undetected_chromedriver + 6515795
16  undetected_chromedriver             0x000000010550a91c undetected_chromedriver + 6592796
17  libsystem_pthread.dylib             0x00007ff810502e4d _pthread_start + 115
18  libsystem_pthread.dylib             0x00007ff8104fe857 thread_start + 15

2026-01-20 14:56:24,872 - WARNING - Could not click XPath //button[@id='btn-login']: Message: 
Stacktrace:
0   undetected_chromedriver             0x0000000105514068 undetected_chromedriver + 6631528
1   undetected_chromedriver             0x000000010550ad1a undetected_chromedriver + 6593818
2   undetected_chromedriver             0x0000000104f2bccb undetected_chromedriver + 437451
3   undetected_chromedriver             0x0000000104f7d6b0 undetected_chromedriver + 771760
4   undetected_chromedriver             0x0000000104f7d9c1 undetected_chromedriver + 772545
5   undetected_chromedriver             0x0000000104fcdf74 undetected_chromedriver + 1101684
6   undetected_chromedriver             0x0000000104fcb33a undetected_chromedriver + 1090362
7   undetected_chromedriver             0x0000000104f6ffb7 undetected_chromedriver + 716727
8   undetected_chromedriver             0x0000000104f70c81 undetected_chromedriver + 720001
9   undetected_chromedriver             0x00000001054d1011 undetected_chromedriver + 6357009
10  undetected_chromedriver             0x00000001054d5460 undetected_chromedriver + 6374496
11  undetected_chromedriver             0x00000001054ac023 undetected_chromedriver + 6205475
12  undetected_chromedriver             0x00000001054d5ed5 undetected_chromedriver + 6377173
13  undetected_chromedriver             0x000000010549af01 undetected_chromedriver + 6135553
14  undetected_chromedriver             0x00000001054f7a98 undetected_chromedriver + 6515352
15  undetected_chromedriver             0x00000001054f7c53 undetected_chromedriver + 6515795
16  undetected_chromedriver             0x000000010550a91c undetected_chromedriver + 6592796
17  libsystem_pthread.dylib             0x00007ff810502e4d _pthread_start + 115
18  libsystem_pthread.dylib             0x00007ff8104fe857 thread_start + 15

2026-01-20 14:56:36,860 - WARNING - Could not click XPath //button[normalize-space()='Login']: Message: 
Stacktrace:
0   undetected_chromedriver             0x0000000105514068 undetected_chromedriver + 6631528
1   undetected_chromedriver             0x000000010550ad1a undetected_chromedriver + 6593818
2   undetected_chromedriver             0x0000000104f2bccb undetected_chromedriver + 437451
3   undetected_chromedriver             0x0000000104f7d6b0 undetected_chromedriver + 771760
4   undetected_chromedriver             0x0000000104f7d9c1 undetected_chromedriver + 772545
5   undetected_chromedriver             0x0000000104fcdf74 undetected_chromedriver + 1101684
6   undetected_chromedriver             0x0000000104fcb33a undetected_chromedriver + 1090362
7   undetected_chromedriver             0x0000000104f6ffb7 undetected_chromedriver + 716727
8   undetected_chromedriver             0x0000000104f70c81 undetected_chromedriver + 720001
9   undetected_chromedriver             0x00000001054d1011 undetected_chromedriver + 6357009
10  undetected_chromedriver             0x00000001054d5460 undetected_chromedriver + 6374496
11  undetected_chromedriver             0x00000001054ac023 undetected_chromedriver + 6205475
12  undetected_chromedriver             0x00000001054d5ed5 undetected_chromedriver + 6377173
13  undetected_chromedriver             0x000000010549af01 undetected_chromedriver + 6135553
14  undetected_chromedriver             0x00000001054f7a98 undetected_chromedriver + 6515352
15  undetected_chromedriver             0x00000001054f7c53 undetected_chromedriver + 6515795
16  undetected_chromedriver             0x000000010550a91c undetected_chromedriver + 6592796
17  libsystem_pthread.dylib             0x00007ff810502e4d _pthread_start + 115
18  libsystem_pthread.dylib             0x00007ff8104fe857 thread_start + 15

2026-01-20 14:56:49,034 - WARNING - Could not click XPath //button[contains(., 'Login')]: Message: 
Stacktrace:
0   undetected_chromedriver             0x0000000105514068 undetected_chromedriver + 6631528
1   undetected_chromedriver             0x000000010550ad1a undetected_chromedriver + 6593818
2   undetected_chromedriver             0x0000000104f2bccb undetected_chromedriver + 437451
3   undetected_chromedriver             0x0000000104f7d6b0 undetected_chromedriver + 771760
4   undetected_chromedriver             0x0000000104f7d9c1 undetected_chromedriver + 772545
5   undetected_chromedriver             0x0000000104fcdf74 undetected_chromedriver + 1101684
6   undetected_chromedriver             0x0000000104fcb33a undetected_chromedriver + 1090362
7   undetected_chromedriver             0x0000000104f6ffb7 undetected_chromedriver + 716727
8   undetected_chromedriver             0x0000000104f70c81 undetected_chromedriver + 720001
9   undetected_chromedriver             0x00000001054d1011 undetected_chromedriver + 6357009
10  undetected_chromedriver             0x00000001054d5460 undetected_chromedriver + 6374496
11  undetected_chromedriver             0x00000001054ac023 undetected_chromedriver + 6205475
12  undetected_chromedriver             0x00000001054d5ed5 undetected_chromedriver + 6377173
13  undetected_chromedriver             0x000000010549af01 undetected_chromedriver + 6135553
14  undetected_chromedriver             0x00000001054f7a98 undetected_chromedriver + 6515352
15  undetected_chromedriver             0x00000001054f7c53 undetected_chromedriver + 6515795
16  undetected_chromedriver             0x000000010550a91c undetected_chromedriver + 6592796
17  libsystem_pthread.dylib             0x00007ff810502e4d _pthread_start + 115
18  libsystem_pthread.dylib             0x00007ff8104fe857 thread_start + 15

2026-01-20 14:56:49,034 - ERROR - Could not find Login submit button
2026-01-20 14:56:49,034 - WARNING - ❌ Failure #1 recorded
2026-01-20 14:56:49,035 - WARNING - Failed at step: Step 7: Login submit
2026-01-20 14:56:49,035 - ERROR - ❌ Some steps failed - check the logs and screenshots
2026-01-20 14:56:49,270 - INFO - 🔚 Browser closed.
2026-01-20 14:56:49,270 - ERROR - ❌ Attempt #1 failed!
2026-01-20 14:56:49,270 - INFO - 📊 Stats: 0 successes, 1 failures out of 1 total attempts
2026-01-20 14:56:49,270 - INFO - 🔄 Restarting immediately after failure...
2026-01-20 14:56:49,270 - INFO - 
============================================================
2026-01-20 14:56:49,270 - INFO - 🔄 ATTEMPT #2 - Starting at 2026-01-20 14:56:49
2026-01-20 14:56:49,270 - INFO - ============================================================
2026-01-20 14:56:49,270 - INFO - 🚀 Starting TLSContact Automation...
2026-01-20 14:56:49,270 - INFO - Initializing Chrome driver...
2026-01-20 14:56:50,358 - INFO - patching driver executable /Users/alex/Library/Application Support/undetected_chromedriver/undetected_chromedriver
2026-01-20 14:56:53,384 - INFO - ✅ Chrome driver initialized successfully!
2026-01-20 14:56:55,390 - INFO - 🌐 Navigating to: https://visas-fr.tlscontact.com/en-us/country/am/vac/amEVN2fr
2026-01-20 14:56:55,823 - INFO - ✅ Page navigation successful
2026-01-20 14:56:55,823 - INFO - ⏳ Waiting for Cloudflare (30 seconds)...
2026-01-20 14:57:27,366 - INFO - 📄 Current URL: https://visas-fr.tlscontact.com/en-us/country/am/vac/amEVN2fr
2026-01-20 14:57:27,366 - INFO - 📄 Page title: Welcome to TLScontact Yerevan | TLScontact Yerevan
2026-01-20 14:57:27,366 - INFO - 🎉 Continuing with automation steps...
2026-01-20 14:57:27,366 - INFO - Loaded failure count: 1
2026-01-20 14:57:27,366 - INFO - Last failed at step: Step 7: Login submit
2026-01-20 14:57:31,686 - INFO - Starting automatic step execution...
2026-01-20 14:57:31,687 - INFO - Starting TLSContact automation sequence...
2026-01-20 14:57:31,687 - INFO - Current consecutive failures: 1
2026-01-20 14:57:31,687 - INFO - Step 1: Clicking 'Book an appointment' button...
2026-01-20 14:57:39,492 - INFO - Successfully clicked 'Book an appointment'
2026-01-20 14:57:42,904 - INFO - Step 2: Clicking 'Yes' for France-Visas question...
2026-01-20 14:57:51,686 - INFO - Successfully clicked 'Yes' for France-Visas question
2026-01-20 14:57:56,346 - INFO - Step 3: Clicking 'Yes' for TLScontact registration question...
2026-01-20 14:58:02,781 - INFO - Successfully clicked second 'Yes' button
2026-01-20 14:58:07,661 - INFO - Step 4: Clicking 'LOG IN' button...
2026-01-20 14:58:17,246 - INFO - Successfully clicked 'LOG IN' button
2026-01-20 14:58:23,203 - INFO - Step 5: Entering email address...
2026-01-20 14:58:35,784 - INFO - Successfully entered email: Info@i-travel.net
2026-01-20 14:58:35,784 - INFO - Step 6: Entering password...
2026-01-20 14:58:43,178 - INFO - Successfully entered password
2026-01-20 14:58:45,183 - INFO - 🛡️ Checking for CAPTCHA iframe...
2026-01-20 14:58:45,198 - INFO - Found CAPTCHA iframe with XPath: //iframe[contains(@title, 'challenge') or contains(@title, 'CAPTCHA')]
2026-01-20 14:58:45,210 - INFO - ➡️ Focus switched to CAPTCHA iframe.
2026-01-20 14:58:46,883 - INFO - Found checkbox: recaptcha-anchor
2026-01-20 14:58:50,096 - INFO - ✅ Clicked checkbox: recaptcha-anchor
2026-01-20 14:59:34,913 - INFO - ✅ CAPTCHA checkbox clicked successfully
2026-01-20 14:59:34,914 - INFO - Step 7: Clicking Login submit button...
2026-01-20 14:59:49,757 - WARNING - Could not click button#btn-login: Message: 
Stacktrace:
0   undetected_chromedriver             0x0000000102929068 undetected_chromedriver + 6631528
1   undetected_chromedriver             0x000000010291fd1a undetected_chromedriver + 6593818
2   undetected_chromedriver             0x0000000102340ccb undetected_chromedriver + 437451
3   undetected_chromedriver             0x00000001023926b0 undetected_chromedriver + 771760
4   undetected_chromedriver             0x00000001023929c1 undetected_chromedriver + 772545
5   undetected_chromedriver             0x00000001023e2f74 undetected_chromedriver + 1101684
6   undetected_chromedriver             0x00000001023e033a undetected_chromedriver + 1090362
7   undetected_chromedriver             0x0000000102384fb7 undetected_chromedriver + 716727
8   undetected_chromedriver             0x0000000102385c81 undetected_chromedriver + 720001
9   undetected_chromedriver             0x00000001028e6011 undetected_chromedriver + 6357009
10  undetected_chromedriver             0x00000001028ea460 undetected_chromedriver + 6374496
11  undetected_chromedriver             0x00000001028c1023 undetected_chromedriver + 6205475
12  undetected_chromedriver             0x00000001028eaed5 undetected_chromedriver + 6377173
13  undetected_chromedriver             0x00000001028aff01 undetected_chromedriver + 6135553
14  undetected_chromedriver             0x000000010290ca98 undetected_chromedriver + 6515352
15  undetected_chromedriver             0x000000010290cc53 undetected_chromedriver + 6515795
16  undetected_chromedriver             0x000000010291f91c undetected_chromedriver + 6592796
17  libsystem_pthread.dylib             0x00007ff810502e4d _pthread_start + 115
18  libsystem_pthread.dylib             0x00007ff8104fe857 thread_start + 15

2026-01-20 15:00:02,261 - WARNING - Could not click #btn-login: Message: 
Stacktrace:
0   undetected_chromedriver             0x0000000102929068 undetected_chromedriver + 6631528
1   undetected_chromedriver             0x000000010291fd1a undetected_chromedriver + 6593818
2   undetected_chromedriver             0x0000000102340ccb undetected_chromedriver + 437451
3   undetected_chromedriver             0x00000001023926b0 undetected_chromedriver + 771760
4   undetected_chromedriver             0x00000001023929c1 undetected_chromedriver + 772545
5   undetected_chromedriver             0x00000001023e2f74 undetected_chromedriver + 1101684
6   undetected_chromedriver             0x00000001023e033a undetected_chromedriver + 1090362
7   undetected_chromedriver             0x0000000102384fb7 undetected_chromedriver + 716727
8   undetected_chromedriver             0x0000000102385c81 undetected_chromedriver + 720001
9   undetected_chromedriver             0x00000001028e6011 undetected_chromedriver + 6357009
10  undetected_chromedriver             0x00000001028ea460 undetected_chromedriver + 6374496
11  undetected_chromedriver             0x00000001028c1023 undetected_chromedriver + 6205475
12  undetected_chromedriver             0x00000001028eaed5 undetected_chromedriver + 6377173
13  undetected_chromedriver             0x00000001028aff01 undetected_chromedriver + 6135553
14  undetected_chromedriver             0x000000010290ca98 undetected_chromedriver + 6515352
15  undetected_chromedriver             0x000000010290cc53 undetected_chromedriver + 6515795
16  undetected_chromedriver             0x000000010291f91c undetected_chromedriver + 6592796
17  libsystem_pthread.dylib             0x00007ff810502e4d _pthread_start + 115
18  libsystem_pthread.dylib             0x00007ff8104fe857 thread_start + 15

2026-01-20 15:00:14,142 - WARNING - Could not click button.bg-primary-500: Message: 
Stacktrace:
0   undetected_chromedriver             0x0000000102929068 undetected_chromedriver + 6631528
1   undetected_chromedriver             0x000000010291fd1a undetected_chromedriver + 6593818
2   undetected_chromedriver             0x0000000102340ccb undetected_chromedriver + 437451
3   undetected_chromedriver             0x00000001023926b0 undetected_chromedriver + 771760
4   undetected_chromedriver             0x00000001023929c1 undetected_chromedriver + 772545
5   undetected_chromedriver             0x00000001023e2f74 undetected_chromedriver + 1101684
6   undetected_chromedriver             0x00000001023e033a undetected_chromedriver + 1090362
7   undetected_chromedriver             0x0000000102384fb7 undetected_chromedriver + 716727
8   undetected_chromedriver             0x0000000102385c81 undetected_chromedriver + 720001
9   undetected_chromedriver             0x00000001028e6011 undetected_chromedriver + 6357009
10  undetected_chromedriver             0x00000001028ea460 undetected_chromedriver + 6374496
11  undetected_chromedriver             0x00000001028c1023 undetected_chromedriver + 6205475
12  undetected_chromedriver             0x00000001028eaed5 undetected_chromedriver + 6377173
13  undetected_chromedriver             0x00000001028aff01 undetected_chromedriver + 6135553
14  undetected_chromedriver             0x000000010290ca98 undetected_chromedriver + 6515352
15  undetected_chromedriver             0x000000010290cc53 undetected_chromedriver + 6515795
16  undetected_chromedriver             0x000000010291f91c undetected_chromedriver + 6592796
17  libsystem_pthread.dylib             0x00007ff810502e4d _pthread_start + 115
18  libsystem_pthread.dylib             0x00007ff8104fe857 thread_start + 15

2026-01-20 15:00:26,624 - WARNING - Could not click XPath //button[@id='btn-login']: Message: 
Stacktrace:
0   undetected_chromedriver             0x0000000102929068 undetected_chromedriver + 6631528
1   undetected_chromedriver             0x000000010291fd1a undetected_chromedriver + 6593818
2   undetected_chromedriver             0x0000000102340ccb undetected_chromedriver + 437451
3   undetected_chromedriver             0x00000001023926b0 undetected_chromedriver + 771760
4   undetected_chromedriver             0x00000001023929c1 undetected_chromedriver + 772545
5   undetected_chromedriver             0x00000001023e2f74 undetected_chromedriver + 1101684
6   undetected_chromedriver             0x00000001023e033a undetected_chromedriver + 1090362
7   undetected_chromedriver             0x0000000102384fb7 undetected_chromedriver + 716727
8   undetected_chromedriver             0x0000000102385c81 undetected_chromedriver + 720001
9   undetected_chromedriver             0x00000001028e6011 undetected_chromedriver + 6357009
10  undetected_chromedriver             0x00000001028ea460 undetected_chromedriver + 6374496
11  undetected_chromedriver             0x00000001028c1023 undetected_chromedriver + 6205475
12  undetected_chromedriver             0x00000001028eaed5 undetected_chromedriver + 6377173
13  undetected_chromedriver             0x00000001028aff01 undetected_chromedriver + 6135553
14  undetected_chromedriver             0x000000010290ca98 undetected_chromedriver + 6515352
15  undetected_chromedriver             0x000000010290cc53 undetected_chromedriver + 6515795
16  undetected_chromedriver             0x000000010291f91c undetected_chromedriver + 6592796
17  libsystem_pthread.dylib             0x00007ff810502e4d _pthread_start + 115
18  libsystem_pthread.dylib             0x00007ff8104fe857 thread_start + 15

2026-01-20 15:00:38,359 - WARNING - Could not click XPath //button[normalize-space()='Login']: Message: 
Stacktrace:
0   undetected_chromedriver             0x0000000102929068 undetected_chromedriver + 6631528
1   undetected_chromedriver             0x000000010291fd1a undetected_chromedriver + 6593818
2   undetected_chromedriver             0x0000000102340ccb undetected_chromedriver + 437451
3   undetected_chromedriver             0x00000001023926b0 undetected_chromedriver + 771760
4   undetected_chromedriver             0x00000001023929c1 undetected_chromedriver + 772545
5   undetected_chromedriver             0x00000001023e2f74 undetected_chromedriver + 1101684
6   undetected_chromedriver             0x00000001023e033a undetected_chromedriver + 1090362
7   undetected_chromedriver             0x0000000102384fb7 undetected_chromedriver + 716727
8   undetected_chromedriver             0x0000000102385c81 undetected_chromedriver + 720001
9   undetected_chromedriver             0x00000001028e6011 undetected_chromedriver + 6357009
10  undetected_chromedriver             0x00000001028ea460 undetected_chromedriver + 6374496
11  undetected_chromedriver             0x00000001028c1023 undetected_chromedriver + 6205475
12  undetected_chromedriver             0x00000001028eaed5 undetected_chromedriver + 6377173
13  undetected_chromedriver             0x00000001028aff01 undetected_chromedriver + 6135553
14  undetected_chromedriver             0x000000010290ca98 undetected_chromedriver + 6515352
15  undetected_chromedriver             0x000000010290cc53 undetected_chromedriver + 6515795
16  undetected_chromedriver             0x000000010291f91c undetected_chromedriver + 6592796
17  libsystem_pthread.dylib             0x00007ff810502e4d _pthread_start + 115
18  libsystem_pthread.dylib             0x00007ff8104fe857 thread_start + 15

2026-01-20 15:00:50,152 - WARNING - Could not click XPath //button[contains(., 'Login')]: Message: 
Stacktrace:
0   undetected_chromedriver             0x0000000102929068 undetected_chromedriver + 6631528
1   undetected_chromedriver             0x000000010291fd1a undetected_chromedriver + 6593818
2   undetected_chromedriver             0x0000000102340ccb undetected_chromedriver + 437451
3   undetected_chromedriver             0x00000001023926b0 undetected_chromedriver + 771760
4   undetected_chromedriver             0x00000001023929c1 undetected_chromedriver + 772545
5   undetected_chromedriver             0x00000001023e2f74 undetected_chromedriver + 1101684
6   undetected_chromedriver             0x00000001023e033a undetected_chromedriver + 1090362
7   undetected_chromedriver             0x0000000102384fb7 undetected_chromedriver + 716727
8   undetected_chromedriver             0x0000000102385c81 undetected_chromedriver + 720001
9   undetected_chromedriver             0x00000001028e6011 undetected_chromedriver + 6357009
10  undetected_chromedriver             0x00000001028ea460 undetected_chromedriver + 6374496
11  undetected_chromedriver             0x00000001028c1023 undetected_chromedriver + 6205475
12  undetected_chromedriver             0x00000001028eaed5 undetected_chromedriver + 6377173
13  undetected_chromedriver             0x00000001028aff01 undetected_chromedriver + 6135553
14  undetected_chromedriver             0x000000010290ca98 undetected_chromedriver + 6515352
15  undetected_chromedriver             0x000000010290cc53 undetected_chromedriver + 6515795
16  undetected_chromedriver             0x000000010291f91c undetected_chromedriver + 6592796
17  libsystem_pthread.dylib             0x00007ff810502e4d _pthread_start + 115
18  libsystem_pthread.dylib             0x00007ff8104fe857 thread_start + 15

2026-01-20 15:00:50,153 - ERROR - Could not find Login submit button
2026-01-20 15:00:50,153 - WARNING - ❌ Failure #2 recorded
2026-01-20 15:00:50,153 - WARNING - Failed at step: Step 7: Login submit
2026-01-20 15:00:50,154 - ERROR - ❌ Some steps failed - check the logs and screenshots
2026-01-20 15:00:50,381 - INFO - 🔚 Browser closed.
2026-01-20 15:00:50,381 - ERROR - ❌ Attempt #2 failed!
2026-01-20 15:00:50,381 - INFO - 📊 Stats: 0 successes, 2 failures out of 2 total attempts
2026-01-20 15:00:50,381 - INFO - 🔄 Restarting immediately after failure...
2026-01-20 15:00:50,381 - INFO - 
============================================================
2026-01-20 15:00:50,381 - INFO - 🔄 ATTEMPT #3 - Starting at 2026-01-20 15:00:50
2026-01-20 15:00:50,381 - INFO - ============================================================
2026-01-20 15:00:50,381 - INFO - 🚀 Starting TLSContact Automation...
2026-01-20 15:00:50,381 - INFO - Initializing Chrome driver...
2026-01-20 15:00:51,396 - INFO - patching driver executable /Users/alex/Library/Application Support/undetected_chromedriver/undetected_chromedriver
2026-01-20 15:00:54,432 - INFO - ✅ Chrome driver initialized successfully!
2026-01-20 15:00:56,435 - INFO - 🌐 Navigating to: https://visas-fr.tlscontact.com/en-us/country/am/vac/amEVN2fr
2026-01-20 15:00:56,734 - INFO - ✅ Page navigation successful
2026-01-20 15:00:56,734 - INFO - ⏳ Waiting for Cloudflare (30 seconds)...
2026-01-20 15:01:29,578 - INFO - 📄 Current URL: https://visas-fr.tlscontact.com/en-us/country/am/vac/amEVN2fr
2026-01-20 15:01:29,579 - INFO - 📄 Page title: Welcome to TLScontact Yerevan | TLScontact Yerevan
2026-01-20 15:01:29,579 - INFO - 🎉 Continuing with automation steps...
2026-01-20 15:01:29,579 - INFO - Loaded failure count: 2
2026-01-20 15:01:29,579 - INFO - Last failed at step: Step 7: Login submit
2026-01-20 15:01:33,901 - INFO - Starting automatic step execution...
2026-01-20 15:01:33,902 - INFO - Starting TLSContact automation sequence...
2026-01-20 15:01:33,902 - INFO - Current consecutive failures: 2
2026-01-20 15:01:33,902 - INFO - Step 1: Clicking 'Book an appointment' button...
2026-01-20 15:01:41,287 - INFO - Successfully clicked 'Book an appointment'
2026-01-20 15:01:46,330 - INFO - Step 2: Clicking 'Yes' for France-Visas question...
2026-01-20 15:01:56,744 - INFO - Successfully clicked 'Yes' for France-Visas question
2026-01-20 15:02:01,297 - INFO - Step 3: Clicking 'Yes' for TLScontact registration question...
2026-01-20 15:02:06,768 - INFO - Successfully clicked second 'Yes' button
2026-01-20 15:02:10,799 - INFO - Step 4: Clicking 'LOG IN' button...
2026-01-20 15:02:19,819 - INFO - Successfully clicked 'LOG IN' button
2026-01-20 15:02:25,795 - INFO - Step 5: Entering email address...
2026-01-20 15:02:37,893 - INFO - Successfully entered email: Info@i-travel.net
2026-01-20 15:02:37,894 - INFO - Step 6: Entering password...
2026-01-20 15:02:45,110 - INFO - Successfully entered password
2026-01-20 15:02:47,111 - INFO - 🛡️ Checking for CAPTCHA iframe...
2026-01-20 15:02:47,132 - INFO - Found CAPTCHA iframe with XPath: //iframe[contains(@title, 'challenge') or contains(@title, 'CAPTCHA')]
2026-01-20 15:02:47,147 - INFO - ➡️ Focus switched to CAPTCHA iframe.
2026-01-20 15:02:48,807 - INFO - Found checkbox: recaptcha-anchor
2026-01-20 15:02:52,366 - INFO - ✅ Clicked checkbox: recaptcha-anchor
2026-01-20 15:03:37,070 - INFO - ✅ CAPTCHA checkbox clicked successfully
2026-01-20 15:03:37,071 - INFO - Step 7: Clicking Login submit button...
2026-01-20 15:03:45,557 - INFO - Successfully clicked Login submit button
2026-01-20 15:03:51,209 - INFO - Returned to app domain. URL: https://visas-fr.tlscontact.com/en-us/travel-groups
2026-01-20 15:03:51,222 - INFO - Post-login page marker detected (list/workflow link).
2026-01-20 15:03:55,743 - INFO - Step 8: Clicking Select button (dynamic formGroupId)...
2026-01-20 15:04:07,290 - INFO - ✅ Clicked Select. formGroupId value=24313450
2026-01-20 15:04:09,833 - INFO - Step 9: Waiting for service level page to load...
2026-01-20 15:04:09,840 - INFO - Successfully reached page containing: workflow/service-level
2026-01-20 15:04:14,491 - INFO - Successfully reached service level page (matched: workflow/service-level)
2026-01-20 15:04:14,491 - INFO - Step 10: Clicking Continue button...
2026-01-20 15:04:23,895 - INFO - Successfully clicked Continue button
2026-01-20 15:04:27,411 - INFO - === Checking CURRENT month ===
2026-01-20 15:04:27,412 - INFO - Step 11: Checking appointment availability...
2026-01-20 15:04:36,705 - INFO - Deleted existing screenshot: appointment_availability_check.png
2026-01-20 15:04:37,092 - INFO - Screenshot saved: appointment_availability_check.png
2026-01-20 15:04:37,277 - INFO - No appointment slots available message detected
2026-01-20 15:05:07,879 - WARNING - Regular Telegram sendPhoto error: ('Connection aborted.', TimeoutError('The write operation timed out'))
2026-01-20 15:05:07,880 - INFO - === Checking NEXT month ===
2026-01-20 15:05:07,880 - INFO - Step 12: Looking for next month button...
2026-01-20 15:05:12,978 - INFO - Found next month button: February 2026
2026-01-20 15:05:13,667 - INFO - ✅ Automatically clicked: February 2026
2026-01-20 15:05:24,605 - INFO - Step 11: Checking appointment availability...
2026-01-20 15:05:34,443 - INFO - Deleted existing screenshot: appointment_availability_check.png
2026-01-20 15:05:34,881 - INFO - Screenshot saved: appointment_availability_check.png
2026-01-20 15:05:34,891 - INFO - No appointment slots available message detected
2026-01-20 15:06:05,439 - WARNING - Regular Telegram sendPhoto error: ('Connection aborted.', TimeoutError('The write operation timed out'))
2026-01-20 15:06:05,440 - INFO - ✅ Resetting failure count from 2 to 0
2026-01-20 15:06:05,442 - INFO - 🎉 All automation steps completed successfully!
2026-01-20 15:06:05,442 - INFO - 🎉 All automation steps completed successfully!
2026-01-20 15:06:05,676 - INFO - 🔚 Browser closed.
2026-01-20 15:06:05,676 - INFO - ✅ Attempt #3 completed successfully!
2026-01-20 15:06:05,676 - INFO - 📊 Stats: 1 successes, 2 failures out of 3 total attempts
2026-01-20 15:06:05,676 - INFO - 🔄 Restarting immediately for next attempt...
2026-01-20 15:06:05,676 - INFO - 
============================================================
2026-01-20 15:06:05,676 - INFO - 🔄 ATTEMPT #4 - Starting at 2026-01-20 15:06:05
2026-01-20 15:06:05,676 - INFO - ============================================================
2026-01-20 15:06:05,676 - INFO - 🚀 Starting TLSContact Automation...
2026-01-20 15:06:05,677 - INFO - Initializing Chrome driver...
2026-01-20 15:06:06,765 - INFO - patching driver executable /Users/alex/Library/Application Support/undetected_chromedriver/undetected_chromedriver
2026-01-20 15:06:09,773 - INFO - ✅ Chrome driver initialized successfully!
2026-01-20 15:06:11,774 - INFO - 🌐 Navigating to: https://visas-fr.tlscontact.com/en-us/country/am/vac/amEVN2fr
2026-01-20 15:06:12,147 - INFO - ✅ Page navigation successful
2026-01-20 15:06:12,147 - INFO - ⏳ Waiting for Cloudflare (30 seconds)...
2026-01-20 15:06:44,317 - INFO - 📄 Current URL: https://visas-fr.tlscontact.com/en-us/country/am/vac/amEVN2fr
2026-01-20 15:06:44,317 - INFO - 📄 Page title: Welcome to TLScontact Yerevan | TLScontact Yerevan
2026-01-20 15:06:44,317 - INFO - 🎉 Continuing with automation steps...
2026-01-20 15:06:44,318 - INFO - Loaded failure count: 0
2026-01-20 15:06:48,575 - INFO - Starting automatic step execution...
2026-01-20 15:06:48,576 - INFO - Starting TLSContact automation sequence...
2026-01-20 15:06:48,576 - INFO - Current consecutive failures: 0
2026-01-20 15:06:48,577 - INFO - Step 1: Clicking 'Book an appointment' button...
2026-01-20 15:06:57,058 - INFO - Successfully clicked 'Book an appointment'
2026-01-20 15:07:00,791 - INFO - Step 2: Clicking 'Yes' for France-Visas question...
2026-01-20 15:07:09,281 - INFO - Successfully clicked 'Yes' for France-Visas question
2026-01-20 15:07:13,103 - INFO - Step 3: Clicking 'Yes' for TLScontact registration question...
2026-01-20 15:07:19,853 - INFO - Successfully clicked second 'Yes' button
2026-01-20 15:07:23,490 - INFO - Step 4: Clicking 'LOG IN' button...
2026-01-20 15:07:33,323 - INFO - Successfully clicked 'LOG IN' button
2026-01-20 15:07:37,708 - INFO - Step 5: Entering email address...
2026-01-20 15:07:50,011 - INFO - Successfully entered email: Info@i-travel.net
2026-01-20 15:07:50,012 - INFO - Step 6: Entering password...
2026-01-20 15:07:56,722 - INFO - Successfully entered password
2026-01-20 15:07:58,726 - INFO - 🛡️ Checking for CAPTCHA iframe...
2026-01-20 15:07:58,735 - INFO - Found CAPTCHA iframe with XPath: //iframe[contains(@title, 'challenge') or contains(@title, 'CAPTCHA')]
2026-01-20 15:07:58,744 - INFO - ➡️ Focus switched to CAPTCHA iframe.
2026-01-20 15:08:00,670 - INFO - Found checkbox: recaptcha-anchor
2026-01-20 15:08:04,086 - INFO - ✅ Clicked checkbox: recaptcha-anchor
2026-01-20 15:08:48,363 - INFO - ✅ CAPTCHA checkbox clicked successfully
2026-01-20 15:08:48,365 - INFO - Step 7: Clicking Login submit button...
2026-01-20 15:08:56,157 - INFO - Successfully clicked Login submit button
2026-01-20 15:09:35,829 - INFO - Returned to app domain. URL: https://visas-fr.tlscontact.com/en-us/travel-groups
2026-01-20 15:09:35,836 - INFO - Post-login page marker detected (list/workflow link).
2026-01-20 15:09:40,257 - INFO - Step 8: Clicking Select button (dynamic formGroupId)...
2026-01-20 15:09:50,321 - INFO - ✅ Clicked Select. formGroupId value=24313450
2026-01-20 15:09:52,980 - INFO - Step 9: Waiting for service level page to load...
2026-01-20 15:09:52,988 - INFO - Successfully reached page containing: workflow/service-level
2026-01-20 15:09:57,815 - INFO - Successfully reached service level page (matched: workflow/service-level)
2026-01-20 15:09:57,815 - INFO - Step 10: Clicking Continue button...
2026-01-20 15:10:07,873 - INFO - Successfully clicked Continue button
2026-01-20 15:10:12,153 - INFO - === Checking CURRENT month ===
2026-01-20 15:10:12,154 - INFO - Step 11: Checking appointment availability...
2026-01-20 15:10:22,233 - INFO - Deleted existing screenshot: appointment_availability_check.png
2026-01-20 15:10:22,777 - INFO - Screenshot saved: appointment_availability_check.png
2026-01-20 15:10:22,788 - INFO - No appointment slots available message detected
2026-01-20 15:10:53,605 - WARNING - Regular Telegram sendPhoto error: ('Connection aborted.', TimeoutError('The write operation timed out'))
2026-01-20 15:10:53,605 - INFO - === Checking NEXT month ===
2026-01-20 15:10:53,606 - INFO - Step 12: Looking for next month button...
2026-01-20 15:10:59,017 - INFO - Found next month button: February 2026
2026-01-20 15:10:59,634 - INFO - ✅ Automatically clicked: February 2026
2026-01-20 15:11:10,960 - INFO - Step 11: Checking appointment availability...
2026-01-20 15:11:21,968 - INFO - Deleted existing screenshot: appointment_availability_check.png
2026-01-20 15:11:22,418 - INFO - Screenshot saved: appointment_availability_check.png
2026-01-20 15:11:22,429 - INFO - No appointment slots available message detected
2026-01-20 15:11:52,955 - WARNING - Regular Telegram sendPhoto error: ('Connection aborted.', TimeoutError('The write operation timed out'))
2026-01-20 15:11:52,957 - INFO - 🎉 All automation steps completed successfully!
2026-01-20 15:11:52,957 - INFO - 🎉 All automation steps completed successfully!
2026-01-20 15:11:53,230 - INFO - 🔚 Browser closed.
2026-01-20 15:11:53,230 - INFO - ✅ Attempt #4 completed successfully!
2026-01-20 15:11:53,230 - INFO - 📊 Stats: 2 successes, 2 failures out of 4 total attempts
2026-01-20 15:11:53,230 - INFO - 🔄 Restarting immediately for next attempt...
2026-01-20 15:11:53,230 - INFO - 
============================================================
2026-01-20 15:11:53,230 - INFO - 🔄 ATTEMPT #5 - Starting at 2026-01-20 15:11:53
2026-01-20 15:11:53,230 - INFO - ============================================================
2026-01-20 15:11:53,230 - INFO - 🚀 Starting TLSContact Automation...
2026-01-20 15:11:53,230 - INFO - Initializing Chrome driver...
2026-01-20 15:11:54,308 - INFO - patching driver executable /Users/alex/Library/Application Support/undetected_chromedriver/undetected_chromedriver
2026-01-20 15:11:57,323 - INFO - ✅ Chrome driver initialized successfully!
2026-01-20 15:11:59,328 - INFO - 🌐 Navigating to: https://visas-fr.tlscontact.com/en-us/country/am/vac/amEVN2fr
2026-01-20 15:11:59,704 - INFO - ✅ Page navigation successful
2026-01-20 15:11:59,704 - INFO - ⏳ Waiting for Cloudflare (30 seconds)...
2026-01-20 15:12:32,064 - INFO - 📄 Current URL: https://visas-fr.tlscontact.com/en-us/country/am/vac/amEVN2fr
2026-01-20 15:12:32,064 - INFO - 📄 Page title: Welcome to TLScontact Yerevan | TLScontact Yerevan
2026-01-20 15:12:32,064 - INFO - 🎉 Continuing with automation steps...
2026-01-20 15:12:32,065 - INFO - Loaded failure count: 0
2026-01-20 15:12:35,725 - INFO - Starting automatic step execution...
2026-01-20 15:12:35,725 - INFO - Starting TLSContact automation sequence...
2026-01-20 15:12:35,725 - INFO - Current consecutive failures: 0
2026-01-20 15:12:35,725 - INFO - Step 1: Clicking 'Book an appointment' button...
2026-01-20 15:12:43,597 - INFO - Successfully clicked 'Book an appointment'
2026-01-20 15:12:47,629 - INFO - Step 2: Clicking 'Yes' for France-Visas question...
2026-01-20 15:12:57,408 - INFO - Successfully clicked 'Yes' for France-Visas question
2026-01-20 15:13:00,851 - INFO - Step 3: Clicking 'Yes' for TLScontact registration question...
2026-01-20 15:13:07,540 - INFO - Successfully clicked second 'Yes' button
2026-01-20 15:13:11,491 - INFO - Step 4: Clicking 'LOG IN' button...
2026-01-20 15:13:20,773 - INFO - Successfully clicked 'LOG IN' button
2026-01-20 15:13:25,800 - INFO - Step 5: Entering email address...
2026-01-20 15:13:37,321 - INFO - Successfully entered email: Info@i-travel.net
2026-01-20 15:13:37,322 - INFO - Step 6: Entering password...
2026-01-20 15:13:44,309 - INFO - Successfully entered password
2026-01-20 15:13:46,315 - INFO - 🛡️ Checking for CAPTCHA iframe...
2026-01-20 15:13:46,331 - INFO - Found CAPTCHA iframe with XPath: //iframe[contains(@title, 'challenge') or contains(@title, 'CAPTCHA')]
2026-01-20 15:13:46,348 - INFO - ➡️ Focus switched to CAPTCHA iframe.
2026-01-20 15:13:48,004 - INFO - Found checkbox: recaptcha-anchor
2026-01-20 15:13:51,389 - INFO - ✅ Clicked checkbox: recaptcha-anchor
2026-01-20 15:14:35,411 - INFO - ✅ CAPTCHA checkbox clicked successfully
2026-01-20 15:14:35,411 - INFO - Step 7: Clicking Login submit button...
2026-01-20 15:14:44,247 - INFO - Successfully clicked Login submit button
2026-01-20 15:14:49,948 - INFO - Returned to app domain. URL: https://visas-fr.tlscontact.com/en-us/travel-groups
2026-01-20 15:14:49,960 - INFO - Post-login page marker detected (list/workflow link).
2026-01-20 15:14:53,956 - INFO - Step 8: Clicking Select button (dynamic formGroupId)...
2026-01-20 15:15:06,546 - INFO - ✅ Clicked Select. formGroupId value=24313450
2026-01-20 15:15:09,901 - INFO - Step 9: Waiting for service level page to load...
2026-01-20 15:15:09,908 - INFO - Successfully reached page containing: workflow/service-level
2026-01-20 15:15:13,765 - INFO - Successfully reached service level page (matched: workflow/service-level)
2026-01-20 15:15:13,765 - INFO - Step 10: Clicking Continue button...
2026-01-20 15:15:23,791 - INFO - Successfully clicked Continue button
2026-01-20 15:15:28,872 - INFO - === Checking CURRENT month ===
2026-01-20 15:15:28,872 - INFO - Step 11: Checking appointment availability...
2026-01-20 15:15:39,642 - INFO - Deleted existing screenshot: appointment_availability_check.png
2026-01-20 15:15:40,014 - INFO - Screenshot saved: appointment_availability_check.png
2026-01-20 15:15:40,040 - INFO - No appointment slots available message detected
2026-01-20 15:15:41,346 - INFO - === Checking NEXT month ===
2026-01-20 15:15:41,347 - INFO - Step 12: Looking for next month button...
2026-01-20 15:15:47,422 - INFO - Found next month button: February 2026
2026-01-20 15:15:48,344 - INFO - ✅ Automatically clicked: February 2026
2026-01-20 15:16:00,086 - INFO - Step 11: Checking appointment availability...
2026-01-20 15:16:10,130 - INFO - Deleted existing screenshot: appointment_availability_check.png
2026-01-20 15:16:11,898 - INFO - Screenshot saved: appointment_availability_check.png
2026-01-20 15:16:11,906 - INFO - No appointment slots available message detected
2026-01-20 15:16:43,856 - WARNING - Regular Telegram sendPhoto error: ('Connection aborted.', TimeoutError('The write operation timed out'))
2026-01-20 15:16:43,856 - INFO - 🎉 All automation steps completed successfully!
2026-01-20 15:16:43,856 - INFO - 🎉 All automation steps completed successfully!
2026-01-20 15:16:44,128 - INFO - 🔚 Browser closed.
2026-01-20 15:16:44,128 - INFO - ✅ Attempt #5 completed successfully!
2026-01-20 15:16:44,128 - INFO - 📊 Stats: 3 successes, 2 failures out of 5 total attempts
2026-01-20 15:16:44,128 - INFO - 🔄 Restarting immediately for next attempt...
2026-01-20 15:16:44,128 - INFO - 
============================================================
2026-01-20 15:16:44,128 - INFO - 🔄 ATTEMPT #6 - Starting at 2026-01-20 15:16:44
2026-01-20 15:16:44,129 - INFO - ============================================================
2026-01-20 15:16:44,129 - INFO - 🚀 Starting TLSContact Automation...
2026-01-20 15:16:44,129 - INFO - Initializing Chrome driver...
2026-01-20 15:16:45,208 - INFO - patching driver executable /Users/alex/Library/Application Support/undetected_chromedriver/undetected_chromedriver
2026-01-20 15:16:48,212 - INFO - ✅ Chrome driver initialized successfully!
2026-01-20 15:16:50,217 - INFO - 🌐 Navigating to: https://visas-fr.tlscontact.com/en-us/country/am/vac/amEVN2fr
2026-01-20 15:16:50,600 - INFO - ✅ Page navigation successful
2026-01-20 15:16:50,600 - INFO - ⏳ Waiting for Cloudflare (30 seconds)...
2026-01-20 15:17:22,836 - INFO - 📄 Current URL: https://visas-fr.tlscontact.com/en-us/country/am/vac/amEVN2fr
2026-01-20 15:17:22,836 - INFO - 📄 Page title: Welcome to TLScontact Yerevan | TLScontact Yerevan
2026-01-20 15:17:22,836 - INFO - 🎉 Continuing with automation steps...
2026-01-20 15:17:22,836 - INFO - Loaded failure count: 0
2026-01-20 15:17:27,434 - INFO - Starting automatic step execution...
2026-01-20 15:17:27,435 - INFO - Starting TLSContact automation sequence...
2026-01-20 15:17:27,435 - INFO - Current consecutive failures: 0
2026-01-20 15:17:27,435 - INFO - Step 1: Clicking 'Book an appointment' button...
2026-01-20 15:17:35,051 - INFO - Successfully clicked 'Book an appointment'
2026-01-20 15:17:39,162 - INFO - Step 2: Clicking 'Yes' for France-Visas question...
2026-01-20 15:17:48,961 - INFO - Successfully clicked 'Yes' for France-Visas question
2026-01-20 15:17:53,590 - INFO - Step 3: Clicking 'Yes' for TLScontact registration question...
2026-01-20 15:17:58,728 - INFO - Successfully clicked second 'Yes' button
2026-01-20 15:18:03,418 - INFO - Step 4: Clicking 'LOG IN' button...
2026-01-20 15:18:11,534 - INFO - Successfully clicked 'LOG IN' button
2026-01-20 15:18:16,929 - INFO - Step 5: Entering email address...
2026-01-20 15:18:29,033 - INFO - Successfully entered email: Info@i-travel.net
2026-01-20 15:18:29,033 - INFO - Step 6: Entering password...
2026-01-20 15:18:35,614 - INFO - Successfully entered password
2026-01-20 15:18:37,615 - INFO - 🛡️ Checking for CAPTCHA iframe...
2026-01-20 15:18:37,630 - INFO - Found CAPTCHA iframe with XPath: //iframe[contains(@title, 'challenge') or contains(@title, 'CAPTCHA')]
2026-01-20 15:18:37,646 - INFO - ➡️ Focus switched to CAPTCHA iframe.
2026-01-20 15:18:38,951 - INFO - Found checkbox: recaptcha-anchor
2026-01-20 15:18:41,900 - INFO - ✅ Clicked checkbox: recaptcha-anchor
2026-01-20 15:19:25,294 - INFO - ✅ CAPTCHA checkbox clicked successfully
2026-01-20 15:19:25,295 - INFO - Step 7: Clicking Login submit button...
2026-01-20 15:19:33,594 - INFO - Successfully clicked Login submit button
2026-01-20 15:19:37,741 - INFO - Returned to app domain. URL: https://visas-fr.tlscontact.com/en-us/travel-groups
2026-01-20 15:19:37,748 - INFO - Post-login page marker detected (list/workflow link).
2026-01-20 15:19:42,261 - INFO - Step 8: Clicking Select button (dynamic formGroupId)...
2026-01-20 15:19:53,584 - INFO - ✅ Clicked Select. formGroupId value=24313450
2026-01-20 15:19:57,316 - INFO - Step 9: Waiting for service level page to load...
2026-01-20 15:19:57,322 - INFO - Successfully reached page containing: workflow/service-level
2026-01-20 15:20:01,818 - INFO - Successfully reached service level page (matched: workflow/service-level)
2026-01-20 15:20:01,818 - INFO - Step 10: Clicking Continue button...
2026-01-20 15:20:12,143 - INFO - Successfully clicked Continue button
2026-01-20 15:20:16,261 - INFO - === Checking CURRENT month ===
2026-01-20 15:20:16,262 - INFO - Step 11: Checking appointment availability...
2026-01-20 15:20:26,522 - INFO - Deleted existing screenshot: appointment_availability_check.png
2026-01-20 15:20:27,004 - INFO - Screenshot saved: appointment_availability_check.png
2026-01-20 15:20:27,022 - INFO - No appointment slots available message detected
2026-01-20 15:20:28,320 - INFO - === Checking NEXT month ===
2026-01-20 15:20:28,320 - INFO - Step 12: Looking for next month button...
2026-01-20 15:20:32,941 - INFO - Found next month button: February 2026
2026-01-20 15:20:33,704 - INFO - ✅ Automatically clicked: February 2026
2026-01-20 15:20:45,964 - INFO - Step 11: Checking appointment availability...
2026-01-20 15:20:56,207 - INFO - Deleted existing screenshot: appointment_availability_check.png
2026-01-20 15:20:56,626 - INFO - Screenshot saved: appointment_availability_check.png
2026-01-20 15:20:56,643 - INFO - No appointment slots available message detected
2026-01-20 15:21:27,420 - WARNING - Regular Telegram sendPhoto error: ('Connection aborted.', TimeoutError('The write operation timed out'))
2026-01-20 15:21:27,421 - INFO - 🎉 All automation steps completed successfully!
2026-01-20 15:21:27,421 - INFO - 🎉 All automation steps completed successfully!
2026-01-20 15:21:27,681 - INFO - 🔚 Browser closed.
2026-01-20 15:21:27,681 - INFO - ✅ Attempt #6 completed successfully!
2026-01-20 15:21:27,681 - INFO - 📊 Stats: 4 successes, 2 failures out of 6 total attempts
2026-01-20 15:21:27,681 - INFO - 🔄 Restarting immediately for next attempt...
2026-01-20 15:21:27,681 - INFO - 
============================================================
2026-01-20 15:21:27,681 - INFO - 🔄 ATTEMPT #7 - Starting at 2026-01-20 15:21:27
2026-01-20 15:21:27,681 - INFO - ============================================================
2026-01-20 15:21:27,681 - INFO - 🚀 Starting TLSContact Automation...
2026-01-20 15:21:27,681 - INFO - Initializing Chrome driver...
2026-01-20 15:21:28,788 - INFO - patching driver executable /Users/alex/Library/Application Support/undetected_chromedriver/undetected_chromedriver
2026-01-20 15:21:32,673 - INFO - ✅ Chrome driver initialized successfully!
2026-01-20 15:21:34,679 - INFO - 🌐 Navigating to: https://visas-fr.tlscontact.com/en-us/country/am/vac/amEVN2fr
2026-01-20 15:21:34,686 - ERROR - ❌ Navigation failed: Message: no such window: target window already closed
from unknown error: web view not found
  (Session info: chrome=143.0.7499.193)
Stacktrace:
0   undetected_chromedriver             0x000000010115e068 undetected_chromedriver + 6631528
1   undetected_chromedriver             0x0000000101154d1a undetected_chromedriver + 6593818
2   undetected_chromedriver             0x0000000100b75ccb undetected_chromedriver + 437451
3   undetected_chromedriver             0x0000000100b4a5f0 undetected_chromedriver + 259568
4   undetected_chromedriver             0x0000000100bf5918 undetected_chromedriver + 960792
5   undetected_chromedriver             0x0000000100c14d48 undetected_chromedriver + 1088840
6   undetected_chromedriver             0x0000000100bb9fb7 undetected_chromedriver + 716727
7   undetected_chromedriver             0x0000000100bbac81 undetected_chromedriver + 720001
8   undetected_chromedriver             0x000000010111b011 undetected_chromedriver + 6357009
9   undetected_chromedriver             0x000000010111f460 undetected_chromedriver + 6374496
10  undetected_chromedriver             0x00000001010f6023 undetected_chromedriver + 6205475
11  undetected_chromedriver             0x000000010111fed5 undetected_chromedriver + 6377173
12  undetected_chromedriver             0x00000001010e4f01 undetected_chromedriver + 6135553
13  undetected_chromedriver             0x0000000101141a98 undetected_chromedriver + 6515352
14  undetected_chromedriver             0x0000000101141c53 undetected_chromedriver + 6515795
15  undetected_chromedriver             0x000000010115491c undetected_chromedriver + 6592796
16  libsystem_pthread.dylib             0x00007ff810502e4d _pthread_start + 115
17  libsystem_pthread.dylib             0x00007ff8104fe857 thread_start + 15

2026-01-20 15:21:34,688 - ERROR - ❌ Both navigation attempts failed: Message: no such window: target window already closed
from unknown error: web view not found
  (Session info: chrome=143.0.7499.193)
Stacktrace:
0   undetected_chromedriver             0x000000010115e068 undetected_chromedriver + 6631528
1   undetected_chromedriver             0x0000000101154d1a undetected_chromedriver + 6593818
2   undetected_chromedriver             0x0000000100b75ccb undetected_chromedriver + 437451
3   undetected_chromedriver             0x0000000100b4a5f0 undetected_chromedriver + 259568
4   undetected_chromedriver             0x0000000100bf5918 undetected_chromedriver + 960792
5   undetected_chromedriver             0x0000000100c14d48 undetected_chromedriver + 1088840
6   undetected_chromedriver             0x0000000100bb9fb7 undetected_chromedriver + 716727
7   undetected_chromedriver             0x0000000100bbac81 undetected_chromedriver + 720001
8   undetected_chromedriver             0x000000010111b011 undetected_chromedriver + 6357009
9   undetected_chromedriver             0x000000010111f460 undetected_chromedriver + 6374496
10  undetected_chromedriver             0x00000001010f6023 undetected_chromedriver + 6205475
11  undetected_chromedriver             0x000000010111fed5 undetected_chromedriver + 6377173
12  undetected_chromedriver             0x00000001010e4f01 undetected_chromedriver + 6135553
13  undetected_chromedriver             0x0000000101141a98 undetected_chromedriver + 6515352
14  undetected_chromedriver             0x0000000101141c53 undetected_chromedriver + 6515795
15  undetected_chromedriver             0x000000010115491c undetected_chromedriver + 6592796
16  libsystem_pthread.dylib             0x00007ff810502e4d _pthread_start + 115
17  libsystem_pthread.dylib             0x00007ff8104fe857 thread_start + 15

2026-01-20 15:21:34,895 - INFO - 🔚 Browser closed.
2026-01-20 15:21:34,895 - ERROR - ❌ Attempt #7 failed!
2026-01-20 15:21:34,896 - INFO - 📊 Stats: 4 successes, 3 failures out of 7 total attempts
2026-01-20 15:21:34,896 - INFO - 🔄 Restarting immediately after failure...
2026-01-20 15:21:34,896 - INFO - 
============================================================
2026-01-20 15:21:34,896 - INFO - 🔄 ATTEMPT #8 - Starting at 2026-01-20 15:21:34
2026-01-20 15:21:34,896 - INFO - ============================================================
2026-01-20 15:21:34,896 - INFO - 🚀 Starting TLSContact Automation...
2026-01-20 15:21:34,896 - INFO - Initializing Chrome driver...
2026-01-20 15:21:35,963 - INFO - patching driver executable /Users/alex/Library/Application Support/undetected_chromedriver/undetected_chromedriver
2026-01-20 15:21:39,348 - INFO - ✅ Chrome driver initialized successfully!
2026-01-20 15:21:41,352 - INFO - 🌐 Navigating to: https://visas-fr.tlscontact.com/en-us/country/am/vac/amEVN2fr
2026-01-20 15:21:41,355 - ERROR - ❌ Navigation failed: Message: no such window: target window already closed
from unknown error: web view not found
  (Session info: chrome=143.0.7499.193)
Stacktrace:
0   undetected_chromedriver             0x0000000102afc068 undetected_chromedriver + 6631528
1   undetected_chromedriver             0x0000000102af2d1a undetected_chromedriver + 6593818
2   undetected_chromedriver             0x0000000102513ccb undetected_chromedriver + 437451
3   undetected_chromedriver             0x00000001024e85f0 undetected_chromedriver + 259568
4   undetected_chromedriver             0x0000000102593918 undetected_chromedriver + 960792
5   undetected_chromedriver             0x00000001025b2d48 undetected_chromedriver + 1088840
6   undetected_chromedriver             0x0000000102557fb7 undetected_chromedriver + 716727
7   undetected_chromedriver             0x0000000102558c81 undetected_chromedriver + 720001
8   undetected_chromedriver             0x0000000102ab9011 undetected_chromedriver + 6357009
9   undetected_chromedriver             0x0000000102abd460 undetected_chromedriver + 6374496
10  undetected_chromedriver             0x0000000102a94023 undetected_chromedriver + 6205475
11  undetected_chromedriver             0x0000000102abded5 undetected_chromedriver + 6377173
12  undetected_chromedriver             0x0000000102a82f01 undetected_chromedriver + 6135553
13  undetected_chromedriver             0x0000000102adfa98 undetected_chromedriver + 6515352
14  undetected_chromedriver             0x0000000102adfc53 undetected_chromedriver + 6515795
15  undetected_chromedriver             0x0000000102af291c undetected_chromedriver + 6592796
16  libsystem_pthread.dylib             0x00007ff810502e4d _pthread_start + 115
17  libsystem_pthread.dylib             0x00007ff8104fe857 thread_start + 15

2026-01-20 15:21:41,356 - ERROR - ❌ Both navigation attempts failed: Message: no such window: target window already closed
from unknown error: web view not found
  (Session info: chrome=143.0.7499.193)
Stacktrace:
0   undetected_chromedriver             0x0000000102afc068 undetected_chromedriver + 6631528
1   undetected_chromedriver             0x0000000102af2d1a undetected_chromedriver + 6593818
2   undetected_chromedriver             0x0000000102513ccb undetected_chromedriver + 437451
3   undetected_chromedriver             0x00000001024e85f0 undetected_chromedriver + 259568
4   undetected_chromedriver             0x0000000102593918 undetected_chromedriver + 960792
5   undetected_chromedriver             0x00000001025b2d48 undetected_chromedriver + 1088840
6   undetected_chromedriver             0x0000000102557fb7 undetected_chromedriver + 716727
7   undetected_chromedriver             0x0000000102558c81 undetected_chromedriver + 720001
8   undetected_chromedriver             0x0000000102ab9011 undetected_chromedriver + 6357009
9   undetected_chromedriver             0x0000000102abd460 undetected_chromedriver + 6374496
10  undetected_chromedriver             0x0000000102a94023 undetected_chromedriver + 6205475
11  undetected_chromedriver             0x0000000102abded5 undetected_chromedriver + 6377173
12  undetected_chromedriver             0x0000000102a82f01 undetected_chromedriver + 6135553
13  undetected_chromedriver             0x0000000102adfa98 undetected_chromedriver + 6515352
14  undetected_chromedriver             0x0000000102adfc53 undetected_chromedriver + 6515795
15  undetected_chromedriver             0x0000000102af291c undetected_chromedriver + 6592796
16  libsystem_pthread.dylib             0x00007ff810502e4d _pthread_start + 115
17  libsystem_pthread.dylib             0x00007ff8104fe857 thread_start + 15

2026-01-20 15:21:41,511 - INFO - 🔚 Browser closed.
2026-01-20 15:21:41,512 - ERROR - ❌ Attempt #8 failed!
2026-01-20 15:21:41,512 - INFO - 📊 Stats: 4 successes, 4 failures out of 8 total attempts
2026-01-20 15:21:41,512 - INFO - 🔄 Restarting immediately after failure...
2026-01-20 15:21:41,512 - INFO - 
============================================================
2026-01-20 15:21:41,512 - INFO - 🔄 ATTEMPT #9 - Starting at 2026-01-20 15:21:41
2026-01-20 15:21:41,512 - INFO - ============================================================
2026-01-20 15:21:41,512 - INFO - 🚀 Starting TLSContact Automation...
2026-01-20 15:21:41,512 - INFO - Initializing Chrome driver...
2026-01-20 15:21:41,806 - INFO - 
🛑 Automation stopped by user
2026-01-20 15:21:41,807 - INFO - 📊 Final Stats: 4 successes, 4 failures out of 9 total attempts
2026-01-20 15:21:41,807 - INFO - ensuring close
2026-01-20 15:21:41,807 - INFO - ensuring close
2026-01-20 15:21:41,807 - INFO - ensuring close
2026-01-20 15:21:41,807 - INFO - ensuring close
2026-01-20 15:21:41,807 - INFO - ensuring close
2026-01-20 15:21:41,807 - INFO - ensuring close
2026-01-20 15:21:41,807 - INFO - ensuring close
2026-01-20 15:21:41,807 - INFO - ensuring close
2026-01-20 15:21:41,807 - INFO - ensuring close
